ARM Linker, 5.03 [Build 24] [MDK-ARM Standard]

==============================================================================

Section Cross References

    main.o(.text) refers to os_time.o(.text) for OSTimeDly
    main.o(.text) refers to signal_manage.o(.text) for HandleInterrupt
    main.o(.text) refers to sensor_processor.o(.text) for InitSensor
    main.o(.text) refers to gait_generate.o(.text) for InitGaitGeneration
    main.o(.text) refers to dxl_protocol.o(.text) for InitDxlControl
    main.o(.text) refers to rt_memclr_w.o(.text) for __aeabi_memclr4
    main.o(.text) refers to com_protocol.o(.text) for WaitCOMWholePacket
    main.o(.text) refers to uart_driver.o(.text) for SendPacket
    main.o(.text) refers to target.o(.text) for targetInit
    main.o(.text) refers to lpc1700pincfg.o(.text) for pinInit
    main.o(.text) refers to flash_driver.o(.text) for SSP0_init
    main.o(.text) refers to adc_driver.o(.text) for InitAdc
    main.o(.text) refers to i2c_driver.o(.text) for I2CInit
    main.o(.text) refers to flash_filesystem.o(.text) for InitFileSystem
    main.o(.text) refers to os_core.o(.text) for OSInit
    main.o(.text) refers to os_mutex.o(.text) for OSMutexCreate
    main.o(.text) refers to os_sem.o(.text) for OSSemCreate
    main.o(.text) refers to os_q.o(.text) for OSQCreate
    main.o(.text) refers to os_task.o(.text) for OSTaskCreate
    main.o(.text) refers to signal_manage.o(.data) for isTimerInterruptEnable
    main.o(.text) refers to main.o(.bss) for packet
    main.o(.text) refers to main.o(.data) for plckSendPacket
    com_protocol.o(.text) refers to os_time.o(.text) for OSTimeGet
    com_protocol.o(.text) refers to uart_driver.o(.text) for GetChar
    com_protocol.o(.text) refers to dxl_protocol.o(.text) for ServoTorqueEnable
    com_protocol.o(.text) refers to gait_generate.o(.text) for ExecuteConfiguration
    com_protocol.o(.text) refers to flash_filesystem.o(.text) for CloseAll
    com_protocol.o(.text) refers to sensor_processor.o(.text) for GetSensorRawResult
    com_protocol.o(.text) refers to com_protocol.o(.data) for inter
    com_protocol.o(.text) refers to signal_manage.o(.data) for isADCInterruptEnable
    com_protocol.o(.text) refers to rt_memclr.o(.text) for __aeabi_memclr
    uart_driver.o(.text) refers to os_core.o(.text) for OSIntEnter
    uart_driver.o(.text) refers to os_sem.o(.text) for OSSemPost
    uart_driver.o(.text) refers to os_q.o(.text) for OSQPost
    uart_driver.o(.text) refers to zy_if.o(.text) for zyIsrSet
    uart_driver.o(.text) refers to os_mutex.o(.text) for OSMutexPend
    uart_driver.o(.text) refers to os_time.o(.text) for OSTimeDly
    uart_driver.o(.text) refers to main.o(.data) for psemTxEmpty
    dxl_protocol.o(.text) refers to uart_driver.o(.text) for GetDXLChar
    dxl_protocol.o(.text) refers to os_mutex.o(.text) for OSMutexPend
    dxl_protocol.o(.text) refers to gait_generate.o(.text) for GetNextConfigurationWithPose
    dxl_protocol.o(.text) refers to dxl_protocol.o(.bss) for currentBodyState
    dxl_protocol.o(.text) refers to dxl_protocol.o(.data) for isRegisterCommandSent
    dxl_protocol.o(.text) refers to main.o(.data) for plckSendDxlPacket
    flash_driver.o(.text) refers to os_core.o(.text) for OSIntEnter
    flash_driver.o(.text) refers to os_sem.o(.text) for OSSemPost
    flash_driver.o(.text) refers to zy_if.o(.text) for zyIsrSet
    flash_driver.o(.text) refers to os_time.o(.text) for OSTimeDly
    flash_driver.o(.text) refers to main.o(.data) for pSemSPIA
    adc_driver.o(.text) refers to os_time.o(.text) for OSTimeDly
    signal_manage.o(.text) refers to os_sem.o(.text) for OSSemPend
    signal_manage.o(.text) refers to main.o(.data) for pSemADC
    signal_manage.o(.text) refers to signal_manage.o(.data) for isADCInterruptEnable
    sensor_processor.o(.text) refers to flash_filesystem.o(.text) for CloseAll
    sensor_processor.o(.text) refers to os_mutex.o(.text) for OSMutexPend
    sensor_processor.o(.text) refers to rt_memcpy_v6.o(.text) for __aeabi_memcpy
    sensor_processor.o(.text) refers to os_time.o(.text) for OSTimeDly
    sensor_processor.o(.text) refers to i2c_driver.o(.text) for I2C_WriteNByte
    sensor_processor.o(.text) refers to rt_memclr.o(.text) for __aeabi_memclr
    sensor_processor.o(.text) refers to rt_memclr_w.o(.text) for __aeabi_memclr4
    sensor_processor.o(.text) refers to f2d.o(x$fpl$f2d) for __aeabi_f2d
    sensor_processor.o(.text) refers to cos.o(i.cos) for cos
    sensor_processor.o(.text) refers to d2f.o(x$fpl$d2f) for __aeabi_d2f
    sensor_processor.o(.text) refers to sin.o(i.sin) for sin
    sensor_processor.o(.text) refers to fmul.o(x$fpl$fmul) for __aeabi_fmul
    sensor_processor.o(.text) refers to faddsub_clz.o(x$fpl$fadd) for __aeabi_fadd
    sensor_processor.o(.text) refers to faddsub_clz.o(x$fpl$fsub) for __aeabi_fsub
    sensor_processor.o(.text) refers to atan2.o(i.atan2) for atan2
    sensor_processor.o(.text) refers to fleqf.o(x$fpl$fleqf) for __aeabi_cfcmple
[...]
    _dadd1                                   0x0000b8b5   Thumb Code     0  daddsub_clz.o(x$fpl$dadd)
    x$fpl$dcheck1                            0x0000b9f4   Section       16  dcheck1.o(x$fpl$dcheck1)
    x$fpl$dcmpinf                            0x0000ba04   Section       24  dcmpi.o(x$fpl$dcmpinf)
    x$fpl$ddiv                               0x0000ba1c   Section      688  ddiv.o(x$fpl$ddiv)
    ddiv_entry                               0x0000ba23   Thumb Code     0  ddiv.o(x$fpl$ddiv)
    x$fpl$dfix                               0x0000bccc   Section       94  dfix.o(x$fpl$dfix)
    x$fpl$dflt                               0x0000bd2a   Section       46  dflt_clz.o(x$fpl$dflt)
    x$fpl$dfltu                              0x0000bd58   Section       38  dflt_clz.o(x$fpl$dfltu)
    x$fpl$dleqf                              0x0000bd80   Section      120  dleqf.o(x$fpl$dleqf)
    x$fpl$dmul                               0x0000bdf8   Section      340  dmul.o(x$fpl$dmul)
    x$fpl$dnaninf                            0x0000bf4c   Section      156  dnaninf.o(x$fpl$dnaninf)
    x$fpl$dretinf                            0x0000bfe8   Section       12  dretinf.o(x$fpl$dretinf)
    x$fpl$drleqf                             0x0000bff4   Section      108  drleqf.o(x$fpl$drleqf)
    x$fpl$drsb                               0x0000c060   Section       22  daddsub_clz.o(x$fpl$drsb)
    x$fpl$dsqrt                              0x0000c078   Section      460  dsqrt_noumaal.o(x$fpl$dsqrt)
    x$fpl$dsub                               0x0000c244   Section      468  daddsub_clz.o(x$fpl$dsub)
    _dsub1                                   0x0000c255   Thumb Code     0  daddsub_clz.o(x$fpl$dsub)
    x$fpl$f2d                                0x0000c418   Section       86  f2d.o(x$fpl$f2d)
    x$fpl$fadd                               0x0000c470   Section      196  faddsub_clz.o(x$fpl$fadd)
    _fadd1                                   0x0000c47f   Thumb Code     0  faddsub_clz.o(x$fpl$fadd)
    x$fpl$fcmpinf                            0x0000c534   Section       24  fcmpi.o(x$fpl$fcmpinf)
    x$fpl$fdiv                               0x0000c54c   Section      388  fdiv.o(x$fpl$fdiv)
    _fdiv1                                   0x0000c54d   Thumb Code     0  fdiv.o(x$fpl$fdiv)
    x$fpl$ffix                               0x0000c6d0   Section       54  ffix.o(x$fpl$ffix)
    x$fpl$fflt                               0x0000c708   Section       48  fflt_clz.o(x$fpl$fflt)
    x$fpl$fleqf                              0x0000c738   Section      104  fleqf.o(x$fpl$fleqf)
    x$fpl$fmul                               0x0000c7a0   Section      258  fmul.o(x$fpl$fmul)
    x$fpl$fnaninf                            0x0000c8a2   Section      140  fnaninf.o(x$fpl$fnaninf)
    x$fpl$fretinf                            0x0000c92e   Section       10  fretinf.o(x$fpl$fretinf)
    x$fpl$frleqf                             0x0000c938   Section       98  frleqf.o(x$fpl$frleqf)
    x$fpl$fsub                               0x0000c99c   Section      234  faddsub_clz.o(x$fpl$fsub)
    _fsub1                                   0x0000c9ab   Thumb Code     0  faddsub_clz.o(x$fpl$fsub)
    x$fpl$retnan                             0x0000ca86   Section      100  retnan.o(x$fpl$retnan)
    x$fpl$scalbn                             0x0000caea   Section       92  scalbn.o(x$fpl$scalbn)
    x$fpl$trapveneer                         0x0000cb46   Section       48  trapv.o(x$fpl$trapveneer)
    .constdata                               0x0000cb76   Section     2636  fast_math.o(.constdata)
    x$fpl$usenofp                            0x0000cb76   Section        0  usenofp.o(x$fpl$usenofp)
    .constdata                               0x0000d5c2   Section      264  os_core.o(.constdata)
    .constdata                               0x0000d6d0   Section       80  asin.o(.constdata)
    pS                                       0x0000d6d0   Data          48  asin.o(.constdata)
    qS                                       0x0000d700   Data          32  asin.o(.constdata)
    .constdata                               0x0000d720   Section       12  _monlen.o(.constdata)
    .constdata                               0x0000d730   Section      152  atan.o(.constdata)
    atanhi                                   0x0000d730   Data          32  atan.o(.constdata)
    atanlo                                   0x0000d750   Data          32  atan.o(.constdata)
    aTodd                                    0x0000d770   Data          40  atan.o(.constdata)
    aTeven                                   0x0000d798   Data          48  atan.o(.constdata)
    .constdata                               0x0000d7c8   Section       48  cos_i.o(.constdata)
    C                                        0x0000d7c8   Data          48  cos_i.o(.constdata)
    .constdata                               0x0000d7f8   Section        8  qnan.o(.constdata)
    .constdata                               0x0000d800   Section      200  rred.o(.constdata)
    pio2s                                    0x0000d800   Data          48  rred.o(.constdata)
    twooverpi                                0x0000d830   Data         152  rred.o(.constdata)
    .constdata                               0x0000d8c8   Section       40  sin_i.o(.constdata)
    S                                        0x0000d8c8   Data          40  sin_i.o(.constdata)
    .data                                    0x10000000   Section      204  vector_table.o(.data)
    .data                                    0x100000cc   Section       60  main.o(.data)
    .data                                    0x10000108   Section        6  com_protocol.o(.data)
    inter                                    0x10000108   Data           4  com_protocol.o(.data)
    fs                                       0x1000010c   Data           2  com_protocol.o(.data)
    .data                                    0x1000010e   Section        2  dxl_protocol.o(.data)
    .data                                    0x10000110   Section        2  signal_manage.o(.data)
    .data                                    0x10000114   Section       22  sensor_processor.o(.data)
    .data                                    0x1000012a   Section       34  gait_generate.o(.data)
    buffer                                   0x1000012a   Data           6  gait_generate.o(.data)
    buffer                                   0x10000130   Data           6  gait_generate.o(.data)
    .data                                    0x1000014c   Section       54  i2c_driver.o(.data)
    .data                                    0x10000184   Section       76  realdcm.o(.data)
    .data                                    0x100001d0   Section       76  os_core.o(.data)
    .data                                    0x1000021c   Section        4  os_cpu_c.o(.data)
    .data                                    0x10000220   Section        4  heapauxa.o(.data)
    __rt_heap_escrow_base                    0x10000220   Data           4  heapauxa.o(.data)
    .bss                                     0x10000224   Section     5301  main.o(.bss)
    .bss                                     0x100016da   Section      156  dxl_protocol.o(.bss)
    .bss                                     0x10001778   Section       96  sensor_processor.o(.bss)
    .bss                                     0x100017d8   Section      802  flash_filesystem.o(.bss)
    .bss                                     0x10001afc   Section     2544  gait_generate.o(.bss)
    tempGaitFrame                            0x10001afc   Data         128  gait_generate.o(.bss)
    .bss                                     0x100024ec   Section      168  realdcm.o(.bss)
    Scaled_Omega_P                           0x1000257c   Data          12  realdcm.o(.bss)
    Scaled_Omega_I                           0x10002588   Data          12  realdcm.o(.bss)
    .bss                                     0x10002594   Section     5304  os_core.o(.bss)
    .bss                                     0x10003a4c   Section       96  libspace.o(.bss)
    Heap                                     0x10003aac   Section        0  rt_sys_s.o(Heap)
    bottom_of_heap                           0x10003aac   Data           0  rt_sys_s.o(Heap)

    Global Symbols

    Symbol Name                              Value     Ov Type        Size  Object(Section)

    BuildAttributes$$THM_ISAv4$P$D$K$B$S$PE$A:L22UL41UL21$X:L11$S22US41US21$IEEE1$IW$USESV6$~STKCKD$USESV7$~SHL$OTIME$ROPI$IEEEX$EBA8$UX$STANDARDLIB$REQ8$PRES8$EABIv2 0x00000000   Number         0  anon$$obj.o ABSOLUTE
    __ARM_use_no_argv                        0x00000000   Number         0  main.o ABSOLUTE
    __GpvVectorRom                           0x00000000   Data          48  vector_table.o(.constdata)
    __ARM_exceptions_init                     - Undefined Weak Reference
    __alloca_initialize                       - Undefined Weak Reference
    __cpp_initialize__aeabi_                  - Undefined Weak Reference
    __cxa_finalize                            - Undefined Weak Reference
    __rt_locale                               - Undefined Weak Reference
    __sigvec_lookup                           - Undefined Weak Reference
    __user_heap_extent                        - Undefined Weak Reference
    _atexit_init                              - Undefined Weak Reference
    _call_atexit_fns                          - Undefined Weak Reference
    _clock_init                               - Undefined Weak Reference
    _fp_trap_init                             - Undefined Weak Reference
    _fp_trap_shutdown                         - Undefined Weak Reference
    _get_lc_collate                           - Undefined Weak Reference
    _get_lc_ctype                             - Undefined Weak Reference
    _get_lc_monetary                          - Undefined Weak Reference
    _get_lc_numeric                           - Undefined Weak Reference
    _get_lc_time                              - Undefined Weak Reference
    _getenv_init                              - Undefined Weak Reference
    _handle_redirection                       - Undefined Weak Reference
    _initio                                   - Undefined Weak Reference
    _mutex_acquire                            - Undefined Weak Reference
    _mutex_free                               - Undefined Weak Reference
    _mutex_release                            - Undefined Weak Reference
    _rand_init                                - Undefined Weak Reference
    _signal_finish                            - Undefined Weak Reference
    _signal_init                              - Undefined Weak Reference
    _terminateio                              - Undefined Weak Reference
    __main                                   0x00000031   Thumb Code     8  __main.o(!!!main)
    __scatterload                            0x00000039   Thumb Code     0  __scatter.o(!!!scatter)
    __scatterload_rt2                        0x00000039   Thumb Code    44  __scatter.o(!!!scatter)
    __scatterload_rt2_thumb_only             0x00000039   Thumb Code     0  __scatter.o(!!!scatter)
    __scatterload_null                       0x00000047   Thumb Code     0  __scatter.o(!!!scatter)
    __decompress                             0x0000006d   Thumb Code    90  __dczerorl2.o(!!dczerorl2)
    __decompress1                            0x0000006d   Thumb Code     0  __dczerorl2.o(!!dczerorl2)
    __scatterload_copy                       0x000000c9   Thumb Code    26  __scatter_copy.o(!!handler_copy)
    __scatterload_zeroinit                   0x000000e5   Thumb Code    28  __scatter_zi.o(!!handler_zi)
    __rt_lib_init                            0x00000101   Thumb Code     0  libinit.o(.ARM.Collect$$libinit$$00000000)
    __rt_lib_init_fp_1                       0x00000103   Thumb Code     0  libinit2.o(.ARM.Collect$$libinit$$00000002)
    __rt_lib_init_heap_2                     0x00000103   Thumb Code     0  libinit2.o(.ARM.Collect$$libinit$$00000003)
    __rt_lib_init_alloca_1                   0x0000010b   Thumb Code     0  libinit2.o(.ARM.Collect$$libinit$$0000002C)
    __rt_lib_init_argv_1                     0x0000010b   Thumb Code     0  libinit2.o(.ARM.Collect$$libinit$$0000002A)
    __rt_lib_init_atexit_1                   0x0000010b   Thumb Code     0  libinit2.o(.ARM.Collect$$libinit$$00000019)
    __rt_lib_init_clock_1                    0x0000010b   Thumb Code     0  libinit2.o(.ARM.Collect$$libinit$$0000001F)
    __rt_lib_init_cpp_1                      0x0000010b   Thumb Code     0  libinit2.o(.ARM.Collect$$libinit$$00000030)
    __rt_lib_init_exceptions_1               0x0000010b   Thumb Code     0  libinit2.o(.ARM.Collect$$libinit$$0000002E)
    __rt_lib_init_fp_trap_1                  0x0000010b   Thumb Code     0  libinit2.o(.ARM.Collect$$libinit$$0000001D)
    __rt_lib_init_getenv_1                   0x0000010b   Thumb Code     0  libinit2.o(.ARM.Collect$$libinit$$00000021)
    __rt_lib_init_heap_1                     0x0000010b   Thumb Code     0  libinit2.o(.ARM.Collect$$libinit$$00000008)
    __rt_lib_init_lc_collate_1               0x0000010b   Thumb Code     0  libinit2.o(.ARM.Collect$$libinit$$0000000F)
    __rt_lib_init_lc_ctype_1                 0x0000010b   Thumb Code     0  libinit2.o(.ARM.Collect$$libinit$$00000011)
    __rt_lib_init_lc_monetary_1              0x0000010b   Thumb Code     0  libinit2.o(.ARM.Collect$$libinit$$00000013)
    __rt_lib_init_lc_numeric_1               0x0000010b   Thumb Code     0  libinit2.o(.ARM.Collect$$libinit$$00000015)
    __rt_lib_init_lc_time_1                  0x0000010b   Thumb Code     0  libinit2.o(.ARM.Collect$$libinit$$00000017)
    __rt_lib_init_rand_1                     0x0000010b   Thumb Code     0  libinit2.o(.ARM.Collect$$libinit$$0000000C)
    __rt_lib_init_return                     0x0000010b   Thumb Code     0  libinit2.o(.ARM.Collect$$libinit$$00000031)
    __rt_lib_init_signal_1                   0x0000010b   Thumb Code     0  libinit2.o(.ARM.Collect$$libinit$$0000001B)
    __rt_lib_init_stdio_1                    0x0000010b   Thumb Code     0  libinit2.o(.ARM.Collect$$libinit$$00000023)
    __rt_lib_init_user_alloc_1               0x0000010b   Thumb Code     0  libinit2.o(.ARM.Collect$$libinit$$0000000A)
    __rt_lib_shutdown                        0x0000010d   Thumb Code     0  libshutdown.o(.ARM.Collect$$libshutdown$$00000000)
    __rt_lib_shutdown_fp_trap_1              0x0000010f   Thumb Code     0  libshutdown2.o(.ARM.Collect$$libshutdown$$00000006)
    __rt_lib_shutdown_heap_1                 0x0000010f   Thumb Code     0  libshutdown2.o(.ARM.Collect$$libshutdown$$0000000E)
    __rt_lib_shutdown_return                 0x0000010f   Thumb Code     0  libshutdown2.o(.ARM.Collect$$libshutdown$$0000000F)
    __rt_lib_shutdown_signal_1               0x0000010f   Thumb Code     0  libshutdown2.o(.ARM.Collect$$libshutdown$$00000009)
    __rt_lib_shutdown_stdio_1                0x0000010f   Thumb Code     0  libshutdown2.o(.ARM.Collect$$libshutdown$$00000003)
    __rt_lib_shutdown_user_alloc_1           0x0000010f   Thumb Code     0  libshutdown2.o(.ARM.Collect$$libshutdown$$0000000B)
    __rt_entry                               0x00000111   Thumb Code     0  rtentry.o(.ARM.Collect$$rtentry$$00000000)
    __rt_entry_presh_1                       0x00000111   Thumb Code     0  rtentry2.o(.ARM.Collect$$rtentry$$00000002)
    __rt_entry_sh                            0x00000111   Thumb Code     0  rtentry4.o(.ARM.Collect$$rtentry$$00000004)
    __rt_entry_li                            0x00000117   Thumb Code     0  rtentry2.o(.ARM.Collect$$rtentry$$0000000A)
    __rt_entry_postsh_1                      0x00000117   Thumb Code     0  rtentry2.o(.ARM.Collect$$rtentry$$00000009)
    __rt_entry_main                          0x0000011b   Thumb Code     0  rtentry2.o(.ARM.Collect$$rtentry$$0000000D)
    __rt_entry_postli_1                      0x0000011b   Thumb Code     0  rtentry2.o(.ARM.Collect$$rtentry$$0000000C)
    __rt_exit                                0x00000123   Thumb Code     0  rtexit.o(.ARM.Collect$$rtexit$$00000000)
    __rt_exit_ls                             0x00000125   Thumb Code     0  rtexit2.o(.ARM.Collect$$rtexit$$00000003)
    __rt_exit_prels_1                        0x00000125   Thumb Code     0  rtexit2.o(.ARM.Collect$$rtexit$$00000002)
    __rt_exit_exit                           0x00000129   Thumb Code     0  rtexit2.o(.ARM.Collect$$rtexit$$00000004)
    svcallHandle                             0x00000131   Thumb Code    36  os_cpu_c.o(.emb_text)
    __OSStartHighRdy                         0x00000155   Thumb Code    10  os_cpu_c.o(.emb_text)
    __s_OSStartHighRdy                       0x0000015f   Thumb Code    42  os_cpu_c.o(.emb_text)
    __s_OSCtxSw                              0x00000199   Thumb Code    80  os_cpu_c.o(.emb_text)
    __s_OS_ENTER_CRITICAL                    0x000001fd   Thumb Code    28  os_cpu_c.o(.emb_text)
    __s_OS_EXIT_CRITICAL                     0x0000021d   Thumb Code    28  os_cpu_c.o(.emb_text)
    __s_changeToSYSMode                      0x0000023d   Thumb Code    10  os_cpu_c.o(.emb_text)
    changeToUSRMode                          0x00000247   Thumb Code    10  os_cpu_c.o(.emb_text)
    taskEntry                                0x00000251   Thumb Code    10  os_cpu_c.o(.emb_text)
    _maybe_terminate_alloc                   0x0000025d   Thumb Code     0  maybetermalloc1.o(.emb_text)
    mainTask                                 0x0000025d   Thumb Code    70  main.o(.text)
    task_adc                                 0x000002a3   Thumb Code    18  main.o(.text)
    task_gaitgen                             0x000002b5   Thumb Code    14  main.o(.text)
    task_dxl                                 0x000002c3   Thumb Code    22  main.o(.text)
    task_com                                 0x000002d9   Thumb Code    62  main.o(.text)
    main                                     0x00000317   Thumb Code   284  main.o(.text)
    GetCOMHead                               0x000004a5   Thumb Code    12  com_protocol.o(.text)
    ConstructCOMPacket                       0x000004b1   Thumb Code    52  com_protocol.o(.text)
    COMPacketCheck                           0x000004e5   Thumb Code    58  com_protocol.o(.text)
    MakeCOMWholePacket                       0x0000051f   Thumb Code   122  com_protocol.o(.text)
    WaitCOMWholePacket                       0x00000599   Thumb Code    82  com_protocol.o(.text)
    HandleOtherState                         0x000005eb   Thumb Code    86  com_protocol.o(.text)
    HandleInstPacket                         0x00000641   Thumb Code  1110  com_protocol.o(.text)
    UART0_IRQHandler                         0x00000a99   Thumb Code   116  uart_driver.o(.text)
    UART0_Init                               0x00000b0d   Thumb Code    76  uart_driver.o(.text)
    SendPacket                               0x00000b59   Thumb Code   134  uart_driver.o(.text)
    GetChar                                  0x00000bdf   Thumb Code    36  uart_driver.o(.text)
    UART3_IRQHandler                         0x00000c03   Thumb Code   116  uart_driver.o(.text)
    SendDXLPacket                            0x00000c77   Thumb Code   114  uart_driver.o(.text)
    GetDXLChar                               0x00000ce9   Thumb Code    36  uart_driver.o(.text)
    ChangeDXLDirection                       0x00000d0d   Thumb Code   128  uart_driver.o(.text)
    UART3_Init                               0x00000d8d   Thumb Code    74  uart_driver.o(.text)
    InitSci                                  0x00000dd7   Thumb Code    12  uart_driver.o(.text)
    InitDxlControl                           0x00000e0d   Thumb Code    30  dxl_protocol.o(.text)
    GetDXLHead                               0x00000e2b   Thumb Code    12  dxl_protocol.o(.text)
    ConstructDXLPacket                       0x00000e37   Thumb Code    52  dxl_protocol.o(.text)
    DXLPacketCheck                           0x00000e6b   Thumb Code    58  dxl_protocol.o(.text)
    MakeDXLWholePacket                       0x00000ea5   Thumb Code   100  dxl_protocol.o(.text)
    WaitDXLWholePacket                       0x00000f09   Thumb Code    42  dxl_protocol.o(.text)
    HandleDXLControl                         0x00000f33   Thumb Code   278  dxl_protocol.o(.text)
    HandleTorsoPose                          0x00001049   Thumb Code    40  dxl_protocol.o(.text)
    GetGeneratedRobotpose                    0x00001071   Thumb Code    46  dxl_protocol.o(.text)
    TakeSingleAction                         0x0000109f   Thumb Code   106  dxl_protocol.o(.text)
    ServoTorqueEnable                        0x00001109   Thumb Code   284  dxl_protocol.o(.text)
    SSP0_IRQHandler                          0x00001225   Thumb Code    30  flash_driver.o(.text)
    SSP0_init                                0x00001243   Thumb Code    74  flash_driver.o(.text)
    WriteFlashPage                           0x0000128d   Thumb Code   224  flash_driver.o(.text)
    ReadFlashPage                            0x0000136d   Thumb Code   246  flash_driver.o(.text)
    SpiFlashProgram                          0x00001463   Thumb Code    58  flash_driver.o(.text)
    SpiFlashRead                             0x0000149d   Thumb Code    58  flash_driver.o(.text)
    InitAdc                                  0x000014f1   Thumb Code    12  adc_driver.o(.text)
    ReadADCResult                            0x000014fd   Thumb Code    84  adc_driver.o(.text)
    WaitADCInterrupt                         0x0000155d   Thumb Code    20  signal_manage.o(.text)
    WaitDXLInterrupt                         0x00001571   Thumb Code    20  signal_manage.o(.text)
    HandleInterrupt                          0x00001585   Thumb Code    32  signal_manage.o(.text)
    StoreCalibrationToFlash                  0x000015b5   Thumb Code   126  sensor_processor.o(.text)
    LoadCalibrationFromFlash                 0x00001633   Thumb Code    70  sensor_processor.o(.text)
    IntializeCalibration                     0x00001679   Thumb Code    98  sensor_processor.o(.text)
    InitSensor                               0x000016db   Thumb Code   302  sensor_processor.o(.text)
    Compass_Heading                          0x00001809   Thumb Code   282  sensor_processor.o(.text)
    ConstrainMag                             0x00001923   Thumb Code    56  sensor_processor.o(.text)
    ConstrainAccel                           0x0000195b   Thumb Code     6  sensor_processor.o(.text)
    ConstrainGyro                            0x00001961   Thumb Code     6  sensor_processor.o(.text)
    HandleSensor                             0x00001967   Thumb Code  1004  sensor_processor.o(.text)
    GetSensorRawResult                       0x00001d53   Thumb Code    80  sensor_processor.o(.text)
    GetSensorResult                          0x00001da3   Thumb Code    50  sensor_processor.o(.text)
    HandleSensorFeedback                     0x00001dd5   Thumb Code    50  sensor_processor.o(.text)
    SQRT16                                   0x00001e31   Thumb Code    70  fast_math.o(.text)
    SIN                                      0x00001e77   Thumb Code    66  fast_math.o(.text)
    COS                                      0x00001eb9   Thumb Code    76  fast_math.o(.text)
    ARCTAN2                                  0x00001f05   Thumb Code   108  fast_math.o(.text)
    InitFileSystem                           0x00001f79   Thumb Code    80  flash_filesystem.o(.text)
    Open                                     0x00001fc9   Thumb Code   100  flash_filesystem.o(.text)
    Read                                     0x0000202d   Thumb Code   764  flash_filesystem.o(.text)
    Write                                    0x00002329   Thumb Code   814  flash_filesystem.o(.text)
    Close                                    0x00002657   Thumb Code   180  flash_filesystem.o(.text)
    CloseAll                                 0x0000270b   Thumb Code    26  flash_filesystem.o(.text)
    FillInHomoMatrixRPY                      0x0000272d   Thumb Code   454  fast_kinematics.o(.text)
    FillInHomoMatrixRPYRev                   0x000028f3   Thumb Code   454  fast_kinematics.o(.text)
    FillInBaseMatrixRev                      0x00002ab9   Thumb Code   144  fast_kinematics.o(.text)
    MultiHomoMatrix                          0x00002b49   Thumb Code   188  fast_kinematics.o(.text)
    CalRelativeVector                        0x00002c05   Thumb Code   106  fast_kinematics.o(.text)
    GetInverseKine                           0x00002c6f   Thumb Code  1026  fast_kinematics.o(.text)
    InitGaitGeneration                       0x00003075   Thumb Code    86  gait_generate.o(.text)
    AddGaitData                              0x000030cb   Thumb Code   218  gait_generate.o(.text)
    AddGaitDataWithPose                      0x000031a5   Thumb Code   394  gait_generate.o(.text)
    WaitUntilQueueLen                        0x0000332f   Thumb Code   110  gait_generate.o(.text)
    AddNewGaitWithPose                       0x0000339d   Thumb Code   558  gait_generate.o(.text)
    AddNewGait                               0x000035cb   Thumb Code   274  gait_generate.o(.text)
    ModifyToTurnningAngle                    0x000036dd   Thumb Code   102  gait_generate.o(.text)
    ExecuteWalkKick                          0x00003743   Thumb Code   258  gait_generate.o(.text)
    WalkKickControlStep                      0x00003845   Thumb Code  1388  gait_generate.o(.text)
    WalkingSpeedControl                      0x00003db1   Thumb Code   574  gait_generate.o(.text)
    SingleStepControl                        0x00003fef   Thumb Code   372  gait_generate.o(.text)
    FillInStepParameter                      0x00004163   Thumb Code  1310  gait_generate.o(.text)
    FillInStepParameterWalkKick              0x00004681   Thumb Code  1318  gait_generate.o(.text)
    GetArmSwing                              0x00004ba7   Thumb Code   188  gait_generate.o(.text)
    ChangeFoot                               0x00004c63   Thumb Code   298  gait_generate.o(.text)
    UpdateOdometer                           0x00004d8d   Thumb Code   382  gait_generate.o(.text)
    GenerateGaitStep                         0x00004f0b   Thumb Code  4216  gait_generate.o(.text)
    HandleGaitInst                           0x00005f83   Thumb Code   496  gait_generate.o(.text)
    HandleHeadMoving                         0x00006173   Thumb Code   360  gait_generate.o(.text)
    ExecuteGaitDirectionExt                  0x000062db   Thumb Code    62  gait_generate.o(.text)
    ExecuteGait                              0x00006319   Thumb Code    60  gait_generate.o(.text)
    SmoothConfiguration                      0x00006355   Thumb Code   178  gait_generate.o(.text)
    ExecuteConfiguration                     0x00006407   Thumb Code   112  gait_generate.o(.text)
    HandleOdometer                           0x00006477   Thumb Code    84  gait_generate.o(.text)
    GetNextConfiguration                     0x000064cb   Thumb Code   410  gait_generate.o(.text)
    GetNextConfigurationWithPose             0x00006665   Thumb Code  1012  gait_generate.o(.text)
    I2C0_IRQHandler                          0x00006a69   Thumb Code   540  i2c_driver.o(.text)
    I2CInit                                  0x00006c85   Thumb Code    48  i2c_driver.o(.text)
    I2C_WriteNByte                           0x00006cb5   Thumb Code   138  i2c_driver.o(.text)
    I2C_ReadNByte                            0x00006d3f   Thumb Code   146  i2c_driver.o(.text)
    Matrix_Multiply                          0x00006df5   Thumb Code   124  matrix.o(.text)
    constrain                                0x00006e71   Thumb Code    44  realdcm.o(.text)
    Normalize                                0x00006e9d   Thumb Code   582  realdcm.o(.text)
    Drift_correction                         0x000070e3   Thumb Code   568  realdcm.o(.text)
    Matrix_update                            0x0000731b   Thumb Code   352  realdcm.o(.text)
    Euler_angles                             0x0000747b   Thumb Code   116  realdcm.o(.text)
    Vector_Dot_Product                       0x00007531   Thumb Code    50  vector.o(.text)
    Vector_Cross_Product                     0x00007563   Thumb Code    98  vector.o(.text)
    Vector_Scale                             0x000075c5   Thumb Code    40  vector.o(.text)
    Vector_Add                               0x000075ed   Thumb Code    42  vector.o(.text)
    pinInit                                  0x00007619   Thumb Code    64  lpc1700pincfg.o(.text)
    pconpInit                                0x00007659   Thumb Code     8  lpc1700pincfg.o(.text)
    defaultVectorHandle                      0x0000767d   Thumb Code     4  target.o(.text)
    targetInit                               0x00007681   Thumb Code   326  target.o(.text)
    zyIfInit                                 0x00007801   Thumb Code     4  zy_if.o(.text)
    zyReset                                  0x00007805   Thumb Code    50  zy_if.o(.text)
    zyIrqDisable                             0x00007837   Thumb Code     8  zy_if.o(.text)
    zyIrqEnable                              0x0000783f   Thumb Code     8  zy_if.o(.text)
    zyIsrSet                                 0x00007847   Thumb Code   176  zy_if.o(.text)
    __s_zyIsrClr                             0x000078f7   Thumb Code   174  zy_if.o(.text)
    __s_zyIsrDisable                         0x000079a5   Thumb Code   152  zy_if.o(.text)
    zyIsrEnable                              0x00007a3d   Thumb Code   142  zy_if.o(.text)
    zyHeapMalloc                             0x00007acb   Thumb Code    26  zy_if.o(.text)
    zyHeapFree                               0x00007ae5   Thumb Code    22  zy_if.o(.text)
    zyThreadCreate                           0x00007afb   Thumb Code    72  zy_if.o(.text)
    zyThreadGetCurId                         0x00007b43   Thumb Code     6  zy_if.o(.text)
    zyThreadDel                              0x00007b49   Thumb Code    70  zy_if.o(.text)
    zyThreadSuspendSelf                      0x00007b8f   Thumb Code    12  zy_if.o(.text)
    zyThreadResume                           0x00007b9b   Thumb Code    18  zy_if.o(.text)
    zyThreadSuspendCheck                     0x00007bad   Thumb Code    24  zy_if.o(.text)
    zyThreadDelay                            0x00007bc5   Thumb Code    46  zy_if.o(.text)
    zySemCreate                              0x00007bf3   Thumb Code    34  zy_if.o(.text)
    zySemDel                                 0x00007c15   Thumb Code    62  zy_if.o(.text)
    zySemAccept                              0x00007c53   Thumb Code    12  zy_if.o(.text)
    zySemPend                                0x00007c5f   Thumb Code    88  zy_if.o(.text)
    zySemPost                                0x00007cb7   Thumb Code    56  zy_if.o(.text)
    zyMsgCreate                              0x00007cef   Thumb Code   122  zy_if.o(.text)
    zyMsgDel                                 0x00007d69   Thumb Code    40  zy_if.o(.text)
    zyMsgAccept                              0x00007d91   Thumb Code    58  zy_if.o(.text)
    zyMsgPend                                0x00007dcb   Thumb Code   130  zy_if.o(.text)
    zyMsgPost                                0x00007e4d   Thumb Code   150  zy_if.o(.text)
    _sys_exit                                0x00007ee3   Thumb Code     4  rt_sys_c.o(.text)
    _ttywrch                                 0x00007ee7   Thumb Code     2  rt_sys_c.o(.text)
    _sys_open                                0x00007ee9   Thumb Code     8  rt_sys_c.o(.text)
    _sys_close                               0x00007ef1   Thumb Code     8  rt_sys_c.o(.text)
    _sys_read                                0x00007ef9   Thumb Code    10  rt_sys_c.o(.text)
    _sys_write                               0x00007f03   Thumb Code    10  rt_sys_c.o(.text)
    _sys_ensure                              0x00007f0d   Thumb Code     6  rt_sys_c.o(.text)
    _sys_flen                                0x00007f13   Thumb Code     8  rt_sys_c.o(.text)
    _sys_seek                                0x00007f1b   Thumb Code     8  rt_sys_c.o(.text)
    _sys_istty                               0x00007f23   Thumb Code     8  rt_sys_c.o(.text)
    _sys_tmpnam                              0x00007f2b   Thumb Code     6  rt_sys_c.o(.text)
    _sys_command_string                      0x00007f31   Thumb Code     6  rt_sys_c.o(.text)
    clock                                    0x00007f37   Thumb Code     4  rt_sys_c.o(.text)
    time                                     0x00007f3b   Thumb Code    24  rt_sys_c.o(.text)
    remove                                   0x00007f53   Thumb Code     8  rt_sys_c.o(.text)
    rename                                   0x00007f5b   Thumb Code     8  rt_sys_c.o(.text)
    system                                   0x00007f63   Thumb Code     6  rt_sys_c.o(.text)
    OSMemCreate                              0x00007f69   Thumb Code   140  os_mem.o(.text)
    OSMemGet                                 0x00007ff5   Thumb Code    60  os_mem.o(.text)
    OSMemPut                                 0x00008031   Thumb Code    58  os_mem.o(.text)
    OSMemQuery                               0x0000806b   Thumb Code    58  os_mem.o(.text)
    OS_MemInit                               0x000080a5   Thumb Code    60  os_mem.o(.text)
    OSMutexAccept                            0x000080e9   Thumb Code   108  os_mutex.o(.text)
    OSMutexCreate                            0x00008155   Thumb Code   134  os_mutex.o(.text)
    OSMutexDel                               0x000081db   Thumb Code   200  os_mutex.o(.text)
    OSMutexPend                              0x000082a3   Thumb Code   368  os_mutex.o(.text)
    OSMutexPost                              0x00008413   Thumb Code   380  os_mutex.o(.text)
    OSMutexQuery                             0x0000858f   Thumb Code   146  os_mutex.o(.text)
    OSQAccept                                0x00008635   Thumb Code    70  os_q.o(.text)
    OSQCreate                                0x0000867b   Thumb Code   128  os_q.o(.text)
    OSQDel                                   0x000086fb   Thumb Code   204  os_q.o(.text)
    OSQFlush                                 0x000087c7   Thumb Code    46  os_q.o(.text)
    OSQPend                                  0x000087f5   Thumb Code   208  os_q.o(.text)
    OSQPost                                  0x000088c5   Thumb Code   110  os_q.o(.text)
    OSQPostFront                             0x00008933   Thumb Code   112  os_q.o(.text)
    OSQPostOpt                               0x000089a3   Thumb Code   172  os_q.o(.text)
    OSQQuery                                 0x00008a4f   Thumb Code   166  os_q.o(.text)
    OS_QInit                                 0x00008af5   Thumb Code    38  os_q.o(.text)
    OSSemAccept                              0x00008b25   Thumb Code    44  os_sem.o(.text)
    OSSemCreate                              0x00008b51   Thumb Code    64  os_sem.o(.text)
    OSSemDel                                 0x00008b91   Thumb Code   172  os_sem.o(.text)
    OSSemPend                                0x00008c3d   Thumb Code   162  os_sem.o(.text)
    OSSemPost                                0x00008cdf   Thumb Code    82  os_sem.o(.text)
    OSSemQuery                               0x00008d31   Thumb Code   112  os_sem.o(.text)
    OSTaskChangePrio                         0x00008dad   Thumb Code   310  os_task.o(.text)
    OSTaskCreate                             0x00008ee3   Thumb Code   146  os_task.o(.text)
    OSTaskCreateExt                          0x00008f75   Thumb Code   176  os_task.o(.text)
    OSTaskDel                                0x00009025   Thumb Code   292  os_task.o(.text)
    OSTaskDelReq                             0x00009149   Thumb Code    84  os_task.o(.text)
    OSTaskResume                             0x0000919d   Thumb Code   170  os_task.o(.text)
    OSTaskStkChk                             0x00009247   Thumb Code   118  os_task.o(.text)
    OSTaskSuspend                            0x000092bd   Thumb Code   142  os_task.o(.text)
    OSTaskQuery                              0x0000934b   Thumb Code    68  os_task.o(.text)
    OSTimeDly                                0x000093a1   Thumb Code    82  os_time.o(.text)
    OSTimeDlyHMSM                            0x000093f3   Thumb Code   158  os_time.o(.text)
    OSTimeDlyResume                          0x00009491   Thumb Code   116  os_time.o(.text)
    OSTimeGet                                0x00009505   Thumb Code    18  os_time.o(.text)
    OSTimeSet                                0x00009517   Thumb Code    18  os_time.o(.text)
    OS_TaskStat                              0x0000953d   Thumb Code   118  os_core.o(.text)
    OS_TaskIdle                              0x000095df   Thumb Code    28  os_core.o(.text)
    OSInit                                   0x000096ed   Thumb Code    48  os_core.o(.text)
    OSIntEnter                               0x0000971d   Thumb Code    28  os_core.o(.text)
    OSIntExit                                0x00009739   Thumb Code   124  os_core.o(.text)
    OSSchedLock                              0x000097b5   Thumb Code    36  os_core.o(.text)
    OS_Sched                                 0x000097d9   Thumb Code    88  os_core.o(.text)
    OSSchedUnlock                            0x00009831   Thumb Code    66  os_core.o(.text)
    OSStart                                  0x00009873   Thumb Code    68  os_core.o(.text)
    OSStatInit                               0x000098b7   Thumb Code    54  os_core.o(.text)
    OSTimeTick                               0x000098ed   Thumb Code   250  os_core.o(.text)
    OSVersion                                0x000099e7   Thumb Code     4  os_core.o(.text)
    OS_Dummy                                 0x000099eb   Thumb Code     2  os_core.o(.text)
    OS_EventTaskRdy                          0x000099ed   Thumb Code   180  os_core.o(.text)
    OS_EventTaskWait                         0x00009aa1   Thumb Code   114  os_core.o(.text)
    OS_EventTO                               0x00009b13   Thumb Code    72  os_core.o(.text)
    OS_EventWaitListInit                     0x00009b5b   Thumb Code    42  os_core.o(.text)
    OS_TCBInit                               0x00009b85   Thumb Code   220  os_core.o(.text)
    OSFlagAccept                             0x00009c81   Thumb Code   260  os_flag.o(.text)
    OSFlagCreate                             0x00009d85   Thumb Code    72  os_flag.o(.text)
    OS_FlagUnlink                            0x00009dcd   Thumb Code    36  os_flag.o(.text)
    OSFlagDel                                0x00009e4b   Thumb Code   180  os_flag.o(.text)
    OSFlagPend                               0x00009f7b   Thumb Code   522  os_flag.o(.text)
    OSFlagPost                               0x0000a185   Thumb Code   270  os_flag.o(.text)
    OSFlagQuery                              0x0000a293   Thumb Code    48  os_flag.o(.text)
    OS_FlagInit                              0x0000a2c3   Thumb Code    42  os_flag.o(.text)
    __sysTickIsr                             0x0000a2f5   Thumb Code    22  os_cpu_c.o(.text)
    OSStartHighRdy                           0x0000a30b   Thumb Code    76  os_cpu_c.o(.text)
    OSIntCtxSw                               0x0000a357   Thumb Code    10  os_cpu_c.o(.text)
    OSTaskStkInit                            0x0000a361   Thumb Code   118  os_cpu_c.o(.text)
    OSInitHookBegin                          0x0000a3e9   Thumb Code     2  osinithookbegin.o(.text)
    OSInitHookEnd                            0x0000a3eb   Thumb Code     2  osinithookend.o(.text)
    OSTaskCreateHook                         0x0000a3ed   Thumb Code     4  ostaskcreatehook.o(.text)
    OSTaskDelHook                            0x0000a3f1   Thumb Code     4  ostaskdelhook.o(.text)
    OSTaskIdleHook                           0x0000a3f5   Thumb Code     2  ostaskidlehook.o(.text)
    OSTaskStatHook                           0x0000a3f7   Thumb Code     2  ostaskstathook.o(.text)
    OSTaskSwHook                             0x0000a3f9   Thumb Code     2  ostaskswhook.o(.text)
    OSTCBInitHook                            0x0000a3fb   Thumb Code     4  ostcbinithook.o(.text)
    OSTimeTickHook                           0x0000a3ff   Thumb Code     2  ostimetickhook.o(.text)
    __semihosting$guard                      0x0000a401   Thumb Code     0  use_no_semi.o(.text)
    __use_no_semihosting_swi                 0x0000a401   Thumb Code     2  use_no_semi.o(.text)
    malloc                                   0x0000a403   Thumb Code    94  h1_alloc.o(.text)
    free                                     0x0000a461   Thumb Code    78  h1_free.o(.text)
    __aeabi_memcpy                           0x0000a4af   Thumb Code     0  rt_memcpy_v6.o(.text)
    __rt_memcpy                              0x0000a4af   Thumb Code   138  rt_memcpy_v6.o(.text)
    _memcpy_lastbytes                        0x0000a515   Thumb Code     0  rt_memcpy_v6.o(.text)
    __aeabi_memcpy4                          0x0000a539   Thumb Code     0  rt_memcpy_w.o(.text)
    __aeabi_memcpy8                          0x0000a539   Thumb Code     0  rt_memcpy_w.o(.text)
    __rt_memcpy_w                            0x0000a539   Thumb Code   100  rt_memcpy_w.o(.text)
    _memcpy_lastbytes_aligned                0x0000a581   Thumb Code     0  rt_memcpy_w.o(.text)
    __aeabi_memclr                           0x0000a59d   Thumb Code     0  rt_memclr.o(.text)
    __rt_memclr                              0x0000a59d   Thumb Code    68  rt_memclr.o(.text)
    _memset                                  0x0000a5a1   Thumb Code     0  rt_memclr.o(.text)
    __aeabi_memclr4                          0x0000a5e1   Thumb Code     0  rt_memclr_w.o(.text)
    __aeabi_memclr8                          0x0000a5e1   Thumb Code     0  rt_memclr_w.o(.text)
    __rt_memclr_w                            0x0000a5e1   Thumb Code    78  rt_memclr_w.o(.text)
    _memset_w                                0x0000a5e5   Thumb Code     0  rt_memclr_w.o(.text)
    mktime                                   0x0000a667   Thumb Code   358  mktime.o(.text)
    __rt_heap_descriptor                     0x0000a7d5   Thumb Code     8  rt_heap_descriptor_intlibspace.o(.text)
    __use_no_heap                            0x0000a7dd   Thumb Code     2  hguard.o(.text)
    __heap$guard                             0x0000a7df   Thumb Code     2  hguard.o(.text)
    _terminate_user_alloc                    0x0000a7e1   Thumb Code     2  init_alloc.o(.text)
    _init_user_alloc                         0x0000a7e3   Thumb Code     2  init_alloc.o(.text)
    __Heap_Full                              0x0000a7e5   Thumb Code    34  init_alloc.o(.text)
    __Heap_Broken                            0x0000a807   Thumb Code     6  init_alloc.o(.text)
    _init_alloc                              0x0000a80d   Thumb Code    94  init_alloc.o(.text)
    __Heap_Initialize                        0x0000a86b   Thumb Code    10  h1_init.o(.text)
    __Heap_DescSize                          0x0000a875   Thumb Code     4  h1_init.o(.text)
    __read_errno                             0x0000a879   Thumb Code    10  _rserrno.o(.text)
    __set_errno                              0x0000a883   Thumb Code    12  _rserrno.o(.text)
    __user_libspace                          0x0000a891   Thumb Code     8  libspace.o(.text)
    __user_perproc_libspace                  0x0000a891   Thumb Code     0  libspace.o(.text)
    __user_perthread_libspace                0x0000a891   Thumb Code     0  libspace.o(.text)
    __aeabi_errno_addr                       0x0000a899   Thumb Code     8  rt_errno_addr_intlibspace.o(.text)
    __errno$intlibspace                      0x0000a899   Thumb Code     0  rt_errno_addr_intlibspace.o(.text)
    __rt_errno_addr$intlibspace              0x0000a899   Thumb Code     0  rt_errno_addr_intlibspace.o(.text)
    __Heap_ProvideMemory                     0x0000a8a1   Thumb Code    52  h1_extend.o(.text)
    __rt_SIGRTMEM                            0x0000a8d5   Thumb Code    14  defsig_rtmem_outer.o(.text)
    __rt_heap_escrow                         0x0000a8e5   Thumb Code    22  heapauxa.o(.text)
    __rt_heap_expand                         0x0000a8fb   Thumb Code    52  heapauxa.o(.text)
    __user_setup_stackheap                   0x0000a935   Thumb Code    74  sys_stackheap_outer.o(.text)
    exit                                     0x0000a97f   Thumb Code    12  exit.o(.text)
    __sig_exit                               0x0000a98b   Thumb Code    10  defsig_exit.o(.text)
    __rt_SIGRTMEM_inner                      0x0000a995   Thumb Code    22  defsig_rtmem_inner.o(.text)
    __default_signal_display                 0x0000a9e5   Thumb Code    50  defsig_general.o(.text)
    __ARM_fpclassify                         0x0000aa17   Thumb Code    40  fpclassify.o(i.__ARM_fpclassify)
    __ieee754_rem_pio2                       0x0000aa41   Thumb Code   832  rred.o(i.__ieee754_rem_pio2)
    __kernel_cos                             0x0000adc9   Thumb Code   230  cos_i.o(i.__kernel_cos)
    __kernel_poly                            0x0000aec5   Thumb Code   170  poly.o(i.__kernel_poly)
    __kernel_sin                             0x0000af71   Thumb Code   224  sin_i.o(i.__kernel_sin)
    __mathlib_dbl_underflow                  0x0000b05d   Thumb Code    10  dunder.o(i.__mathlib_dbl_underflow)
    asin                                     0x0000b06d   Thumb Code   584  asin.o(i.asin)
    atan                                     0x0000b2e9   Thumb Code   478  atan.o(i.atan)
    atan2                                    0x0000b50d   Thumb Code   346  atan2.o(i.atan2)
    cos                                      0x0000b68d   Thumb Code   164  cos.o(i.cos)
    sin                                      0x0000b739   Thumb Code   166  sin.o(i.sin)
    sqrt                                     0x0000b7e9   Thumb Code    78  sqrt.o(i.sqrt)
    __user_initial_stackheap                 0x0000b839   Thumb Code     0  rt_sys_s.o(rt_sys)
    __aeabi_d2f                              0x0000b841   Thumb Code     0  d2f.o(x$fpl$d2f)
    _d2f                                     0x0000b841   Thumb Code    98  d2f.o(x$fpl$d2f)
    __aeabi_dadd                             0x0000b8a5   Thumb Code     0  daddsub_clz.o(x$fpl$dadd)
    _dadd                                    0x0000b8a5   Thumb Code   332  daddsub_clz.o(x$fpl$dadd)
    __fpl_dcheck_NaN1                        0x0000b9f5   Thumb Code    10  dcheck1.o(x$fpl$dcheck1)
    __fpl_dcmp_Inf                           0x0000ba05   Thumb Code    24  dcmpi.o(x$fpl$dcmpinf)
    __aeabi_ddiv                             0x0000ba1d   Thumb Code     0  ddiv.o(x$fpl$ddiv)
    _ddiv                                    0x0000ba1d   Thumb Code   552  ddiv.o(x$fpl$ddiv)
    __aeabi_d2iz                             0x0000bccd   Thumb Code     0  dfix.o(x$fpl$dfix)
    _dfix                                    0x0000bccd   Thumb Code    94  dfix.o(x$fpl$dfix)
    __aeabi_i2d                              0x0000bd2b   Thumb Code     0  dflt_clz.o(x$fpl$dflt)
    _dflt                                    0x0000bd2b   Thumb Code    46  dflt_clz.o(x$fpl$dflt)
    __aeabi_ui2d                             0x0000bd59   Thumb Code     0  dflt_clz.o(x$fpl$dfltu)
    _dfltu                                   0x0000bd59   Thumb Code    38  dflt_clz.o(x$fpl$dfltu)
    __aeabi_cdcmple                          0x0000bd81   Thumb Code     0  dleqf.o(x$fpl$dleqf)
    _dcmple                                  0x0000bd81   Thumb Code   120  dleqf.o(x$fpl$dleqf)
    __fpl_dcmple_InfNaN                      0x0000bde3   Thumb Code     0  dleqf.o(x$fpl$dleqf)
    __aeabi_dmul                             0x0000bdf9   Thumb Code     0  dmul.o(x$fpl$dmul)
    _dmul                                    0x0000bdf9   Thumb Code   332  dmul.o(x$fpl$dmul)
    __fpl_dnaninf                            0x0000bf4d   Thumb Code   156  dnaninf.o(x$fpl$dnaninf)
    __fpl_dretinf                            0x0000bfe9   Thumb Code    12  dretinf.o(x$fpl$dretinf)
    __aeabi_cdrcmple                         0x0000bff5   Thumb Code     0  drleqf.o(x$fpl$drleqf)
    _drcmple                                 0x0000bff5   Thumb Code   108  drleqf.o(x$fpl$drleqf)
    __aeabi_drsub                            0x0000c061   Thumb Code     0  daddsub_clz.o(x$fpl$drsb)
    _drsb                                    0x0000c061   Thumb Code    22  daddsub_clz.o(x$fpl$drsb)
    _dsqrt                                   0x0000c079   Thumb Code   456  dsqrt_noumaal.o(x$fpl$dsqrt)
    __aeabi_dsub                             0x0000c245   Thumb Code     0  daddsub_clz.o(x$fpl$dsub)
    _dsub                                    0x0000c245   Thumb Code   464  daddsub_clz.o(x$fpl$dsub)
    __aeabi_f2d                              0x0000c419   Thumb Code     0  f2d.o(x$fpl$f2d)
    _f2d                                     0x0000c419   Thumb Code    86  f2d.o(x$fpl$f2d)
    __aeabi_fadd                             0x0000c471   Thumb Code     0  faddsub_clz.o(x$fpl$fadd)
    _fadd                                    0x0000c471   Thumb Code   196  faddsub_clz.o(x$fpl$fadd)
    __fpl_fcmp_Inf                           0x0000c535   Thumb Code    24  fcmpi.o(x$fpl$fcmpinf)
    __aeabi_fdiv                             0x0000c54d   Thumb Code     0  fdiv.o(x$fpl$fdiv)
    _fdiv                                    0x0000c54d   Thumb Code   384  fdiv.o(x$fpl$fdiv)
    __aeabi_f2iz                             0x0000c6d1   Thumb Code     0  ffix.o(x$fpl$ffix)
    _ffix                                    0x0000c6d1   Thumb Code    54  ffix.o(x$fpl$ffix)
    __aeabi_i2f                              0x0000c709   Thumb Code     0  fflt_clz.o(x$fpl$fflt)
    _fflt                                    0x0000c709   Thumb Code    48  fflt_clz.o(x$fpl$fflt)
    __aeabi_cfcmple                          0x0000c739   Thumb Code     0  fleqf.o(x$fpl$fleqf)
    _fcmple                                  0x0000c739   Thumb Code   104  fleqf.o(x$fpl$fleqf)
    __fpl_fcmple_InfNaN                      0x0000c78b   Thumb Code     0  fleqf.o(x$fpl$fleqf)
    __aeabi_fmul                             0x0000c7a1   Thumb Code     0  fmul.o(x$fpl$fmul)
    _fmul                                    0x0000c7a1   Thumb Code   258  fmul.o(x$fpl$fmul)
    __fpl_fnaninf                            0x0000c8a3   Thumb Code   140  fnaninf.o(x$fpl$fnaninf)
    __fpl_fretinf                            0x0000c92f   Thumb Code    10  fretinf.o(x$fpl$fretinf)
    __aeabi_cfrcmple                         0x0000c939   Thumb Code     0  frleqf.o(x$fpl$frleqf)
    _frcmple                                 0x0000c939   Thumb Code    98  frleqf.o(x$fpl$frleqf)
    __aeabi_fsub                             0x0000c99d   Thumb Code     0  faddsub_clz.o(x$fpl$fsub)
    _fsub                                    0x0000c99d   Thumb Code   234  faddsub_clz.o(x$fpl$fsub)
    __fpl_return_NaN                         0x0000ca87   Thumb Code   100  retnan.o(x$fpl$retnan)
    __ARM_scalbn                             0x0000caeb   Thumb Code    92  scalbn.o(x$fpl$scalbn)
    __fpl_cmpreturn                          0x0000cb47   Thumb Code    48  trapv.o(x$fpl$trapveneer)
    SIN_TABLE                                0x0000cb76   Data        1610  fast_math.o(.constdata)
    __I$use$fp                               0x0000cb76   Number         0  usenofp.o(x$fpl$usenofp)
    ASIN_TABLE                               0x0000d1c0   Data        1026  fast_math.o(.constdata)
    OSMapTbl                                 0x0000d5c2   Data           8  os_core.o(.constdata)
    OSUnMapTbl                               0x0000d5ca   Data         256  os_core.o(.constdata)
    _monlen                                  0x0000d720   Data          12  _monlen.o(.constdata)
    __mathlib_zero                           0x0000d7f8   Data           8  qnan.o(.constdata)
    Region$$Table$$Base                      0x0000d8f0   Number         0  anon$$obj.o(Region$$Table)
    Region$$Table$$Limit                     0x0000d920   Number         0  anon$$obj.o(Region$$Table)
    __GpvVectorTable                         0x10000000   Data         204  vector_table.o(.data)
    plckSendPacket                           0x100000cc   Data           4  main.o(.data)
    plckSendDxlPacket                        0x100000d0   Data           4  main.o(.data)
    psemTxEmpty                              0x100000d4   Data           4  main.o(.data)
    pSemSCIBTX                               0x100000d8   Data           4  main.o(.data)
    pMbxSciaRx                               0x100000dc   Data           4  main.o(.data)
    pMbxScibRx                               0x100000e0   Data           4  main.o(.data)
    pSemSPIA                                 0x100000e4   Data           4  main.o(.data)
    pSemADC                                  0x100000e8   Data           4  main.o(.data)
    psemDXL                                  0x100000ec   Data           4  main.o(.data)
    plckSensorAquire                         0x100000f0   Data           4  main.o(.data)
    psemGaitGen                              0x100000f4   Data           4  main.o(.data)
    psemGaitExe                              0x100000f8   Data           4  main.o(.data)
    plckUpdateCommand                        0x100000fc   Data           4  main.o(.data)
    plckGaitQueue                            0x10000100   Data           4  main.o(.data)
    psemI2C0TXEmpty                          0x10000104   Data           4  main.o(.data)
    isRegisterCommandSent                    0x1000010e   Data           1  dxl_protocol.o(.data)
    isTorqueOn                               0x1000010f   Data           1  dxl_protocol.o(.data)
    isTimerInterruptEnable                   0x10000110   Data           1  signal_manage.o(.data)
    isADCInterruptEnable                     0x10000111   Data           1  signal_manage.o(.data)
    roll                                     0x10000114   Data           4  sensor_processor.o(.data)
    pitch                                    0x10000118   Data           4  sensor_processor.o(.data)
    yaw                                      0x1000011c   Data           4  sensor_processor.o(.data)
    Compass_counter                          0x10000120   Data           4  sensor_processor.o(.data)
    sensor                                   0x10000124   Data           6  sensor_processor.o(.data)
    headMovingCommand                        0x10000136   Data           4  gait_generate.o(.data)
    specialGaitCommand                       0x1000013a   Data           4  gait_generate.o(.data)
    walkKickCmd                              0x1000013e   Data           8  gait_generate.o(.data)
    commandState                             0x10000146   Data           2  gait_generate.o(.data)
    priorityState                            0x10000148   Data           2  gait_generate.o(.data)
    gaitStepCntr                             0x1000014a   Data           2  gait_generate.o(.data)
    buf                                      0x1000014c   Data          32  i2c_driver.o(.data)
    I2C_sla                                  0x1000016c   Data           1  i2c_driver.o(.data)
    I2C_suba                                 0x10000170   Data           4  i2c_driver.o(.data)
    I2C_suba_num                             0x10000174   Data           1  i2c_driver.o(.data)
    I2C_buf                                  0x10000178   Data           4  i2c_driver.o(.data)
    I2C_num                                  0x1000017c   Data           4  i2c_driver.o(.data)
    I2C_end                                  0x10000180   Data           1  i2c_driver.o(.data)
    I2C_suba_en                              0x10000181   Data           1  i2c_driver.o(.data)
    DCM_Matrix                               0x10000184   Data          36  realdcm.o(.data)
    Update_Matrix                            0x100001a8   Data          36  realdcm.o(.data)
    G_Dt                                     0x100001cc   Data           4  realdcm.o(.data)
    OSCtxSwCtr                               0x100001d0   Data           4  os_core.o(.data)
    OSEventFreeList                          0x100001d4   Data           4  os_core.o(.data)
    OSFlagFreeList                           0x100001d8   Data           4  os_core.o(.data)
    OSCPUUsage                               0x100001dc   Data           1  os_core.o(.data)
    OSIdleCtrMax                             0x100001e0   Data           4  os_core.o(.data)
    OSIdleCtrRun                             0x100001e4   Data           4  os_core.o(.data)
    OSStatRdy                                0x100001e8   Data           1  os_core.o(.data)
    OSIntNesting                             0x100001e9   Data           1  os_core.o(.data)
    OSIntExitY                               0x100001ea   Data           1  os_core.o(.data)
    OSLockNesting                            0x100001eb   Data           1  os_core.o(.data)
    OSPrioCur                                0x100001ec   Data           1  os_core.o(.data)
    OSPrioHighRdy                            0x100001ed   Data           1  os_core.o(.data)
    OSRdyGrp                                 0x100001ee   Data           1  os_core.o(.data)
    OSRdyTbl                                 0x100001ef   Data           8  os_core.o(.data)
    OSRunning                                0x100001f7   Data           1  os_core.o(.data)
    OSTaskCtr                                0x100001f8   Data           1  os_core.o(.data)
    OSIdleCtr                                0x100001fc   Data           4  os_core.o(.data)
    OSTCBCur                                 0x10000200   Data           4  os_core.o(.data)
    OSTCBFreeList                            0x10000204   Data           4  os_core.o(.data)
    OSTCBHighRdy                             0x10000208   Data           4  os_core.o(.data)
    OSTCBList                                0x1000020c   Data           4  os_core.o(.data)
    OSMemFreeList                            0x10000210   Data           4  os_core.o(.data)
    OSQFreeList                              0x10000214   Data           4  os_core.o(.data)
    OSTime                                   0x10000218   Data           4  os_core.o(.data)
    __GuiOsEnterSum                          0x1000021c   Data           4  os_cpu_c.o(.data)
    stkMainTask                              0x10000224   Data         784  main.o(.bss)
    stkComTask                               0x10000534   Data         784  main.o(.bss)
    stkDxlTask                               0x10000844   Data         784  main.o(.bss)
    stkAdcTask                               0x10000b54   Data        1024  main.o(.bss)
    stkGtgTask                               0x10000f54   Data        1536  main.o(.bss)
    rxArrayOfMsg                             0x10001554   Data          64  main.o(.bss)
    rxbArrayOfMsg                            0x10001594   Data          64  main.o(.bss)
    packet                                   0x100015d4   Data         261  main.o(.bss)
    cmd                                      0x100016da   Data         128  dxl_protocol.o(.bss)
    dxlPacket                                0x1000175a   Data          13  dxl_protocol.o(.bss)
    currentBodyState                         0x10001768   Data          14  dxl_protocol.o(.bss)
    sensorsRaw                               0x10001778   Data          18  sensor_processor.o(.bss)
    sensorCalibration                        0x1000178a   Data          36  sensor_processor.o(.bss)
    sen_data                                 0x100017b0   Data          40  sensor_processor.o(.bss)
    blocks                                   0x100017d8   Data         786  flash_filesystem.o(.bss)
    fp                                       0x10001aea   Data          16  flash_filesystem.o(.bss)
    singleFrameCommand                       0x10001b7c   Data         132  gait_generate.o(.bss)
    gDC                                      0x10001c00   Data          56  gait_generate.o(.bss)
    runningOdometer                          0x10001c38   Data          12  gait_generate.o(.bss)
    gaitBufferQueue                          0x10001c44   Data        2052  gait_generate.o(.bss)
    currentGaitHead                          0x10002448   Data          14  gait_generate.o(.bss)
    mechZeroPoint                            0x10002456   Data          66  gait_generate.o(.bss)
    walkingConfig                            0x10002498   Data          50  gait_generate.o(.bss)
    ankle                                    0x100024ca   Data          12  gait_generate.o(.bss)
    hip                                      0x100024d6   Data          12  gait_generate.o(.bss)
    leg                                      0x100024e2   Data          10  gait_generate.o(.bss)
    Temporary_Matrix                         0x100024ec   Data          36  realdcm.o(.bss)
    errorRollPitch                           0x10002510   Data          12  realdcm.o(.bss)
    errorYaw                                 0x1000251c   Data          12  realdcm.o(.bss)
    Accel_Vector                             0x10002528   Data          12  realdcm.o(.bss)
    Mag_Vector                               0x10002534   Data          12  realdcm.o(.bss)
    Gyro_Vector                              0x10002540   Data          12  realdcm.o(.bss)
    Omega_Vector                             0x1000254c   Data          12  realdcm.o(.bss)
    Omega_P                                  0x10002558   Data          12  realdcm.o(.bss)
    Omega_I                                  0x10002564   Data          12  realdcm.o(.bss)
    Omega                                    0x10002570   Data          12  realdcm.o(.bss)
    OSEventTbl                               0x10002594   Data        1088  os_core.o(.bss)
    OSFlagTbl                                0x100029d4   Data         180  os_core.o(.bss)
    OSTaskStatStk                            0x10002a88   Data        1024  os_core.o(.bss)
    OSTaskIdleStk                            0x10002e88   Data        1024  os_core.o(.bss)
    OSTCBPrioTbl                             0x10003288   Data         256  os_core.o(.bss)
    OSTCBTbl                                 0x10003388   Data        1144  os_core.o(.bss)
    OSMemTbl                                 0x10003800   Data         300  os_core.o(.bss)
    OSQTbl                                   0x1000392c   Data         288  os_core.o(.bss)
    __libspace_start                         0x10003a4c   Data          96  libspace.o(.bss)
    __temporary_stack_top$libspace           0x10003aac   Data           0  libspace.o(.bss)



==============================================================================

Memory Map of the image

  Image Entry point : 0x00000031

  Load Region ROM_LOAD (Base: 0x00000000, Size: 0x0000db44, Max: 0xffffffff, ABSOLUTE, COMPRESSED[0x0000da28])

    Execution Region VECTOR (Base: 0x00000000, Size: 0x00000030, Max: 0xffffffff, ABSOLUTE)

    Base Addr    Size         Type   Attr      Idx    E Section Name        Object

    0x00000000   0x00000030   Data   RO          453    .constdata          vector_table.o


    Execution Region ROM_EXEC (Base: 0x00000030, Size: 0x0000d8f0, Max: 0xffffffff, ABSOLUTE)

    Base Addr    Size         Type   Attr      Idx    E Section Name        Object

    0x00000030   0x00000008   Code   RO         1005  * !!!main             c_w.l(__main.o)
    0x00000038   0x00000034   Code   RO         1358    !!!scatter          c_w.l(__scatter.o)
    0x0000006c   0x0000005a   Code   RO         1356    !!dczerorl2         c_w.l(__dczerorl2.o)
    0x000000c6   0x00000002   PAD
    0x000000c8   0x0000001a   Code   RO         1360    !!handler_copy      c_w.l(__scatter_copy.o)
    0x000000e2   0x00000002   PAD
    0x000000e4   0x0000001c   Code   RO         1362    !!handler_zi        c_w.l(__scatter_zi.o)
    0x00000100   0x00000002   Code   RO         1296    .ARM.Collect$$libinit$$00000000  c_w.l(libinit.o)
    0x00000102   0x00000000   Code   RO         1127    .ARM.Collect$$libinit$$00000002  c_w.l(libinit2.o)
    0x00000102   0x00000008   Code   RO         1128    .ARM.Collect$$libinit$$00000003  c_w.l(libinit2.o)
    0x0000010a   0x00000000   Code   RO         1130    .ARM.Collect$$libinit$$00000008  c_w.l(libinit2.o)
    0x0000010a   0x00000000   Code   RO         1132    .ARM.Collect$$libinit$$0000000A  c_w.l(libinit2.o)
    0x0000010a   0x00000000   Code   RO         1134    .ARM.Collect$$libinit$$0000000C  c_w.l(libinit2.o)
    0x0000010a   0x00000000   Code   RO         1137    .ARM.Collect$$libinit$$0000000F  c_w.l(libinit2.o)
    0x0000010a   0x00000000   Code   RO         1139    .ARM.Collect$$libinit$$00000011  c_w.l(libinit2.o)
    0x0000010a   0x00000000   Code   RO         1141    .ARM.Collect$$libinit$$00000013  c_w.l(libinit2.o)
    0x0000010a   0x00000000   Code   RO         1143    .ARM.Collect$$libinit$$00000015  c_w.l(libinit2.o)
    0x0000010a   0x00000000   Code   RO         1145    .ARM.Collect$$libinit$$00000017  c_w.l(libinit2.o)
    0x0000010a   0x00000000   Code   RO         1147    .ARM.Collect$$libinit$$00000019  c_w.l(libinit2.o)
    0x0000010a   0x00000000   Code   RO         1149    .ARM.Collect$$libinit$$0000001B  c_w.l(libinit2.o)
    0x0000010a   0x00000000   Code   RO         1151    .ARM.Collect$$libinit$$0000001D  c_w.l(libinit2.o)
    0x0000010a   0x00000000   Code   RO         1153    .ARM.Collect$$libinit$$0000001F  c_w.l(libinit2.o)
    0x0000010a   0x00000000   Code   RO         1155    .ARM.Collect$$libinit$$00000021  c_w.l(libinit2.o)
    0x0000010a   0x00000000   Code   RO         1157    .ARM.Collect$$libinit$$00000023  c_w.l(libinit2.o)
    0x0000010a   0x00000000   Code   RO         1161    .ARM.Collect$$libinit$$0000002A  c_w.l(libinit2.o)
    0x0000010a   0x00000000   Code   RO         1163    .ARM.Collect$$libinit$$0000002C  c_w.l(libinit2.o)
    0x0000010a   0x00000000   Code   RO         1165    .ARM.Collect$$libinit$$0000002E  c_w.l(libinit2.o)
    0x0000010a   0x00000000   Code   RO         1167    .ARM.Collect$$libinit$$00000030  c_w.l(libinit2.o)
    0x0000010a   0x00000002   Code   RO         1168    .ARM.Collect$$libinit$$00000031  c_w.l(libinit2.o)
    0x0000010c   0x00000002   Code   RO         1353    .ARM.Collect$$libshutdown$$00000000  c_w.l(libshutdown.o)
    0x0000010e   0x00000000   Code   RO         1311    .ARM.Collect$$libshutdown$$00000003  c_w.l(libshutdown2.o)
    0x0000010e   0x00000000   Code   RO         1314    .ARM.Collect$$libshutdown$$00000006  c_w.l(libshutdown2.o)
    0x0000010e   0x00000000   Code   RO         1317    .ARM.Collect$$libshutdown$$00000009  c_w.l(libshutdown2.o)
    0x0000010e   0x00000000   Code   RO         1319    .ARM.Collect$$libshutdown$$0000000B  c_w.l(libshutdown2.o)
    0x0000010e   0x00000000   Code   RO         1322    .ARM.Collect$$libshutdown$$0000000E  c_w.l(libshutdown2.o)
    0x0000010e   0x00000002   Code   RO         1323    .ARM.Collect$$libshutdown$$0000000F  c_w.l(libshutdown2.o)
    0x00000110   0x00000000   Code   RO         1095    .ARM.Collect$$rtentry$$00000000  c_w.l(rtentry.o)
    0x00000110   0x00000000   Code   RO         1221    .ARM.Collect$$rtentry$$00000002  c_w.l(rtentry2.o)
    0x00000110   0x00000006   Code   RO         1233    .ARM.Collect$$rtentry$$00000004  c_w.l(rtentry4.o)
    0x00000116   0x00000000   Code   RO         1223    .ARM.Collect$$rtentry$$00000009  c_w.l(rtentry2.o)
    0x00000116   0x00000004   Code   RO         1224    .ARM.Collect$$rtentry$$0000000A  c_w.l(rtentry2.o)
    0x0000011a   0x00000000   Code   RO         1226    .ARM.Collect$$rtentry$$0000000C  c_w.l(rtentry2.o)
    0x0000011a   0x00000008   Code   RO         1227    .ARM.Collect$$rtentry$$0000000D  c_w.l(rtentry2.o)
    0x00000122   0x00000002   Code   RO         1299    .ARM.Collect$$rtexit$$00000000  c_w.l(rtexit.o)
    0x00000124   0x00000000   Code   RO         1327    .ARM.Collect$$rtexit$$00000002  c_w.l(rtexit2.o)
    0x00000124   0x00000004   Code   RO         1328    .ARM.Collect$$rtexit$$00000003  c_w.l(rtexit2.o)
    0x00000128   0x00000006   Code   RO         1329    .ARM.Collect$$rtexit$$00000004  c_w.l(rtexit2.o)
    0x0000012e   0x00000002   PAD
    0x00000130   0x0000012a   Code   RO          715    .emb_text           os_cpu_c.o
    0x0000025a   0x00000002   PAD
    0x0000025c   0x00000000   Code   RO         1242    .emb_text           c_w.l(maybetermalloc1.o)
    0x0000025c   0x00000248   Code   RO            1    .text               main.o
    0x000004a4   0x000005f2   Code   RO           81    .text               com_protocol.o
    0x00000a96   0x00000002   PAD
    0x00000a98   0x00000374   Code   RO           94    .text               uart_driver.o
    0x00000e0c   0x00000418   Code   RO          107    .text               dxl_protocol.o
    0x00001224   0x000002cc   Code   RO          127    .text               flash_driver.o
    0x000014f0   0x0000006c   Code   RO          143    .text               adc_driver.o
    0x0000155c   0x00000058   Code   RO          155    .text               signal_manage.o
    0x000015b4   0x0000087c   Code   RO          175    .text               sensor_processor.o
    0x00001e30   0x00000148   Code   RO          215    .text               fast_math.o
    0x00001f78   0x000007b4   Code   RO          234    .text               flash_filesystem.o
    0x0000272c   0x00000948   Code   RO          249    .text               fast_kinematics.o
    0x00003074   0x000039f4   Code   RO          261    .text               gait_generate.o
    0x00006a68   0x0000038c   Code   RO          278    .text               i2c_driver.o
    0x00006df4   0x0000007c   Code   RO          299    .text               matrix.o
    0x00006e70   0x000006c0   Code   RO          337    .text               realdcm.o
    0x00007530   0x000000e6   Code   RO          368    .text               vector.o
    0x00007616   0x00000002   PAD
    0x00007618   0x00000064   Code   RO          390    .text               lpc1700pincfg.o
    0x0000767c   0x00000184   Code   RO          440    .text               target.o
    0x00007800   0x000006e2   Code   RO          466    .text               zy_if.o
    0x00007ee2   0x00000086   Code   RO          523    .text               rt_sys_c.o
    0x00007f68   0x00000180   Code   RO          608    .text               os_mem.o
    0x000080e8   0x0000054c   Code   RO          620    .text               os_mutex.o
    0x00008634   0x000004f0   Code   RO          632    .text               os_q.o
    0x00008b24   0x00000288   Code   RO          644    .text               os_sem.o
    0x00008dac   0x000005f4   Code   RO          656    .text               os_task.o
    0x000093a0   0x0000019c   Code   RO          668    .text               os_time.o
    0x0000953c   0x00000744   Code   RO          680    .text               os_core.o
    0x00009c80   0x00000674   Code   RO          700    .text               os_flag.o
    0x0000a2f4   0x000000f4   Code   RO          716    .text               os_cpu_c.o
    0x0000a3e8   0x00000002   Code   RO          772    .text               uCOS-II hook.lib(osinithookbegin.o)
    0x0000a3ea   0x00000002   Code   RO          833    .text               uCOS-II hook.lib(osinithookend.o)
    0x0000a3ec   0x00000004   Code   RO          845    .text               uCOS-II hook.lib(ostaskcreatehook.o)
    0x0000a3f0   0x00000004   Code   RO          857    .text               uCOS-II hook.lib(ostaskdelhook.o)
    0x0000a3f4   0x00000002   Code   RO          869    .text               uCOS-II hook.lib(ostaskidlehook.o)
    0x0000a3f6   0x00000002   Code   RO          881    .text               uCOS-II hook.lib(ostaskstathook.o)
    0x0000a3f8   0x00000002   Code   RO          893    .text               uCOS-II hook.lib(ostaskswhook.o)
    0x0000a3fa   0x00000004   Code   RO          905    .text               uCOS-II hook.lib(ostcbinithook.o)
    0x0000a3fe   0x00000002   Code   RO          917    .text               uCOS-II hook.lib(ostimetickhook.o)
    0x0000a400   0x00000002   Code   RO          931    .text               c_w.l(use_no_semi.o)
    0x0000a402   0x0000005e   Code   RO          937    .text               c_w.l(h1_alloc.o)
    0x0000a460   0x0000004e   Code   RO          939    .text               c_w.l(h1_free.o)
    0x0000a4ae   0x0000008a   Code   RO          995    .text               c_w.l(rt_memcpy_v6.o)
    0x0000a538   0x00000064   Code   RO          997    .text               c_w.l(rt_memcpy_w.o)
    0x0000a59c   0x00000044   Code   RO          999    .text               c_w.l(rt_memclr.o)
    0x0000a5e0   0x0000004e   Code   RO         1001    .text               c_w.l(rt_memclr_w.o)
    0x0000a62e   0x00000002   PAD
    0x0000a630   0x000001a4   Code   RO         1003    .text               c_w.l(mktime.o)
    0x0000a7d4   0x00000008   Code   RO         1099    .text               c_w.l(rt_heap_descriptor_intlibspace.o)
    0x0000a7dc   0x00000004   Code   RO         1101    .text               c_w.l(hguard.o)
    0x0000a7e0   0x0000008a   Code   RO         1103    .text               c_w.l(init_alloc.o)
    0x0000a86a   0x0000000e   Code   RO         1107    .text               c_w.l(h1_init.o)
    0x0000a878   0x00000016   Code   RO         1121    .text               c_w.l(_rserrno.o)
    0x0000a88e   0x00000002   PAD
    0x0000a890   0x00000008   Code   RO         1217    .text               c_w.l(libspace.o)
    0x0000a898   0x00000008   Code   RO         1238    .text               c_w.l(rt_errno_addr_intlibspace.o)
    0x0000a8a0   0x00000034   Code   RO         1244    .text               c_w.l(h1_extend.o)
    0x0000a8d4   0x0000000e   Code   RO         1248    .text               c_w.l(defsig_rtmem_outer.o)
    0x0000a8e2   0x00000002   PAD
    0x0000a8e4   0x00000050   Code   RO         1252    .text               c_w.l(heapauxa.o)
    0x0000a934   0x0000004a   Code   RO         1275    .text               c_w.l(sys_stackheap_outer.o)
    0x0000a97e   0x0000000c   Code   RO         1281    .text               c_w.l(exit.o)
    0x0000a98a   0x0000000a   Code   RO         1283    .text               c_w.l(defsig_exit.o)
    0x0000a994   0x00000050   Code   RO         1285    .text               c_w.l(defsig_rtmem_inner.o)
    0x0000a9e4   0x00000032   Code   RO         1307    .text               c_w.l(defsig_general.o)
    0x0000aa16   0x00000028   Code   RO         1201    i.__ARM_fpclassify  m_ws.l(fpclassify.o)
    0x0000aa3e   0x00000002   PAD
    0x0000aa40   0x00000388   Code   RO         1206    i.__ieee754_rem_pio2  m_ws.l(rred.o)
    0x0000adc8   0x000000fc   Code   RO         1196    i.__kernel_cos      m_ws.l(cos_i.o)
    0x0000aec4   0x000000aa   Code   RO         1203    i.__kernel_poly     m_ws.l(poly.o)
    0x0000af6e   0x00000002   PAD
    0x0000af70   0x000000ec   Code   RO         1211    i.__kernel_sin      m_ws.l(sin_i.o)
    0x0000b05c   0x00000010   Code   RO         1199    i.__mathlib_dbl_underflow  m_ws.l(dunder.o)
    0x0000b06c   0x0000027c   Code   RO         1052    i.asin              m_ws.l(asin.o)
    0x0000b2e8   0x00000224   Code   RO         1187    i.atan              m_ws.l(atan.o)
    0x0000b50c   0x00000180   Code   RO         1062    i.atan2             m_ws.l(atan2.o)
    0x0000b68c   0x000000ac   Code   RO         1070    i.cos               m_ws.l(cos.o)
    0x0000b738   0x000000b0   Code   RO         1078    i.sin               m_ws.l(sin.o)
    0x0000b7e8   0x0000004e   Code   RO         1086    i.sqrt              m_ws.l(sqrt.o)
    0x0000b836   0x00000002   PAD
    0x0000b838   0x00000008   Code   RO          519  * rt_sys              rt_sys_s.o
    0x0000b840   0x00000062   Code   RO         1007    x$fpl$d2f           fz_ws.l(d2f.o)
    0x0000b8a2   0x00000002   PAD
    0x0000b8a4   0x00000150   Code   RO         1009    x$fpl$dadd          fz_ws.l(daddsub_clz.o)
    0x0000b9f4   0x00000010   Code   RO         1259    x$fpl$dcheck1       fz_ws.l(dcheck1.o)
    0x0000ba04   0x00000018   Code   RO         1261    x$fpl$dcmpinf       fz_ws.l(dcmpi.o)
    0x0000ba1c   0x000002b0   Code   RO         1016    x$fpl$ddiv          fz_ws.l(ddiv.o)
    0x0000bccc   0x0000005e   Code   RO         1263    x$fpl$dfix          fz_ws.l(dfix.o)
    0x0000bd2a   0x0000002e   Code   RO         1268    x$fpl$dflt          fz_ws.l(dflt_clz.o)
    0x0000bd58   0x00000026   Code   RO         1267    x$fpl$dfltu         fz_ws.l(dflt_clz.o)
    0x0000bd7e   0x00000002   PAD
    0x0000bd80   0x00000078   Code   RO         1169    x$fpl$dleqf         fz_ws.l(dleqf.o)
    0x0000bdf8   0x00000154   Code   RO         1019    x$fpl$dmul          fz_ws.l(dmul.o)
    0x0000bf4c   0x0000009c   Code   RO         1171    x$fpl$dnaninf       fz_ws.l(dnaninf.o)
    0x0000bfe8   0x0000000c   Code   RO         1173    x$fpl$dretinf       fz_ws.l(dretinf.o)
    0x0000bff4   0x0000006c   Code   RO         1021    x$fpl$drleqf        fz_ws.l(drleqf.o)
    0x0000c060   0x00000016   Code   RO         1010    x$fpl$drsb          fz_ws.l(daddsub_clz.o)
    0x0000c076   0x00000002   PAD
    0x0000c078   0x000001cc   Code   RO         1175    x$fpl$dsqrt         fz_ws.l(dsqrt_noumaal.o)
    0x0000c244   0x000001d4   Code   RO         1011    x$fpl$dsub          fz_ws.l(daddsub_clz.o)
    0x0000c418   0x00000056   Code   RO         1023    x$fpl$f2d           fz_ws.l(f2d.o)
    0x0000c46e   0x00000002   PAD
    0x0000c470   0x000000c4   Code   RO         1025    x$fpl$fadd          fz_ws.l(faddsub_clz.o)
    0x0000c534   0x00000018   Code   RO         1177    x$fpl$fcmpinf       fz_ws.l(fcmpi.o)
    0x0000c54c   0x00000184   Code   RO         1032    x$fpl$fdiv          fz_ws.l(fdiv.o)
    0x0000c6d0   0x00000036   Code   RO         1035    x$fpl$ffix          fz_ws.l(ffix.o)
    0x0000c706   0x00000002   PAD
    0x0000c708   0x00000030   Code   RO         1040    x$fpl$fflt          fz_ws.l(fflt_clz.o)
    0x0000c738   0x00000068   Code   RO         1045    x$fpl$fleqf         fz_ws.l(fleqf.o)
    0x0000c7a0   0x00000102   Code   RO         1047    x$fpl$fmul          fz_ws.l(fmul.o)
    0x0000c8a2   0x0000008c   Code   RO         1179    x$fpl$fnaninf       fz_ws.l(fnaninf.o)
    0x0000c92e   0x0000000a   Code   RO         1181    x$fpl$fretinf       fz_ws.l(fretinf.o)
    0x0000c938   0x00000062   Code   RO         1049    x$fpl$frleqf        fz_ws.l(frleqf.o)
    0x0000c99a   0x00000002   PAD
    0x0000c99c   0x000000ea   Code   RO         1027    x$fpl$fsub          fz_ws.l(faddsub_clz.o)
    0x0000ca86   0x00000064   Code   RO         1297    x$fpl$retnan        fz_ws.l(retnan.o)
    0x0000caea   0x0000005c   Code   RO         1183    x$fpl$scalbn        fz_ws.l(scalbn.o)
    0x0000cb46   0x00000030   Code   RO         1324    x$fpl$trapveneer    fz_ws.l(trapv.o)
    0x0000cb76   0x00000000   Code   RO         1185    x$fpl$usenofp       fz_ws.l(usenofp.o)
    0x0000cb76   0x00000a4c   Data   RO          216    .constdata          fast_math.o
    0x0000d5c2   0x00000108   Data   RO          682    .constdata          os_core.o
    0x0000d6ca   0x00000006   PAD
    0x0000d6d0   0x00000050   Data   RO         1053    .constdata          m_ws.l(asin.o)
    0x0000d720   0x0000000c   Data   RO         1123    .constdata          c_w.l(_monlen.o)
    0x0000d72c   0x00000004   PAD
    0x0000d730   0x00000098   Data   RO         1188    .constdata          m_ws.l(atan.o)
    0x0000d7c8   0x00000030   Data   RO         1197    .constdata          m_ws.l(cos_i.o)
    0x0000d7f8   0x00000008   Data   RO         1205    .constdata          m_ws.l(qnan.o)
    0x0000d800   0x000000c8   Data   RO         1208    .constdata          m_ws.l(rred.o)
    0x0000d8c8   0x00000028   Data   RO         1212    .constdata          m_ws.l(sin_i.o)
    0x0000d8f0   0x00000030   Data   RO         1354    Region$$Table       anon$$obj.o


    Execution Region VECTOR_SRAM (Base: 0x10000000, Size: 0x000000cc, Max: 0xffffffff, ABSOLUTE)

    Base Addr    Size         Type   Attr      Idx    E Section Name        Object

    0x10000000   0x000000cc   Data   RW          454    .data               vector_table.o


    Execution Region SRAM (Base: 0x100000cc, Size: 0x000039e0, Max: 0xffffffff, ABSOLUTE, COMPRESSED[0x0000003c])

    Base Addr    Size         Type   Attr      Idx    E Section Name        Object

    0x100000cc   0x0000003c   Data   RW            3    .data               main.o
    0x10000108   0x00000006   Data   RW           82    .data               com_protocol.o
    0x1000010e   0x00000002   Data   RW          109    .data               dxl_protocol.o
    0x10000110   0x00000002   Data   RW          156    .data               signal_manage.o
    0x10000112   0x00000002   PAD
    0x10000114   0x00000016   Data   RW          177    .data               sensor_processor.o
    0x1000012a   0x00000022   Data   RW          263    .data               gait_generate.o
    0x1000014c   0x00000036   Data   RW          279    .data               i2c_driver.o
    0x10000182   0x00000002   PAD
    0x10000184   0x0000004c   Data   RW          339    .data               realdcm.o
    0x100001d0   0x0000004c   Data   RW          683    .data               os_core.o
    0x1000021c   0x00000004   Data   RW          717    .data               os_cpu_c.o
    0x10000220   0x00000004   Data   RW         1253    .data               c_w.l(heapauxa.o)
    0x10000224   0x000014b5   Zero   RW            2    .bss                main.o
    0x100016d9   0x00000001   PAD
    0x100016da   0x0000009c   Zero   RW          108    .bss                dxl_protocol.o
    0x10001776   0x00000002   PAD
    0x10001778   0x00000060   Zero   RW          176    .bss                sensor_processor.o
    0x100017d8   0x00000322   Zero   RW          235    .bss                flash_filesystem.o
    0x10001afa   0x00000002   PAD
    0x10001afc   0x000009f0   Zero   RW          262    .bss                gait_generate.o
    0x100024ec   0x000000a8   Zero   RW          338    .bss                realdcm.o
    0x10002594   0x000014b8   Zero   RW          681    .bss                os_core.o
    0x10003a4c   0x00000060   Zero   RW         1218    .bss                c_w.l(libspace.o)


    Execution Region HEAP (Base: 0x10003aac, Size: 0x00000000, Max: 0xffffffff, ABSOLUTE, UNINIT)

    Base Addr    Size         Type   Attr      Idx    E Section Name        Object

    0x10003aac   0x00000000   Zero   RW          520    Heap                rt_sys_s.o


==============================================================================

Image component sizes


      Code (inc. data)   RO Data    RW Data    ZI Data      Debug   Object Name

       108         12          0          0          0       1096   adc_driver.o
      1522         38          0          6          0       4227   com_protocol.o
      1048         26          0          2        156       7548   dxl_protocol.o
      2376          4          0          0          0       3562   fast_kinematics.o
       328          8       2636          0          0       2052   fast_math.o
       716         26          0          0          0       3149   flash_driver.o
      1972         16          0          0        802       3628   flash_filesystem.o
     14836        512          0         34       2544      17440   gait_generate.o
       908         48          0         54          0       2653   i2c_driver.o
       100         28          0          0          0        540   lpc1700pincfg.o
       584        114          0         60       5301      16418   main.o
       124          0          0          0          0        730   matrix.o
      1860        150        264         76       5304      11225   os_core.o
       542         82          0          4          0       3153   os_cpu_c.o
      1652         30          0          0          0       5238   os_flag.o
         0          0          0          0          0       7527   os_mbox.o
       384          8          0          0          0       2218   os_mem.o
      1356         48          0          0          0       3406   os_mutex.o
      1264         28          0          0          0       4488   os_q.o
       648         12          0          0          0       2614   os_sem.o
      1524         62          0          0          0       4911   os_task.o
       412         20          0          0          0       1630   os_time.o
      1728        166          0         76        168       4291   realdcm.o
       134          0          0          0          0       5361   rt_sys_c.o
         8          4          0          0          0        216   rt_sys_s.o
      2172         94          0         22         96       8874   sensor_processor.o
        88         16          0          2          0        998   signal_manage.o
       388         58          0          0          0        765   target.o
       884         42          0          0          0       3631   uart_driver.o
       230          0          0          0          0       1370   vector.o
         0          0         48        204          0        594   vector_table.o
      1762         22          0          0          0      16130   zy_if.o

    ----------------------------------------------------------------------
     41664       1674       3002        544      14376     151683   Object Totals
         0          0         48          0          0          0   (incl. Generated)
         6          0          6          4          5          0   (incl. Padding)

    ----------------------------------------------------------------------

      Code (inc. data)   RO Data    RW Data    ZI Data      Debug   Library Member Name

        90          0          0          0          0          0   __dczerorl2.o
         8          0          0          0          0         68   __main.o
        52          8          0          0          0          0   __scatter.o
        26          0          0          0          0          0   __scatter_copy.o
        28          0          0          0          0          0   __scatter_zi.o
         0          0         12          0          0          0   _monlen.o
        22          0          0          0          0        100   _rserrno.o
        10          0          0          0          0         68   defsig_exit.o
        50          0          0          0          0         88   defsig_general.o
        80         58          0          0          0         76   defsig_rtmem_inner.o
        14          0          0          0          0         80   defsig_rtmem_outer.o
        12          0          0          0          0         72   exit.o
        94          0          0          0          0         80   h1_alloc.o
        52          0          0          0          0         68   h1_extend.o
        78          0          0          0          0         80   h1_free.o
        14          0          0          0          0         84   h1_init.o
        80          6          0          4          0         96   heapauxa.o
         4          0          0          0          0        136   hguard.o
       138          0          0          0          0        168   init_alloc.o
         2          0          0          0          0          0   libinit.o
        10          0          0          0          0          0   libinit2.o
         2          0          0          0          0          0   libshutdown.o
         2          0          0          0          0          0   libshutdown2.o
         8          4          0          0         96         68   libspace.o
         0          0          0          0          0          0   maybetermalloc1.o
       420          8          0          0          0        124   mktime.o
         8          4          0          0          0         68   rt_errno_addr_intlibspace.o
         8          4          0          0          0         68   rt_heap_descriptor_intlibspace.o
        68          0          0          0          0         68   rt_memclr.o
        78          0          0          0          0         80   rt_memclr_w.o
       138          0          0          0          0         68   rt_memcpy_v6.o
       100          0          0          0          0         80   rt_memcpy_w.o
         0          0          0          0          0          0   rtentry.o
        12          0          0          0          0          0   rtentry2.o
         6          0          0          0          0          0   rtentry4.o
         2          0          0          0          0          0   rtexit.o
        10          0          0          0          0          0   rtexit2.o
        74          0          0          0          0         80   sys_stackheap_outer.o
         2          0          0          0          0         68   use_no_semi.o
        98          4          0          0          0         92   d2f.o
       826         16          0          0          0        356   daddsub_clz.o
        16          4          0          0          0         68   dcheck1.o
        24          0          0          0          0         68   dcmpi.o
       688        140          0          0          0        212   ddiv.o
        94          4          0          0          0         92   dfix.o
        84          0          0          0          0        136   dflt_clz.o
       120          4          0          0          0         92   dleqf.o
       340         12          0          0          0        104   dmul.o
       156          4          0          0          0         92   dnaninf.o
        12          0          0          0          0         68   dretinf.o
       108          0          0          0          0         80   drleqf.o
       460         56          0          0          0        120   dsqrt_noumaal.o
        86          4          0          0          0         84   f2d.o
       430          8          0          0          0        168   faddsub_clz.o
        24          0          0          0          0         68   fcmpi.o
       388         76          0          0          0         96   fdiv.o
        54          4          0          0          0         84   ffix.o
        48          0          0          0          0         68   fflt_clz.o
       104          4          0          0          0         84   fleqf.o
       258          4          0          0          0         84   fmul.o
       140          4          0          0          0         84   fnaninf.o
        10          0          0          0          0         68   fretinf.o
        98          0          0          0          0         68   frleqf.o
       100          0          0          0          0         68   retnan.o
        92          0          0          0          0         68   scalbn.o
        48          0          0          0          0         68   trapv.o
         0          0          0          0          0          0   usenofp.o
       636         52         80          0          0        168   asin.o
       548         70        152          0          0        124   atan.o
       384         38          0          0          0        144   atan2.o
       172          8          0          0          0        112   cos.o
       252         22         48          0          0        124   cos_i.o
        16          6          0          0          0         68   dunder.o
        40          0          0          0          0         68   fpclassify.o
       170          0          0          0          0         96   poly.o
         0          0          8          0          0          0   qnan.o
       904         72        200          0          0        132   rred.o
       176         10          0          0          0        116   sin.o
       236         12         40          0          0        128   sin_i.o
        78          0          0          0          0         84   sqrt.o
         2          0          0          0          0       8109   osinithookbegin.o
         2          0          0          0          0        408   osinithookend.o
         4          0          0          0          0        459   ostaskcreatehook.o
         4          0          0          0          0        444   ostaskdelhook.o
         2          0          0          0          0        413   ostaskidlehook.o
         2          0          0          0          0        413   ostaskstathook.o
         2          0          0          0          0        403   ostaskswhook.o
         4          0          0          0          0        444   ostcbinithook.o
         2          0          0          0          0        413   ostimetickhook.o

    ----------------------------------------------------------------------
     10374        730        544          4         96      17646   Library Totals
        30          0          4          0          0          0   (incl. Padding)

    ----------------------------------------------------------------------

      Code (inc. data)   RO Data    RW Data    ZI Data      Debug   Library Name

      1802         92         12          4         96       2036   c_w.l
      4906        348          0          0          0       2740   fz_ws.l
      3612        290        528          0          0       1364   m_ws.l
        24          0          0          0          0      11506   uCOS-II hook.lib

    ----------------------------------------------------------------------
     10374        730        544          4         96      17646   Library Totals

    ----------------------------------------------------------------------

==============================================================================


      Code (inc. data)   RO Data    RW Data    ZI Data      Debug   

     52038       2404       3546        548      14472     163363   Grand Totals
     52038       2404       3546        264      14472     163363   ELF Image Totals (compressed)
     52038       2404       3546        264          0          0   ROM Totals

==============================================================================

    Total RO  Size (Code + RO Data)                55584 (  54.28kB)
    Total RW  Size (RW Data + ZI Data)             15020 (  14.67kB)
    Total ROM Size (Code + RO Data + RW Data)      55848 (  54.54kB)

==============================================================================

