<!doctype html public "-//w3c//dtd html 4.0 transitional//en">
<html><head>
<title>Static Call Graph - [.\out\Cortex-M3 Execute for lpc1700.axf]</title></head>
<body><HR>
<H1>Static Call Graph for image .\out\Cortex-M3 Execute for lpc1700.axf</H1><HR>
<BR><P>#&#060CALLGRAPH&#062# ARM Linker, 5.03 [Build 24]: Last Updated: Tue Apr 05 14:50:13 2016
<BR><P>
<H3>Maximum Stack Usage =        652 bytes + Unknown(Functions without stacksize, Untraceable Function Pointers)</H3><H3>
Call chain for Maximum Stack Depth:</H3>
task_adc &rArr; HandleSensor &rArr; Drift_correction &rArr; sin &rArr; __ieee754_rem_pio2 &rArr; __aeabi_dmul
<P>
<H3>
Functions with no stack information
</H3><UL>
 <LI><a href="#[10]">__user_initial_stackheap</a>
</UL>
</UL>
<P>
<H3>
Function Pointers
</H3><UL>
 <LI><a href="#[b3]">I2C0_IRQHandler</a> from i2c_driver.o(.text) referenced from i2c_driver.o(.text)
 <LI><a href="#[fc]">OS_TaskIdle</a> from os_core.o(.text) referenced from os_core.o(.text)
 <LI><a href="#[f9]">OS_TaskStat</a> from os_core.o(.text) referenced from os_core.o(.text)
 <LI><a href="#[76]">SSP0_IRQHandler</a> from flash_driver.o(.text) referenced from flash_driver.o(.text)
 <LI><a href="#[5f]">UART0_IRQHandler</a> from uart_driver.o(.text) referenced from uart_driver.o(.text)
 <LI><a href="#[6b]">UART3_IRQHandler</a> from uart_driver.o(.text) referenced from uart_driver.o(.text)
 <LI><a href="#[f]">__main</a> from __main.o(!!!main) referenced from vector_table.o(.constdata)
 <LI><a href="#[f]">__main</a> from __main.o(!!!main) referenced 2 times from vector_table.o(.data)
 <LI><a href="#[9]">__s_OSCtxSw</a> from os_cpu_c.o(.emb_text) referenced from os_cpu_c.o(.emb_text)
 <LI><a href="#[9]">__s_OSCtxSw</a> from os_cpu_c.o(.emb_text) referenced from os_cpu_c.o(.text)
 <LI><a href="#[a]">__s_OSStartHighRdy</a> from os_cpu_c.o(.emb_text) referenced from os_cpu_c.o(.emb_text)
 <LI><a href="#[b]">__s_OS_ENTER_CRITICAL</a> from os_cpu_c.o(.emb_text) referenced from os_cpu_c.o(.emb_text)
 <LI><a href="#[c]">__s_OS_EXIT_CRITICAL</a> from os_cpu_c.o(.emb_text) referenced from os_cpu_c.o(.emb_text)
 <LI><a href="#[d]">__s_changeToSYSMode</a> from os_cpu_c.o(.emb_text) referenced from os_cpu_c.o(.emb_text)
 <LI><a href="#[114]">__sysTickIsr</a> from os_cpu_c.o(.text) referenced from os_cpu_c.o(.text)
 <LI><a href="#[7]">defaultVectorHandle</a> from target.o(.text) referenced 9 times from vector_table.o(.constdata)
 <LI><a href="#[7]">defaultVectorHandle</a> from target.o(.text) referenced 18 times from vector_table.o(.data)
 <LI><a href="#[24]">mainTask</a> from main.o(.text) referenced from main.o(.text)
 <LI><a href="#[8]">svcallHandle</a> from os_cpu_c.o(.emb_text) referenced from vector_table.o(.constdata)
 <LI><a href="#[8]">svcallHandle</a> from os_cpu_c.o(.emb_text) referenced 2 times from vector_table.o(.data)
 <LI><a href="#[8]">svcallHandle</a> from os_cpu_c.o(.emb_text) referenced 2 times from target.o(.text)
 <LI><a href="#[e]">taskEntry</a> from os_cpu_c.o(.emb_text) referenced from os_cpu_c.o(.text)
 <LI><a href="#[27]">task_adc</a> from main.o(.text) referenced from main.o(.text)
 <LI><a href="#[32]">task_com</a> from main.o(.text) referenced from main.o(.text)
 <LI><a href="#[2e]">task_dxl</a> from main.o(.text) referenced from main.o(.text)
 <LI><a href="#[2b]">task_gaitgen</a> from main.o(.text) referenced from main.o(.text)
</UL>
<P>
<H3>
Global Symbols
</H3>
<P><STRONG><a name="[f]"></a>__main</STRONG> (Thumb, 8 bytes, Stack size 0 bytes, __main.o(!!!main))
<BR><BR>[Calls]<UL><LI><a href="#[12]">&gt;&gt;</a>&nbsp;&nbsp;&nbsp;__rt_entry
<LI><a href="#[11]">&gt;&gt;</a>&nbsp;&nbsp;&nbsp;__scatterload
</UL>

<P><STRONG><a name="[11]"></a>__scatterload</STRONG> (Thumb, 0 bytes, Stack size unknown bytes, __scatter.o(!!!scatter))
<BR><BR>[Called By]<UL><LI><a href="#[f]">&gt;&gt;</a>&nbsp;&nbsp;&nbsp;__main
</UL>

<P><STRONG><a name="[13]"></a>__scatterload_rt2</STRONG> (Thumb, 44 bytes, Stack size unknown bytes, __scatter.o(!!!scatter), UNUSED)
<BR><BR>[Calls]<UL><LI><a href="#[12]">&gt;&gt;</a>&nbsp;&nbsp;&nbsp;__rt_entry
</UL>

<P><STRONG><a name="[159]"></a>__scatterload_rt2_thumb_only</STRONG> (Thumb, 0 bytes, Stack size unknown bytes, __scatter.o(!!!scatter), UNUSED)

<P><STRONG><a name="[15a]"></a>__scatterload_null</STRONG> (Thumb, 0 bytes, Stack size unknown bytes, __scatter.o(!!!scatter), UNUSED)

<P><STRONG><a name="[15b]"></a>__decompress</STRONG> (Thumb, 90 bytes, Stack size unknown bytes, __dczerorl2.o(!!dczerorl2), UNUSED)

<P><STRONG><a name="[15c]"></a>__decompress1</STRONG> (Thumb, 0 bytes, Stack size unknown bytes, __dczerorl2.o(!!dczerorl2), UNUSED)

<P><STRONG><a name="[14]"></a>__scatterload_copy</STRONG> (Thumb, 26 bytes, Stack size unknown bytes, __scatter_copy.o(!!handler_copy), UNUSED)
<BR><BR>[Calls]<UL><LI><a href="#[14]">&gt;&gt;</a>&nbsp;&nbsp;&nbsp;__scatterload_copy
</UL>
<BR>[Called By]<UL><LI><a href="#[14]">&gt;&gt;</a>&nbsp;&nbsp;&nbsp;__scatterload_copy
</UL>

<P><STRONG><a name="[15d]"></a>__scatterload_zeroinit</STRONG> (Thumb, 28 bytes, Stack size unknown bytes, __scatter_zi.o(!!handler_zi), UNUSED)

<P><STRONG><a name="[1a]"></a>__rt_lib_init</STRONG> (Thumb, 0 bytes, Stack size unknown bytes, libinit.o(.ARM.Collect$$libinit$$00000000))
<BR><BR>[Called By]<UL><LI><a href="#[19]">&gt;&gt;</a>&nbsp;&nbsp;&nbsp;__rt_entry_li
</UL>

<P><STRONG><a name="[15e]"></a>__rt_lib_init_fp_1</STRONG> (Thumb, 0 bytes, Stack size unknown bytes, libinit2.o(.ARM.Collect$$libinit$$00000002))

<P><STRONG><a name="[15]"></a>__rt_lib_init_heap_2</STRONG> (Thumb, 0 bytes, Stack size unknown bytes, libinit2.o(.ARM.Collect$$libinit$$00000003))
<BR><BR>[Stack]<UL><LI>Max Depth = 56 + Unknown Stack Size
<LI>Call Chain = __rt_lib_init_heap_2 &rArr; _init_alloc &rArr; __rt_SIGRTMEM &rArr; __rt_SIGRTMEM_inner &rArr; __default_signal_display
</UL>
<BR>[Calls]<UL><LI><a href="#[16]">&gt;&gt;</a>&nbsp;&nbsp;&nbsp;_init_alloc
</UL>

<P><STRONG><a name="[15f]"></a>__rt_lib_init_alloca_1</STRONG> (Thumb, 0 bytes, Stack size unknown bytes, libinit2.o(.ARM.Collect$$libinit$$0000002C))

<P><STRONG><a name="[160]"></a>__rt_lib_init_argv_1</STRONG> (Thumb, 0 bytes, Stack size unknown bytes, libinit2.o(.ARM.Collect$$libinit$$0000002A))

<P><STRONG><a name="[161]"></a>__rt_lib_init_atexit_1</STRONG> (Thumb, 0 bytes, Stack size unknown bytes, libinit2.o(.ARM.Collect$$libinit$$00000019))

<P><STRONG><a name="[162]"></a>__rt_lib_init_clock_1</STRONG> (Thumb, 0 bytes, Stack size unknown bytes, libinit2.o(.ARM.Collect$$libinit$$0000001F))

<P><STRONG><a name="[163]"></a>__rt_lib_init_cpp_1</STRONG> (Thumb, 0 bytes, Stack size unknown bytes, libinit2.o(.ARM.Collect$$libinit$$00000030))

<P><STRONG><a name="[164]"></a>__rt_lib_init_exceptions_1</STRONG> (Thumb, 0 bytes, Stack size unknown bytes, libinit2.o(.ARM.Collect$$libinit$$0000002E))

<P><STRONG><a name="[165]"></a>__rt_lib_init_fp_trap_1</STRONG> (Thumb, 0 bytes, Stack size unknown bytes, libinit2.o(.ARM.Collect$$libinit$$0000001D))

<P><STRONG><a name="[166]"></a>__rt_lib_init_getenv_1</STRONG> (Thumb, 0 bytes, Stack size unknown bytes, libinit2.o(.ARM.Collect$$libinit$$00000021))

<P><STRONG><a name="[167]"></a>__rt_lib_init_heap_1</STRONG> (Thumb, 0 bytes, Stack size unknown bytes, libinit2.o(.ARM.Collect$$libinit$$00000008))

<P><STRONG><a name="[168]"></a>__rt_lib_init_lc_collate_1</STRONG> (Thumb, 0 bytes, Stack size unknown bytes, libinit2.o(.ARM.Collect$$libinit$$0000000F))

<P><STRONG><a name="[169]"></a>__rt_lib_init_lc_ctype_1</STRONG> (Thumb, 0 bytes, Stack size unknown bytes, libinit2.o(.ARM.Collect$$libinit$$00000011))

<P><STRONG><a name="[16a]"></a>__rt_lib_init_lc_monetary_1</STRONG> (Thumb, 0 bytes, Stack size unknown bytes, libinit2.o(.ARM.Collect$$libinit$$00000013))

<P><STRONG><a name="[16b]"></a>__rt_lib_init_lc_numeric_1</STRONG> (Thumb, 0 bytes, Stack size unknown bytes, libinit2.o(.ARM.Collect$$libinit$$00000015))

<P><STRONG><a name="[16c]"></a>__rt_lib_init_lc_time_1</STRONG> (Thumb, 0 bytes, Stack size unknown bytes, libinit2.o(.ARM.Collect$$libinit$$00000017))

<P><STRONG><a name="[16d]"></a>__rt_lib_init_rand_1</STRONG> (Thumb, 0 bytes, Stack size unknown bytes, libinit2.o(.ARM.Collect$$libinit$$0000000C))

<P><STRONG><a name="[16e]"></a>__rt_lib_init_return</STRONG> (Thumb, 0 bytes, Stack size unknown bytes, libinit2.o(.ARM.Collect$$libinit$$00000031))

<P><STRONG><a name="[16f]"></a>__rt_lib_init_signal_1</STRONG> (Thumb, 0 bytes, Stack size unknown bytes, libinit2.o(.ARM.Collect$$libinit$$0000001B))

<P><STRONG><a name="[170]"></a>__rt_lib_init_stdio_1</STRONG> (Thumb, 0 bytes, Stack size unknown bytes, libinit2.o(.ARM.Collect$$libinit$$00000023))

<P><STRONG><a name="[171]"></a>__rt_lib_init_user_alloc_1</STRONG> (Thumb, 0 bytes, Stack size unknown bytes, libinit2.o(.ARM.Collect$$libinit$$0000000A))

<P><STRONG><a name="[1f]"></a>__rt_lib_shutdown</STRONG> (Thumb, 0 bytes, Stack size unknown bytes, libshutdown.o(.ARM.Collect$$libshutdown$$00000000))
<BR><BR>[Called By]<UL><LI><a href="#[1e]">&gt;&gt;</a>&nbsp;&nbsp;&nbsp;__rt_exit_ls
</UL>

<P><STRONG><a name="[172]"></a>__rt_lib_shutdown_fp_trap_1</STRONG> (Thumb, 0 bytes, Stack size unknown bytes, libshutdown2.o(.ARM.Collect$$libshutdown$$00000006))

<P><STRONG><a name="[173]"></a>__rt_lib_shutdown_heap_1</STRONG> (Thumb, 0 bytes, Stack size unknown bytes, libshutdown2.o(.ARM.Collect$$libshutdown$$0000000E))

<P><STRONG><a name="[174]"></a>__rt_lib_shutdown_return</STRONG> (Thumb, 0 bytes, Stack size unknown bytes, libshutdown2.o(.ARM.Collect$$libshutdown$$0000000F))

<P><STRONG><a name="[175]"></a>__rt_lib_shutdown_signal_1</STRONG> (Thumb, 0 bytes, Stack size unknown bytes, libshutdown2.o(.ARM.Collect$$libshutdown$$00000009))

<P><STRONG><a name="[176]"></a>__rt_lib_shutdown_stdio_1</STRONG> (Thumb, 0 bytes, Stack size unknown bytes, libshutdown2.o(.ARM.Collect$$libshutdown$$00000003))

<P><STRONG><a name="[177]"></a>__rt_lib_shutdown_user_alloc_1</STRONG> (Thumb, 0 bytes, Stack size unknown bytes, libshutdown2.o(.ARM.Collect$$libshutdown$$0000000B))

<P><STRONG><a name="[12]"></a>__rt_entry</STRONG> (Thumb, 0 bytes, Stack size unknown bytes, rtentry.o(.ARM.Collect$$rtentry$$00000000))
<BR><BR>[Called By]<UL><LI><a href="#[f]">&gt;&gt;</a>&nbsp;&nbsp;&nbsp;__main
<LI><a href="#[13]">&gt;&gt;</a>&nbsp;&nbsp;&nbsp;__scatterload_rt2
</UL>

<P><STRONG><a name="[178]"></a>__rt_entry_presh_1</STRONG> (Thumb, 0 bytes, Stack size unknown bytes, rtentry2.o(.ARM.Collect$$rtentry$$00000002))

<P><STRONG><a name="[17]"></a>__rt_entry_sh</STRONG> (Thumb, 0 bytes, Stack size unknown bytes, rtentry4.o(.ARM.Collect$$rtentry$$00000004))
<BR><BR>[Stack]<UL><LI>Max Depth = 8 + Unknown Stack Size
<LI>Call Chain = __rt_entry_sh &rArr; __user_setup_stackheap
</UL>
<BR>[Calls]<UL><LI><a href="#[18]">&gt;&gt;</a>&nbsp;&nbsp;&nbsp;__user_setup_stackheap
</UL>

<P><STRONG><a name="[19]"></a>__rt_entry_li</STRONG> (Thumb, 0 bytes, Stack size unknown bytes, rtentry2.o(.ARM.Collect$$rtentry$$0000000A))
<BR><BR>[Calls]<UL><LI><a href="#[1a]">&gt;&gt;</a>&nbsp;&nbsp;&nbsp;__rt_lib_init
</UL>

<P><STRONG><a name="[179]"></a>__rt_entry_postsh_1</STRONG> (Thumb, 0 bytes, Stack size unknown bytes, rtentry2.o(.ARM.Collect$$rtentry$$00000009))

<P><STRONG><a name="[1b]"></a>__rt_entry_main</STRONG> (Thumb, 0 bytes, Stack size unknown bytes, rtentry2.o(.ARM.Collect$$rtentry$$0000000D))
<BR><BR>[Stack]<UL><LI>Max Depth = 136 + Unknown Stack Size
<LI>Call Chain = __rt_entry_main &rArr; main &rArr; OSInit &rArr; OS_InitTaskIdle &rArr; OSTaskCreateExt &rArr; OS_TCBInit
</UL>
<BR>[Calls]<UL><LI><a href="#[1c]">&gt;&gt;</a>&nbsp;&nbsp;&nbsp;main
<LI><a href="#[1d]">&gt;&gt;</a>&nbsp;&nbsp;&nbsp;exit
</UL>

<P><STRONG><a name="[17a]"></a>__rt_entry_postli_1</STRONG> (Thumb, 0 bytes, Stack size unknown bytes, rtentry2.o(.ARM.Collect$$rtentry$$0000000C))

<P><STRONG><a name="[128]"></a>__rt_exit</STRONG> (Thumb, 0 bytes, Stack size unknown bytes, rtexit.o(.ARM.Collect$$rtexit$$00000000))
<BR><BR>[Called By]<UL><LI><a href="#[1d]">&gt;&gt;</a>&nbsp;&nbsp;&nbsp;exit
</UL>

<P><STRONG><a name="[1e]"></a>__rt_exit_ls</STRONG> (Thumb, 0 bytes, Stack size unknown bytes, rtexit2.o(.ARM.Collect$$rtexit$$00000003))
<BR><BR>[Calls]<UL><LI><a href="#[1f]">&gt;&gt;</a>&nbsp;&nbsp;&nbsp;__rt_lib_shutdown
</UL>

<P><STRONG><a name="[17b]"></a>__rt_exit_prels_1</STRONG> (Thumb, 0 bytes, Stack size unknown bytes, rtexit2.o(.ARM.Collect$$rtexit$$00000002))

<P><STRONG><a name="[20]"></a>__rt_exit_exit</STRONG> (Thumb, 0 bytes, Stack size unknown bytes, rtexit2.o(.ARM.Collect$$rtexit$$00000004))
<BR><BR>[Calls]<UL><LI><a href="#[21]">&gt;&gt;</a>&nbsp;&nbsp;&nbsp;_sys_exit
</UL>

<P><STRONG><a name="[8]"></a>svcallHandle</STRONG> (Thumb, 36 bytes, Stack size 0 bytes, os_cpu_c.o(.emb_text))
<BR>[Address Reference Count : 4]<UL><LI> vector_table.o(.constdata)
<LI> vector_table.o(.data)
<LI> target.o(.text)
<LI> os_cpu_c.o(.text)
</UL>
<P><STRONG><a name="[115]"></a>__OSStartHighRdy</STRONG> (Thumb, 10 bytes, Stack size 0 bytes, os_cpu_c.o(.emb_text))
<BR><BR>[Called By]<UL><LI><a href="#[109]">&gt;&gt;</a>&nbsp;&nbsp;&nbsp;OSStartHighRdy
</UL>

<P><STRONG><a name="[a]"></a>__s_OSStartHighRdy</STRONG> (Thumb, 42 bytes, Stack size 0 bytes, os_cpu_c.o(.emb_text))
<BR><BR>[Calls]<UL><LI><a href="#[22]">&gt;&gt;</a>&nbsp;&nbsp;&nbsp;OSTaskSwHook
</UL>
<BR>[Address Reference Count : 1]<UL><LI> os_cpu_c.o(.emb_text)
</UL>
<P><STRONG><a name="[9]"></a>__s_OSCtxSw</STRONG> (Thumb, 80 bytes, Stack size 0 bytes, os_cpu_c.o(.emb_text))
<BR><BR>[Calls]<UL><LI><a href="#[22]">&gt;&gt;</a>&nbsp;&nbsp;&nbsp;OSTaskSwHook
</UL>
<BR>[Address Reference Count : 2]<UL><LI> os_cpu_c.o(.emb_text)
<LI> os_cpu_c.o(.text)
</UL>
<P><STRONG><a name="[b]"></a>__s_OS_ENTER_CRITICAL</STRONG> (Thumb, 28 bytes, Stack size 0 bytes, os_cpu_c.o(.emb_text))
<BR>[Address Reference Count : 1]<UL><LI> os_cpu_c.o(.emb_text)
</UL>
<P><STRONG><a name="[c]"></a>__s_OS_EXIT_CRITICAL</STRONG> (Thumb, 28 bytes, Stack size 0 bytes, os_cpu_c.o(.emb_text))
<BR>[Address Reference Count : 1]<UL><LI> os_cpu_c.o(.emb_text)
</UL>
<P><STRONG><a name="[d]"></a>__s_changeToSYSMode</STRONG> (Thumb, 10 bytes, Stack size 0 bytes, os_cpu_c.o(.emb_text))
<BR>[Address Reference Count : 1]<UL><LI> os_cpu_c.o(.emb_text)
</UL>
<P><STRONG><a name="[c3]"></a>changeToUSRMode</STRONG> (Thumb, 10 bytes, Stack size 0 bytes, os_cpu_c.o(.emb_text))
<BR><BR>[Called By]<UL><LI><a href="#[c5]">&gt;&gt;</a>&nbsp;&nbsp;&nbsp;__s_zyIsrDisable
<LI><a href="#[c4]">&gt;&gt;</a>&nbsp;&nbsp;&nbsp;__s_zyIsrClr
<LI><a href="#[65]">&gt;&gt;</a>&nbsp;&nbsp;&nbsp;zyIsrSet
<LI><a href="#[66]">&gt;&gt;</a>&nbsp;&nbsp;&nbsp;zyIsrEnable
</UL>

<P><STRONG><a name="[e]"></a>taskEntry</STRONG> (Thumb, 10 bytes, Stack size 0 bytes, os_cpu_c.o(.emb_text))
<BR><BR>[Stack]<UL><LI>Max Depth = 36<LI>Call Chain = taskEntry &rArr; OSTaskDel &rArr; OS_FlagUnlink
</UL>
<BR>[Calls]<UL><LI><a href="#[23]">&gt;&gt;</a>&nbsp;&nbsp;&nbsp;OSTaskDel
</UL>
<BR>[Address Reference Count : 1]<UL><LI> os_cpu_c.o(.text)
</UL>
<P><STRONG><a name="[17c]"></a>_maybe_terminate_alloc</STRONG> (Thumb, 0 bytes, Stack size 0 bytes, maybetermalloc1.o(.emb_text), UNUSED)

<P><STRONG><a name="[24]"></a>mainTask</STRONG> (Thumb, 70 bytes, Stack size 0 bytes, main.o(.text))
<BR><BR>[Stack]<UL><LI>Max Depth = 44<LI>Call Chain = mainTask &rArr; HandleInterrupt &rArr; OSSemPost &rArr; OS_EventTaskRdy
</UL>
<BR>[Calls]<UL><LI><a href="#[25]">&gt;&gt;</a>&nbsp;&nbsp;&nbsp;OSTimeDly
<LI><a href="#[26]">&gt;&gt;</a>&nbsp;&nbsp;&nbsp;HandleInterrupt
</UL>
<BR>[Address Reference Count : 1]<UL><LI> main.o(.text)
</UL>
<P><STRONG><a name="[27]"></a>task_adc</STRONG> (Thumb, 18 bytes, Stack size 0 bytes, main.o(.text))
<BR><BR>[Stack]<UL><LI>Max Depth = 652<LI>Call Chain = task_adc &rArr; HandleSensor &rArr; Drift_correction &rArr; sin &rArr; __ieee754_rem_pio2 &rArr; __aeabi_dmul
</UL>
<BR>[Calls]<UL><LI><a href="#[29]">&gt;&gt;</a>&nbsp;&nbsp;&nbsp;WaitADCInterrupt
<LI><a href="#[28]">&gt;&gt;</a>&nbsp;&nbsp;&nbsp;InitSensor
<LI><a href="#[2a]">&gt;&gt;</a>&nbsp;&nbsp;&nbsp;HandleSensor
</UL>
<BR>[Address Reference Count : 1]<UL><LI> main.o(.text)
</UL>
<P><STRONG><a name="[2b]"></a>task_gaitgen</STRONG> (Thumb, 14 bytes, Stack size 0 bytes, main.o(.text))
<BR><BR>[Stack]<UL><LI>Max Depth = 208<LI>Call Chain = task_gaitgen &rArr; GenerateGaitStep &rArr; GetInverseKine &rArr; FillInHomoMatrixRPYRev
</UL>
<BR>[Calls]<UL><LI><a href="#[2c]">&gt;&gt;</a>&nbsp;&nbsp;&nbsp;InitGaitGeneration
<LI><a href="#[2d]">&gt;&gt;</a>&nbsp;&nbsp;&nbsp;GenerateGaitStep
</UL>
<BR>[Address Reference Count : 1]<UL><LI> main.o(.text)
</UL>
<P><STRONG><a name="[2e]"></a>task_dxl</STRONG> (Thumb, 22 bytes, Stack size 0 bytes, main.o(.text))
<BR><BR>[Stack]<UL><LI>Max Depth = 116<LI>Call Chain = task_dxl &rArr; HandleDXLControl &rArr; GetNextConfigurationWithPose &rArr; OSMutexPost &rArr; OS_EventTaskRdy
</UL>
<BR>[Calls]<UL><LI><a href="#[30]">&gt;&gt;</a>&nbsp;&nbsp;&nbsp;WaitDXLInterrupt
<LI><a href="#[2f]">&gt;&gt;</a>&nbsp;&nbsp;&nbsp;InitDxlControl
<LI><a href="#[31]">&gt;&gt;</a>&nbsp;&nbsp;&nbsp;HandleDXLControl
</UL>
<BR>[Address Reference Count : 1]<UL><LI> main.o(.text)
</UL>
<P><STRONG><a name="[32]"></a>task_com</STRONG> (Thumb, 62 bytes, Stack size 0 bytes, main.o(.text))
<BR><BR>[Stack]<UL><LI>Max Depth = 168<LI>Call Chain = task_com &rArr; HandleInstPacket &rArr; StoreCalibrationToFlash &rArr; Write &rArr; WriteFlashPage &rArr; OSSemPend &rArr; OS_Sched
</UL>
<BR>[Calls]<UL><LI><a href="#[34]">&gt;&gt;</a>&nbsp;&nbsp;&nbsp;WaitCOMWholePacket
<LI><a href="#[36]">&gt;&gt;</a>&nbsp;&nbsp;&nbsp;SendPacket
<LI><a href="#[35]">&gt;&gt;</a>&nbsp;&nbsp;&nbsp;HandleInstPacket
<LI><a href="#[33]">&gt;&gt;</a>&nbsp;&nbsp;&nbsp;__aeabi_memclr4
</UL>
<BR>[Address Reference Count : 1]<UL><LI> main.o(.text)
</UL>
<P><STRONG><a name="[1c]"></a>main</STRONG> (Thumb, 284 bytes, Stack size 8 bytes, main.o(.text))
<BR><BR>[Stack]<UL><LI>Max Depth = 136<LI>Call Chain = main &rArr; OSInit &rArr; OS_InitTaskIdle &rArr; OSTaskCreateExt &rArr; OS_TCBInit
</UL>
<BR>[Calls]<UL><LI><a href="#[37]">&gt;&gt;</a>&nbsp;&nbsp;&nbsp;targetInit
<LI><a href="#[38]">&gt;&gt;</a>&nbsp;&nbsp;&nbsp;pinInit
<LI><a href="#[39]">&gt;&gt;</a>&nbsp;&nbsp;&nbsp;pconpInit
<LI><a href="#[3b]">&gt;&gt;</a>&nbsp;&nbsp;&nbsp;SSP0_init
<LI><a href="#[43]">&gt;&gt;</a>&nbsp;&nbsp;&nbsp;OSTaskCreate
<LI><a href="#[44]">&gt;&gt;</a>&nbsp;&nbsp;&nbsp;OSStart
<LI><a href="#[41]">&gt;&gt;</a>&nbsp;&nbsp;&nbsp;OSSemCreate
<LI><a href="#[42]">&gt;&gt;</a>&nbsp;&nbsp;&nbsp;OSQCreate
<LI><a href="#[40]">&gt;&gt;</a>&nbsp;&nbsp;&nbsp;OSMutexCreate
<LI><a href="#[3f]">&gt;&gt;</a>&nbsp;&nbsp;&nbsp;OSInit
<LI><a href="#[3a]">&gt;&gt;</a>&nbsp;&nbsp;&nbsp;InitSci
<LI><a href="#[3e]">&gt;&gt;</a>&nbsp;&nbsp;&nbsp;InitFileSystem
<LI><a href="#[3c]">&gt;&gt;</a>&nbsp;&nbsp;&nbsp;InitAdc
<LI><a href="#[3d]">&gt;&gt;</a>&nbsp;&nbsp;&nbsp;I2CInit
</UL>
<BR>[Called By]<UL><LI><a href="#[1b]">&gt;&gt;</a>&nbsp;&nbsp;&nbsp;__rt_entry_main
</UL>

<P><STRONG><a name="[ae]"></a>GetCOMHead</STRONG> (Thumb, 12 bytes, Stack size 0 bytes, com_protocol.o(.text))
<BR><BR>[Called By]<UL><LI><a href="#[2d]">&gt;&gt;</a>&nbsp;&nbsp;&nbsp;GenerateGaitStep
</UL>

<P><STRONG><a name="[4b]"></a>ConstructCOMPacket</STRONG> (Thumb, 52 bytes, Stack size 8 bytes, com_protocol.o(.text))
<BR><BR>[Stack]<UL><LI>Max Depth = 8<LI>Call Chain = ConstructCOMPacket
</UL>
<BR>[Called By]<UL><LI><a href="#[35]">&gt;&gt;</a>&nbsp;&nbsp;&nbsp;HandleInstPacket
<LI><a href="#[2d]">&gt;&gt;</a>&nbsp;&nbsp;&nbsp;GenerateGaitStep
</UL>

<P><STRONG><a name="[46]"></a>COMPacketCheck</STRONG> (Thumb, 58 bytes, Stack size 16 bytes, com_protocol.o(.text))
<BR><BR>[Stack]<UL><LI>Max Depth = 16<LI>Call Chain = COMPacketCheck
</UL>
<BR>[Called By]<UL><LI><a href="#[45]">&gt;&gt;</a>&nbsp;&nbsp;&nbsp;MakeCOMWholePacket
</UL>

<P><STRONG><a name="[45]"></a>MakeCOMWholePacket</STRONG> (Thumb, 122 bytes, Stack size 24 bytes, com_protocol.o(.text))
<BR><BR>[Stack]<UL><LI>Max Depth = 40<LI>Call Chain = MakeCOMWholePacket &rArr; COMPacketCheck
</UL>
<BR>[Calls]<UL><LI><a href="#[46]">&gt;&gt;</a>&nbsp;&nbsp;&nbsp;COMPacketCheck
</UL>
<BR>[Called By]<UL><LI><a href="#[34]">&gt;&gt;</a>&nbsp;&nbsp;&nbsp;WaitCOMWholePacket
</UL>

<P><STRONG><a name="[34]"></a>WaitCOMWholePacket</STRONG> (Thumb, 82 bytes, Stack size 24 bytes, com_protocol.o(.text))
<BR><BR>[Stack]<UL><LI>Max Depth = 72<LI>Call Chain = WaitCOMWholePacket &rArr; GetChar &rArr; OSQPend &rArr; OS_Sched
</UL>
<BR>[Calls]<UL><LI><a href="#[47]">&gt;&gt;</a>&nbsp;&nbsp;&nbsp;OSTimeGet
<LI><a href="#[48]">&gt;&gt;</a>&nbsp;&nbsp;&nbsp;GetChar
<LI><a href="#[45]">&gt;&gt;</a>&nbsp;&nbsp;&nbsp;MakeCOMWholePacket
</UL>
<BR>[Called By]<UL><LI><a href="#[32]">&gt;&gt;</a>&nbsp;&nbsp;&nbsp;task_com
</UL>

<P><STRONG><a name="[49]"></a>HandleOtherState</STRONG> (Thumb, 86 bytes, Stack size 16 bytes, com_protocol.o(.text))
<BR><BR>[Stack]<UL><LI>Max Depth = 88<LI>Call Chain = HandleOtherState &rArr; ServoTorqueEnable &rArr; SendDXLPacket &rArr; OSSemPend &rArr; OS_Sched
</UL>
<BR>[Calls]<UL><LI><a href="#[4a]">&gt;&gt;</a>&nbsp;&nbsp;&nbsp;ServoTorqueEnable
</UL>
<BR>[Called By]<UL><LI><a href="#[35]">&gt;&gt;</a>&nbsp;&nbsp;&nbsp;HandleInstPacket
</UL>

<P><STRONG><a name="[35]"></a>HandleInstPacket</STRONG> (Thumb, 1110 bytes, Stack size 40 bytes, com_protocol.o(.text))
<BR><BR>[Stack]<UL><LI>Max Depth = 168<LI>Call Chain = HandleInstPacket &rArr; StoreCalibrationToFlash &rArr; Write &rArr; WriteFlashPage &rArr; OSSemPend &rArr; OS_Sched
</UL>
<BR>[Calls]<UL><LI><a href="#[51]">&gt;&gt;</a>&nbsp;&nbsp;&nbsp;Write
<LI><a href="#[4e]">&gt;&gt;</a>&nbsp;&nbsp;&nbsp;TakeSingleAction
<LI><a href="#[5c]">&gt;&gt;</a>&nbsp;&nbsp;&nbsp;StoreCalibrationToFlash
<LI><a href="#[4d]">&gt;&gt;</a>&nbsp;&nbsp;&nbsp;SmoothConfiguration
<LI><a href="#[4a]">&gt;&gt;</a>&nbsp;&nbsp;&nbsp;ServoTorqueEnable
<LI><a href="#[50]">&gt;&gt;</a>&nbsp;&nbsp;&nbsp;Open
<LI><a href="#[5b]">&gt;&gt;</a>&nbsp;&nbsp;&nbsp;HandleTorsoPose
<LI><a href="#[59]">&gt;&gt;</a>&nbsp;&nbsp;&nbsp;HandleSensorFeedback
<LI><a href="#[58]">&gt;&gt;</a>&nbsp;&nbsp;&nbsp;HandleOdometer
<LI><a href="#[5a]">&gt;&gt;</a>&nbsp;&nbsp;&nbsp;HandleHeadMoving
<LI><a href="#[57]">&gt;&gt;</a>&nbsp;&nbsp;&nbsp;HandleGaitInst
<LI><a href="#[5d]">&gt;&gt;</a>&nbsp;&nbsp;&nbsp;GetSensorResult
<LI><a href="#[55]">&gt;&gt;</a>&nbsp;&nbsp;&nbsp;GetSensorRawResult
<LI><a href="#[5e]">&gt;&gt;</a>&nbsp;&nbsp;&nbsp;GetGeneratedRobotpose
<LI><a href="#[54]">&gt;&gt;</a>&nbsp;&nbsp;&nbsp;ExecuteGaitDirectionExt
<LI><a href="#[53]">&gt;&gt;</a>&nbsp;&nbsp;&nbsp;ExecuteGait
<LI><a href="#[4c]">&gt;&gt;</a>&nbsp;&nbsp;&nbsp;ExecuteConfiguration
<LI><a href="#[4f]">&gt;&gt;</a>&nbsp;&nbsp;&nbsp;CloseAll
<LI><a href="#[52]">&gt;&gt;</a>&nbsp;&nbsp;&nbsp;Close
<LI><a href="#[49]">&gt;&gt;</a>&nbsp;&nbsp;&nbsp;HandleOtherState
<LI><a href="#[4b]">&gt;&gt;</a>&nbsp;&nbsp;&nbsp;ConstructCOMPacket
<LI><a href="#[56]">&gt;&gt;</a>&nbsp;&nbsp;&nbsp;__aeabi_memclr
</UL>
<BR>[Called By]<UL><LI><a href="#[32]">&gt;&gt;</a>&nbsp;&nbsp;&nbsp;task_com
</UL>

<P><STRONG><a name="[5f]"></a>UART0_IRQHandler</STRONG> (Thumb, 116 bytes, Stack size 16 bytes, uart_driver.o(.text))
<BR><BR>[Stack]<UL><LI>Max Depth = 60<LI>Call Chain = UART0_IRQHandler &rArr; OSQPost &rArr; OS_EventTaskRdy
</UL>
<BR>[Calls]<UL><LI><a href="#[62]">&gt;&gt;</a>&nbsp;&nbsp;&nbsp;OSSemPost
<LI><a href="#[63]">&gt;&gt;</a>&nbsp;&nbsp;&nbsp;OSQPost
<LI><a href="#[61]">&gt;&gt;</a>&nbsp;&nbsp;&nbsp;OSIntExit
<LI><a href="#[60]">&gt;&gt;</a>&nbsp;&nbsp;&nbsp;OSIntEnter
</UL>
<BR>[Address Reference Count : 1]<UL><LI> uart_driver.o(.text)
</UL>
<P><STRONG><a name="[64]"></a>UART0_Init</STRONG> (Thumb, 76 bytes, Stack size 8 bytes, uart_driver.o(.text))
<BR><BR>[Stack]<UL><LI>Max Depth = 40<LI>Call Chain = UART0_Init &rArr; zyIsrSet
</UL>
<BR>[Calls]<UL><LI><a href="#[65]">&gt;&gt;</a>&nbsp;&nbsp;&nbsp;zyIsrSet
<LI><a href="#[66]">&gt;&gt;</a>&nbsp;&nbsp;&nbsp;zyIsrEnable
</UL>
<BR>[Called By]<UL><LI><a href="#[3a]">&gt;&gt;</a>&nbsp;&nbsp;&nbsp;InitSci
</UL>

<P><STRONG><a name="[36]"></a>SendPacket</STRONG> (Thumb, 134 bytes, Stack size 24 bytes, uart_driver.o(.text))
<BR><BR>[Stack]<UL><LI>Max Depth = 68<LI>Call Chain = SendPacket &rArr; OSMutexPost &rArr; OS_EventTaskRdy
</UL>
<BR>[Calls]<UL><LI><a href="#[68]">&gt;&gt;</a>&nbsp;&nbsp;&nbsp;OSSemPend
<LI><a href="#[69]">&gt;&gt;</a>&nbsp;&nbsp;&nbsp;OSMutexPost
<LI><a href="#[67]">&gt;&gt;</a>&nbsp;&nbsp;&nbsp;OSMutexPend
</UL>
<BR>[Called By]<UL><LI><a href="#[2d]">&gt;&gt;</a>&nbsp;&nbsp;&nbsp;GenerateGaitStep
<LI><a href="#[32]">&gt;&gt;</a>&nbsp;&nbsp;&nbsp;task_com
</UL>

<P><STRONG><a name="[48]"></a>GetChar</STRONG> (Thumb, 36 bytes, Stack size 16 bytes, uart_driver.o(.text))
<BR><BR>[Stack]<UL><LI>Max Depth = 48<LI>Call Chain = GetChar &rArr; OSQPend &rArr; OS_Sched
</UL>
<BR>[Calls]<UL><LI><a href="#[6a]">&gt;&gt;</a>&nbsp;&nbsp;&nbsp;OSQPend
</UL>
<BR>[Called By]<UL><LI><a href="#[34]">&gt;&gt;</a>&nbsp;&nbsp;&nbsp;WaitCOMWholePacket
</UL>

<P><STRONG><a name="[6b]"></a>UART3_IRQHandler</STRONG> (Thumb, 116 bytes, Stack size 16 bytes, uart_driver.o(.text))
<BR><BR>[Stack]<UL><LI>Max Depth = 60<LI>Call Chain = UART3_IRQHandler &rArr; OSQPost &rArr; OS_EventTaskRdy
</UL>
<BR>[Calls]<UL><LI><a href="#[62]">&gt;&gt;</a>&nbsp;&nbsp;&nbsp;OSSemPost
<LI><a href="#[63]">&gt;&gt;</a>&nbsp;&nbsp;&nbsp;OSQPost
<LI><a href="#[61]">&gt;&gt;</a>&nbsp;&nbsp;&nbsp;OSIntExit
<LI><a href="#[60]">&gt;&gt;</a>&nbsp;&nbsp;&nbsp;OSIntEnter
</UL>
<BR>[Address Reference Count : 1]<UL><LI> uart_driver.o(.text)
</UL>
<P><STRONG><a name="[6c]"></a>SendDXLPacket</STRONG> (Thumb, 114 bytes, Stack size 24 bytes, uart_driver.o(.text))
<BR><BR>[Stack]<UL><LI>Max Depth = 48<LI>Call Chain = SendDXLPacket &rArr; OSSemPend &rArr; OS_Sched
</UL>
<BR>[Calls]<UL><LI><a href="#[68]">&gt;&gt;</a>&nbsp;&nbsp;&nbsp;OSSemPend
</UL>
<BR>[Called By]<UL><LI><a href="#[4e]">&gt;&gt;</a>&nbsp;&nbsp;&nbsp;TakeSingleAction
<LI><a href="#[4a]">&gt;&gt;</a>&nbsp;&nbsp;&nbsp;ServoTorqueEnable
<LI><a href="#[31]">&gt;&gt;</a>&nbsp;&nbsp;&nbsp;HandleDXLControl
</UL>

<P><STRONG><a name="[6d]"></a>GetDXLChar</STRONG> (Thumb, 36 bytes, Stack size 16 bytes, uart_driver.o(.text), UNUSED)
<BR><BR>[Calls]<UL><LI><a href="#[6a]">&gt;&gt;</a>&nbsp;&nbsp;&nbsp;OSQPend
</UL>
<BR>[Called By]<UL><LI><a href="#[72]">&gt;&gt;</a>&nbsp;&nbsp;&nbsp;WaitDXLWholePacket
</UL>

<P><STRONG><a name="[6e]"></a>ChangeDXLDirection</STRONG> (Thumb, 128 bytes, Stack size 16 bytes, uart_driver.o(.text))
<BR><BR>[Stack]<UL><LI>Max Depth = 32<LI>Call Chain = ChangeDXLDirection &rArr; OSTimeDly &rArr; OS_Sched
</UL>
<BR>[Calls]<UL><LI><a href="#[25]">&gt;&gt;</a>&nbsp;&nbsp;&nbsp;OSTimeDly
</UL>
<BR>[Called By]<UL><LI><a href="#[6f]">&gt;&gt;</a>&nbsp;&nbsp;&nbsp;UART3_Init
<LI><a href="#[4e]">&gt;&gt;</a>&nbsp;&nbsp;&nbsp;TakeSingleAction
<LI><a href="#[4a]">&gt;&gt;</a>&nbsp;&nbsp;&nbsp;ServoTorqueEnable
<LI><a href="#[31]">&gt;&gt;</a>&nbsp;&nbsp;&nbsp;HandleDXLControl
</UL>

<P><STRONG><a name="[6f]"></a>UART3_Init</STRONG> (Thumb, 74 bytes, Stack size 8 bytes, uart_driver.o(.text))
<BR><BR>[Stack]<UL><LI>Max Depth = 40<LI>Call Chain = UART3_Init &rArr; zyIsrSet
</UL>
<BR>[Calls]<UL><LI><a href="#[65]">&gt;&gt;</a>&nbsp;&nbsp;&nbsp;zyIsrSet
<LI><a href="#[66]">&gt;&gt;</a>&nbsp;&nbsp;&nbsp;zyIsrEnable
<LI><a href="#[6e]">&gt;&gt;</a>&nbsp;&nbsp;&nbsp;ChangeDXLDirection
</UL>
<BR>[Called By]<UL><LI><a href="#[3a]">&gt;&gt;</a>&nbsp;&nbsp;&nbsp;InitSci
</UL>

<P><STRONG><a name="[3a]"></a>InitSci</STRONG> (Thumb, 12 bytes, Stack size 8 bytes, uart_driver.o(.text))
<BR><BR>[Stack]<UL><LI>Max Depth = 48<LI>Call Chain = InitSci &rArr; UART3_Init &rArr; zyIsrSet
</UL>
<BR>[Calls]<UL><LI><a href="#[6f]">&gt;&gt;</a>&nbsp;&nbsp;&nbsp;UART3_Init
<LI><a href="#[64]">&gt;&gt;</a>&nbsp;&nbsp;&nbsp;UART0_Init
</UL>
<BR>[Called By]<UL><LI><a href="#[1c]">&gt;&gt;</a>&nbsp;&nbsp;&nbsp;main
</UL>

<P><STRONG><a name="[2f]"></a>InitDxlControl</STRONG> (Thumb, 30 bytes, Stack size 0 bytes, dxl_protocol.o(.text))
<BR><BR>[Called By]<UL><LI><a href="#[2e]">&gt;&gt;</a>&nbsp;&nbsp;&nbsp;task_dxl
</UL>

<P><STRONG><a name="[73]"></a>GetDXLHead</STRONG> (Thumb, 12 bytes, Stack size 0 bytes, dxl_protocol.o(.text))
<BR><BR>[Called By]<UL><LI><a href="#[4e]">&gt;&gt;</a>&nbsp;&nbsp;&nbsp;TakeSingleAction
<LI><a href="#[4a]">&gt;&gt;</a>&nbsp;&nbsp;&nbsp;ServoTorqueEnable
<LI><a href="#[31]">&gt;&gt;</a>&nbsp;&nbsp;&nbsp;HandleDXLControl
</UL>

<P><STRONG><a name="[74]"></a>ConstructDXLPacket</STRONG> (Thumb, 52 bytes, Stack size 8 bytes, dxl_protocol.o(.text))
<BR><BR>[Stack]<UL><LI>Max Depth = 8<LI>Call Chain = ConstructDXLPacket
</UL>
<BR>[Called By]<UL><LI><a href="#[4e]">&gt;&gt;</a>&nbsp;&nbsp;&nbsp;TakeSingleAction
<LI><a href="#[4a]">&gt;&gt;</a>&nbsp;&nbsp;&nbsp;ServoTorqueEnable
<LI><a href="#[31]">&gt;&gt;</a>&nbsp;&nbsp;&nbsp;HandleDXLControl
</UL>

<P><STRONG><a name="[71]"></a>DXLPacketCheck</STRONG> (Thumb, 58 bytes, Stack size 16 bytes, dxl_protocol.o(.text), UNUSED)
<BR><BR>[Called By]<UL><LI><a href="#[70]">&gt;&gt;</a>&nbsp;&nbsp;&nbsp;MakeDXLWholePacket
</UL>

<P><STRONG><a name="[70]"></a>MakeDXLWholePacket</STRONG> (Thumb, 100 bytes, Stack size 24 bytes, dxl_protocol.o(.text), UNUSED)
<BR><BR>[Calls]<UL><LI><a href="#[71]">&gt;&gt;</a>&nbsp;&nbsp;&nbsp;DXLPacketCheck
</UL>
<BR>[Called By]<UL><LI><a href="#[72]">&gt;&gt;</a>&nbsp;&nbsp;&nbsp;WaitDXLWholePacket
</UL>

<P><STRONG><a name="[72]"></a>WaitDXLWholePacket</STRONG> (Thumb, 42 bytes, Stack size 24 bytes, dxl_protocol.o(.text), UNUSED)
<BR><BR>[Calls]<UL><LI><a href="#[70]">&gt;&gt;</a>&nbsp;&nbsp;&nbsp;MakeDXLWholePacket
<LI><a href="#[6d]">&gt;&gt;</a>&nbsp;&nbsp;&nbsp;GetDXLChar
</UL>

<P><STRONG><a name="[31]"></a>HandleDXLControl</STRONG> (Thumb, 278 bytes, Stack size 32 bytes, dxl_protocol.o(.text))
<BR><BR>[Stack]<UL><LI>Max Depth = 116<LI>Call Chain = HandleDXLControl &rArr; GetNextConfigurationWithPose &rArr; OSMutexPost &rArr; OS_EventTaskRdy
</UL>
<BR>[Calls]<UL><LI><a href="#[75]">&gt;&gt;</a>&nbsp;&nbsp;&nbsp;GetNextConfigurationWithPose
<LI><a href="#[74]">&gt;&gt;</a>&nbsp;&nbsp;&nbsp;ConstructDXLPacket
<LI><a href="#[73]">&gt;&gt;</a>&nbsp;&nbsp;&nbsp;GetDXLHead
<LI><a href="#[69]">&gt;&gt;</a>&nbsp;&nbsp;&nbsp;OSMutexPost
<LI><a href="#[67]">&gt;&gt;</a>&nbsp;&nbsp;&nbsp;OSMutexPend
<LI><a href="#[6e]">&gt;&gt;</a>&nbsp;&nbsp;&nbsp;ChangeDXLDirection
<LI><a href="#[6c]">&gt;&gt;</a>&nbsp;&nbsp;&nbsp;SendDXLPacket
</UL>
<BR>[Called By]<UL><LI><a href="#[2e]">&gt;&gt;</a>&nbsp;&nbsp;&nbsp;task_dxl
</UL>

<P><STRONG><a name="[5b]"></a>HandleTorsoPose</STRONG> (Thumb, 40 bytes, Stack size 0 bytes, dxl_protocol.o(.text))
<BR><BR>[Called By]<UL><LI><a href="#[35]">&gt;&gt;</a>&nbsp;&nbsp;&nbsp;HandleInstPacket
</UL>

<P><STRONG><a name="[5e]"></a>GetGeneratedRobotpose</STRONG> (Thumb, 46 bytes, Stack size 0 bytes, dxl_protocol.o(.text))
<BR><BR>[Called By]<UL><LI><a href="#[35]">&gt;&gt;</a>&nbsp;&nbsp;&nbsp;HandleInstPacket
</UL>

<P><STRONG><a name="[4e]"></a>TakeSingleAction</STRONG> (Thumb, 106 bytes, Stack size 32 bytes, dxl_protocol.o(.text))
<BR><BR>[Stack]<UL><LI>Max Depth = 80<LI>Call Chain = TakeSingleAction &rArr; SendDXLPacket &rArr; OSSemPend &rArr; OS_Sched
</UL>
<BR>[Calls]<UL><LI><a href="#[74]">&gt;&gt;</a>&nbsp;&nbsp;&nbsp;ConstructDXLPacket
<LI><a href="#[73]">&gt;&gt;</a>&nbsp;&nbsp;&nbsp;GetDXLHead
<LI><a href="#[69]">&gt;&gt;</a>&nbsp;&nbsp;&nbsp;OSMutexPost
<LI><a href="#[67]">&gt;&gt;</a>&nbsp;&nbsp;&nbsp;OSMutexPend
<LI><a href="#[6e]">&gt;&gt;</a>&nbsp;&nbsp;&nbsp;ChangeDXLDirection
<LI><a href="#[6c]">&gt;&gt;</a>&nbsp;&nbsp;&nbsp;SendDXLPacket
</UL>
<BR>[Called By]<UL><LI><a href="#[5a]">&gt;&gt;</a>&nbsp;&nbsp;&nbsp;HandleHeadMoving
<LI><a href="#[35]">&gt;&gt;</a>&nbsp;&nbsp;&nbsp;HandleInstPacket
<LI><a href="#[2d]">&gt;&gt;</a>&nbsp;&nbsp;&nbsp;GenerateGaitStep
</UL>

<P><STRONG><a name="[4a]"></a>ServoTorqueEnable</STRONG> (Thumb, 284 bytes, Stack size 24 bytes, dxl_protocol.o(.text))
<BR><BR>[Stack]<UL><LI>Max Depth = 72<LI>Call Chain = ServoTorqueEnable &rArr; SendDXLPacket &rArr; OSSemPend &rArr; OS_Sched
</UL>
<BR>[Calls]<UL><LI><a href="#[74]">&gt;&gt;</a>&nbsp;&nbsp;&nbsp;ConstructDXLPacket
<LI><a href="#[73]">&gt;&gt;</a>&nbsp;&nbsp;&nbsp;GetDXLHead
<LI><a href="#[69]">&gt;&gt;</a>&nbsp;&nbsp;&nbsp;OSMutexPost
<LI><a href="#[67]">&gt;&gt;</a>&nbsp;&nbsp;&nbsp;OSMutexPend
<LI><a href="#[6e]">&gt;&gt;</a>&nbsp;&nbsp;&nbsp;ChangeDXLDirection
<LI><a href="#[6c]">&gt;&gt;</a>&nbsp;&nbsp;&nbsp;SendDXLPacket
</UL>
<BR>[Called By]<UL><LI><a href="#[49]">&gt;&gt;</a>&nbsp;&nbsp;&nbsp;HandleOtherState
<LI><a href="#[35]">&gt;&gt;</a>&nbsp;&nbsp;&nbsp;HandleInstPacket
</UL>

<P><STRONG><a name="[76]"></a>SSP0_IRQHandler</STRONG> (Thumb, 30 bytes, Stack size 8 bytes, flash_driver.o(.text))
<BR><BR>[Stack]<UL><LI>Max Depth = 44<LI>Call Chain = SSP0_IRQHandler &rArr; OSSemPost &rArr; OS_EventTaskRdy
</UL>
<BR>[Calls]<UL><LI><a href="#[62]">&gt;&gt;</a>&nbsp;&nbsp;&nbsp;OSSemPost
<LI><a href="#[61]">&gt;&gt;</a>&nbsp;&nbsp;&nbsp;OSIntExit
<LI><a href="#[60]">&gt;&gt;</a>&nbsp;&nbsp;&nbsp;OSIntEnter
</UL>
<BR>[Address Reference Count : 1]<UL><LI> flash_driver.o(.text)
</UL>
<P><STRONG><a name="[3b]"></a>SSP0_init</STRONG> (Thumb, 74 bytes, Stack size 8 bytes, flash_driver.o(.text))
<BR><BR>[Stack]<UL><LI>Max Depth = 40<LI>Call Chain = SSP0_init &rArr; zyIsrSet
</UL>
<BR>[Calls]<UL><LI><a href="#[65]">&gt;&gt;</a>&nbsp;&nbsp;&nbsp;zyIsrSet
<LI><a href="#[66]">&gt;&gt;</a>&nbsp;&nbsp;&nbsp;zyIsrEnable
</UL>
<BR>[Called By]<UL><LI><a href="#[1c]">&gt;&gt;</a>&nbsp;&nbsp;&nbsp;main
</UL>

<P><STRONG><a name="[77]"></a>WriteFlashPage</STRONG> (Thumb, 224 bytes, Stack size 48 bytes, flash_driver.o(.text))
<BR><BR>[Stack]<UL><LI>Max Depth = 72<LI>Call Chain = WriteFlashPage &rArr; OSSemPend &rArr; OS_Sched
</UL>
<BR>[Calls]<UL><LI><a href="#[68]">&gt;&gt;</a>&nbsp;&nbsp;&nbsp;OSSemPend
<LI><a href="#[25]">&gt;&gt;</a>&nbsp;&nbsp;&nbsp;OSTimeDly
</UL>
<BR>[Called By]<UL><LI><a href="#[79]">&gt;&gt;</a>&nbsp;&nbsp;&nbsp;SpiFlashProgram
<LI><a href="#[51]">&gt;&gt;</a>&nbsp;&nbsp;&nbsp;Write
<LI><a href="#[52]">&gt;&gt;</a>&nbsp;&nbsp;&nbsp;Close
</UL>

<P><STRONG><a name="[78]"></a>ReadFlashPage</STRONG> (Thumb, 246 bytes, Stack size 48 bytes, flash_driver.o(.text))
<BR><BR>[Stack]<UL><LI>Max Depth = 72<LI>Call Chain = ReadFlashPage &rArr; OSSemPend &rArr; OS_Sched
</UL>
<BR>[Calls]<UL><LI><a href="#[68]">&gt;&gt;</a>&nbsp;&nbsp;&nbsp;OSSemPend
</UL>
<BR>[Called By]<UL><LI><a href="#[7e]">&gt;&gt;</a>&nbsp;&nbsp;&nbsp;Read
<LI><a href="#[7a]">&gt;&gt;</a>&nbsp;&nbsp;&nbsp;SpiFlashRead
</UL>

<P><STRONG><a name="[79]"></a>SpiFlashProgram</STRONG> (Thumb, 58 bytes, Stack size 24 bytes, flash_driver.o(.text), UNUSED)
<BR><BR>[Calls]<UL><LI><a href="#[77]">&gt;&gt;</a>&nbsp;&nbsp;&nbsp;WriteFlashPage
</UL>

<P><STRONG><a name="[7a]"></a>SpiFlashRead</STRONG> (Thumb, 58 bytes, Stack size 24 bytes, flash_driver.o(.text), UNUSED)
<BR><BR>[Calls]<UL><LI><a href="#[78]">&gt;&gt;</a>&nbsp;&nbsp;&nbsp;ReadFlashPage
</UL>

<P><STRONG><a name="[3c]"></a>InitAdc</STRONG> (Thumb, 12 bytes, Stack size 0 bytes, adc_driver.o(.text))
<BR><BR>[Called By]<UL><LI><a href="#[1c]">&gt;&gt;</a>&nbsp;&nbsp;&nbsp;main
</UL>

<P><STRONG><a name="[7b]"></a>ReadADCResult</STRONG> (Thumb, 84 bytes, Stack size 24 bytes, adc_driver.o(.text), UNUSED)
<BR><BR>[Calls]<UL><LI><a href="#[25]">&gt;&gt;</a>&nbsp;&nbsp;&nbsp;OSTimeDly
</UL>

<P><STRONG><a name="[29]"></a>WaitADCInterrupt</STRONG> (Thumb, 20 bytes, Stack size 8 bytes, signal_manage.o(.text))
<BR><BR>[Stack]<UL><LI>Max Depth = 32<LI>Call Chain = WaitADCInterrupt &rArr; OSSemPend &rArr; OS_Sched
</UL>
<BR>[Calls]<UL><LI><a href="#[68]">&gt;&gt;</a>&nbsp;&nbsp;&nbsp;OSSemPend
</UL>
<BR>[Called By]<UL><LI><a href="#[27]">&gt;&gt;</a>&nbsp;&nbsp;&nbsp;task_adc
</UL>

<P><STRONG><a name="[30]"></a>WaitDXLInterrupt</STRONG> (Thumb, 20 bytes, Stack size 8 bytes, signal_manage.o(.text))
<BR><BR>[Stack]<UL><LI>Max Depth = 32<LI>Call Chain = WaitDXLInterrupt &rArr; OSSemPend &rArr; OS_Sched
</UL>
<BR>[Calls]<UL><LI><a href="#[68]">&gt;&gt;</a>&nbsp;&nbsp;&nbsp;OSSemPend
</UL>
<BR>[Called By]<UL><LI><a href="#[2e]">&gt;&gt;</a>&nbsp;&nbsp;&nbsp;task_dxl
</UL>

<P><STRONG><a name="[26]"></a>HandleInterrupt</STRONG> (Thumb, 32 bytes, Stack size 8 bytes, signal_manage.o(.text))
<BR><BR>[Stack]<UL><LI>Max Depth = 44<LI>Call Chain = HandleInterrupt &rArr; OSSemPost &rArr; OS_EventTaskRdy
</UL>
<BR>[Calls]<UL><LI><a href="#[62]">&gt;&gt;</a>&nbsp;&nbsp;&nbsp;OSSemPost
</UL>
<BR>[Called By]<UL><LI><a href="#[24]">&gt;&gt;</a>&nbsp;&nbsp;&nbsp;mainTask
</UL>

<P><STRONG><a name="[5c]"></a>StoreCalibrationToFlash</STRONG> (Thumb, 126 bytes, Stack size 24 bytes, sensor_processor.o(.text))
<BR><BR>[Stack]<UL><LI>Max Depth = 128<LI>Call Chain = StoreCalibrationToFlash &rArr; Write &rArr; WriteFlashPage &rArr; OSSemPend &rArr; OS_Sched
</UL>
<BR>[Calls]<UL><LI><a href="#[69]">&gt;&gt;</a>&nbsp;&nbsp;&nbsp;OSMutexPost
<LI><a href="#[67]">&gt;&gt;</a>&nbsp;&nbsp;&nbsp;OSMutexPend
<LI><a href="#[51]">&gt;&gt;</a>&nbsp;&nbsp;&nbsp;Write
<LI><a href="#[50]">&gt;&gt;</a>&nbsp;&nbsp;&nbsp;Open
<LI><a href="#[4f]">&gt;&gt;</a>&nbsp;&nbsp;&nbsp;CloseAll
<LI><a href="#[7c]">&gt;&gt;</a>&nbsp;&nbsp;&nbsp;__aeabi_memcpy
</UL>
<BR>[Called By]<UL><LI><a href="#[35]">&gt;&gt;</a>&nbsp;&nbsp;&nbsp;HandleInstPacket
</UL>

<P><STRONG><a name="[7d]"></a>LoadCalibrationFromFlash</STRONG> (Thumb, 70 bytes, Stack size 24 bytes, sensor_processor.o(.text))
<BR><BR>[Stack]<UL><LI>Max Depth = 128<LI>Call Chain = LoadCalibrationFromFlash &rArr; Read &rArr; ReadFlashPage &rArr; OSSemPend &rArr; OS_Sched
</UL>
<BR>[Calls]<UL><LI><a href="#[7e]">&gt;&gt;</a>&nbsp;&nbsp;&nbsp;Read
<LI><a href="#[50]">&gt;&gt;</a>&nbsp;&nbsp;&nbsp;Open
<LI><a href="#[4f]">&gt;&gt;</a>&nbsp;&nbsp;&nbsp;CloseAll
</UL>
<BR>[Called By]<UL><LI><a href="#[7f]">&gt;&gt;</a>&nbsp;&nbsp;&nbsp;IntializeCalibration
</UL>

<P><STRONG><a name="[7f]"></a>IntializeCalibration</STRONG> (Thumb, 98 bytes, Stack size 8 bytes, sensor_processor.o(.text))
<BR><BR>[Stack]<UL><LI>Max Depth = 136<LI>Call Chain = IntializeCalibration &rArr; LoadCalibrationFromFlash &rArr; Read &rArr; ReadFlashPage &rArr; OSSemPend &rArr; OS_Sched
</UL>
<BR>[Calls]<UL><LI><a href="#[7d]">&gt;&gt;</a>&nbsp;&nbsp;&nbsp;LoadCalibrationFromFlash
</UL>
<BR>[Called By]<UL><LI><a href="#[28]">&gt;&gt;</a>&nbsp;&nbsp;&nbsp;InitSensor
</UL>

<P><STRONG><a name="[28]"></a>InitSensor</STRONG> (Thumb, 302 bytes, Stack size 16 bytes, sensor_processor.o(.text))
<BR><BR>[Stack]<UL><LI>Max Depth = 152<LI>Call Chain = InitSensor &rArr; IntializeCalibration &rArr; LoadCalibrationFromFlash &rArr; Read &rArr; ReadFlashPage &rArr; OSSemPend &rArr; OS_Sched
</UL>
<BR>[Calls]<UL><LI><a href="#[80]">&gt;&gt;</a>&nbsp;&nbsp;&nbsp;I2C_WriteNByte
<LI><a href="#[7f]">&gt;&gt;</a>&nbsp;&nbsp;&nbsp;IntializeCalibration
<LI><a href="#[25]">&gt;&gt;</a>&nbsp;&nbsp;&nbsp;OSTimeDly
<LI><a href="#[33]">&gt;&gt;</a>&nbsp;&nbsp;&nbsp;__aeabi_memclr4
<LI><a href="#[56]">&gt;&gt;</a>&nbsp;&nbsp;&nbsp;__aeabi_memclr
</UL>
<BR>[Called By]<UL><LI><a href="#[27]">&gt;&gt;</a>&nbsp;&nbsp;&nbsp;task_adc
</UL>

<P><STRONG><a name="[81]"></a>Compass_Heading</STRONG> (Thumb, 282 bytes, Stack size 56 bytes, sensor_processor.o(.text))
<BR><BR>[Stack]<UL><LI>Max Depth = 604<LI>Call Chain = Compass_Heading &rArr; sin &rArr; __ieee754_rem_pio2 &rArr; __aeabi_dmul
</UL>
<BR>[Calls]<UL><LI><a href="#[85]">&gt;&gt;</a>&nbsp;&nbsp;&nbsp;sin
<LI><a href="#[83]">&gt;&gt;</a>&nbsp;&nbsp;&nbsp;cos
<LI><a href="#[89]">&gt;&gt;</a>&nbsp;&nbsp;&nbsp;atan2
<LI><a href="#[86]">&gt;&gt;</a>&nbsp;&nbsp;&nbsp;__aeabi_fmul
<LI><a href="#[8a]">&gt;&gt;</a>&nbsp;&nbsp;&nbsp;__aeabi_cfcmple
<LI><a href="#[88]">&gt;&gt;</a>&nbsp;&nbsp;&nbsp;__aeabi_fsub
<LI><a href="#[87]">&gt;&gt;</a>&nbsp;&nbsp;&nbsp;__aeabi_fadd
<LI><a href="#[82]">&gt;&gt;</a>&nbsp;&nbsp;&nbsp;__aeabi_f2d
<LI><a href="#[8b]">&gt;&gt;</a>&nbsp;&nbsp;&nbsp;__aeabi_dadd
<LI><a href="#[84]">&gt;&gt;</a>&nbsp;&nbsp;&nbsp;__aeabi_d2f
</UL>
<BR>[Called By]<UL><LI><a href="#[2a]">&gt;&gt;</a>&nbsp;&nbsp;&nbsp;HandleSensor
</UL>

<P><STRONG><a name="[8d]"></a>ConstrainMag</STRONG> (Thumb, 56 bytes, Stack size 0 bytes, sensor_processor.o(.text))
<BR><BR>[Called By]<UL><LI><a href="#[2a]">&gt;&gt;</a>&nbsp;&nbsp;&nbsp;HandleSensor
</UL>

<P><STRONG><a name="[8e]"></a>ConstrainAccel</STRONG> (Thumb, 6 bytes, Stack size 0 bytes, sensor_processor.o(.text))
<BR><BR>[Called By]<UL><LI><a href="#[2a]">&gt;&gt;</a>&nbsp;&nbsp;&nbsp;HandleSensor
</UL>

<P><STRONG><a name="[8f]"></a>ConstrainGyro</STRONG> (Thumb, 6 bytes, Stack size 0 bytes, sensor_processor.o(.text))
<BR><BR>[Called By]<UL><LI><a href="#[2a]">&gt;&gt;</a>&nbsp;&nbsp;&nbsp;HandleSensor
</UL>

<P><STRONG><a name="[2a]"></a>HandleSensor</STRONG> (Thumb, 1004 bytes, Stack size 40 bytes, sensor_processor.o(.text))
<BR><BR>[Stack]<UL><LI>Max Depth = 652<LI>Call Chain = HandleSensor &rArr; Drift_correction &rArr; sin &rArr; __ieee754_rem_pio2 &rArr; __aeabi_dmul
</UL>
<BR>[Calls]<UL><LI><a href="#[93]">&gt;&gt;</a>&nbsp;&nbsp;&nbsp;Normalize
<LI><a href="#[92]">&gt;&gt;</a>&nbsp;&nbsp;&nbsp;Matrix_update
<LI><a href="#[8c]">&gt;&gt;</a>&nbsp;&nbsp;&nbsp;I2C_ReadNByte
<LI><a href="#[95]">&gt;&gt;</a>&nbsp;&nbsp;&nbsp;Euler_angles
<LI><a href="#[94]">&gt;&gt;</a>&nbsp;&nbsp;&nbsp;Drift_correction
<LI><a href="#[8f]">&gt;&gt;</a>&nbsp;&nbsp;&nbsp;ConstrainGyro
<LI><a href="#[8e]">&gt;&gt;</a>&nbsp;&nbsp;&nbsp;ConstrainAccel
<LI><a href="#[8d]">&gt;&gt;</a>&nbsp;&nbsp;&nbsp;ConstrainMag
<LI><a href="#[81]">&gt;&gt;</a>&nbsp;&nbsp;&nbsp;Compass_Heading
<LI><a href="#[69]">&gt;&gt;</a>&nbsp;&nbsp;&nbsp;OSMutexPost
<LI><a href="#[67]">&gt;&gt;</a>&nbsp;&nbsp;&nbsp;OSMutexPend
<LI><a href="#[86]">&gt;&gt;</a>&nbsp;&nbsp;&nbsp;__aeabi_fmul
<LI><a href="#[90]">&gt;&gt;</a>&nbsp;&nbsp;&nbsp;__aeabi_i2f
<LI><a href="#[96]">&gt;&gt;</a>&nbsp;&nbsp;&nbsp;__aeabi_f2iz
<LI><a href="#[91]">&gt;&gt;</a>&nbsp;&nbsp;&nbsp;__aeabi_fdiv
</UL>
<BR>[Called By]<UL><LI><a href="#[27]">&gt;&gt;</a>&nbsp;&nbsp;&nbsp;task_adc
</UL>

<P><STRONG><a name="[55]"></a>GetSensorRawResult</STRONG> (Thumb, 80 bytes, Stack size 16 bytes, sensor_processor.o(.text))
<BR><BR>[Stack]<UL><LI>Max Depth = 60<LI>Call Chain = GetSensorRawResult &rArr; OSMutexPost &rArr; OS_EventTaskRdy
</UL>
<BR>[Calls]<UL><LI><a href="#[69]">&gt;&gt;</a>&nbsp;&nbsp;&nbsp;OSMutexPost
<LI><a href="#[67]">&gt;&gt;</a>&nbsp;&nbsp;&nbsp;OSMutexPend
</UL>
<BR>[Called By]<UL><LI><a href="#[35]">&gt;&gt;</a>&nbsp;&nbsp;&nbsp;HandleInstPacket
</UL>

<P><STRONG><a name="[5d]"></a>GetSensorResult</STRONG> (Thumb, 50 bytes, Stack size 16 bytes, sensor_processor.o(.text))
<BR><BR>[Stack]<UL><LI>Max Depth = 60<LI>Call Chain = GetSensorResult &rArr; OSMutexPost &rArr; OS_EventTaskRdy
</UL>
<BR>[Calls]<UL><LI><a href="#[69]">&gt;&gt;</a>&nbsp;&nbsp;&nbsp;OSMutexPost
<LI><a href="#[67]">&gt;&gt;</a>&nbsp;&nbsp;&nbsp;OSMutexPend
</UL>
<BR>[Called By]<UL><LI><a href="#[35]">&gt;&gt;</a>&nbsp;&nbsp;&nbsp;HandleInstPacket
</UL>

<P><STRONG><a name="[59]"></a>HandleSensorFeedback</STRONG> (Thumb, 50 bytes, Stack size 16 bytes, sensor_processor.o(.text))
<BR><BR>[Stack]<UL><LI>Max Depth = 60<LI>Call Chain = HandleSensorFeedback &rArr; OSMutexPost &rArr; OS_EventTaskRdy
</UL>
<BR>[Calls]<UL><LI><a href="#[69]">&gt;&gt;</a>&nbsp;&nbsp;&nbsp;OSMutexPost
<LI><a href="#[67]">&gt;&gt;</a>&nbsp;&nbsp;&nbsp;OSMutexPend
</UL>
<BR>[Called By]<UL><LI><a href="#[35]">&gt;&gt;</a>&nbsp;&nbsp;&nbsp;HandleInstPacket
</UL>

<P><STRONG><a name="[a7]"></a>SQRT16</STRONG> (Thumb, 70 bytes, Stack size 12 bytes, fast_math.o(.text))
<BR><BR>[Stack]<UL><LI>Max Depth = 12<LI>Call Chain = SQRT16
</UL>
<BR>[Called By]<UL><LI><a href="#[a6]">&gt;&gt;</a>&nbsp;&nbsp;&nbsp;WalkingSpeedControl
</UL>

<P><STRONG><a name="[99]"></a>SIN</STRONG> (Thumb, 66 bytes, Stack size 0 bytes, fast_math.o(.text))
<BR><BR>[Called By]<UL><LI><a href="#[ab]">&gt;&gt;</a>&nbsp;&nbsp;&nbsp;UpdateOdometer
<LI><a href="#[aa]">&gt;&gt;</a>&nbsp;&nbsp;&nbsp;ChangeFoot
<LI><a href="#[a9]">&gt;&gt;</a>&nbsp;&nbsp;&nbsp;FillInStepParameterWalkKick
<LI><a href="#[a8]">&gt;&gt;</a>&nbsp;&nbsp;&nbsp;FillInStepParameter
<LI><a href="#[9c]">&gt;&gt;</a>&nbsp;&nbsp;&nbsp;GetInverseKine
<LI><a href="#[9b]">&gt;&gt;</a>&nbsp;&nbsp;&nbsp;FillInBaseMatrixRev
<LI><a href="#[9a]">&gt;&gt;</a>&nbsp;&nbsp;&nbsp;FillInHomoMatrixRPYRev
<LI><a href="#[97]">&gt;&gt;</a>&nbsp;&nbsp;&nbsp;FillInHomoMatrixRPY
</UL>

<P><STRONG><a name="[98]"></a>COS</STRONG> (Thumb, 76 bytes, Stack size 0 bytes, fast_math.o(.text))
<BR><BR>[Called By]<UL><LI><a href="#[ab]">&gt;&gt;</a>&nbsp;&nbsp;&nbsp;UpdateOdometer
<LI><a href="#[aa]">&gt;&gt;</a>&nbsp;&nbsp;&nbsp;ChangeFoot
<LI><a href="#[a9]">&gt;&gt;</a>&nbsp;&nbsp;&nbsp;FillInStepParameterWalkKick
<LI><a href="#[a8]">&gt;&gt;</a>&nbsp;&nbsp;&nbsp;FillInStepParameter
<LI><a href="#[9c]">&gt;&gt;</a>&nbsp;&nbsp;&nbsp;GetInverseKine
<LI><a href="#[9b]">&gt;&gt;</a>&nbsp;&nbsp;&nbsp;FillInBaseMatrixRev
<LI><a href="#[9a]">&gt;&gt;</a>&nbsp;&nbsp;&nbsp;FillInHomoMatrixRPYRev
<LI><a href="#[97]">&gt;&gt;</a>&nbsp;&nbsp;&nbsp;FillInHomoMatrixRPY
</UL>

<P><STRONG><a name="[9f]"></a>ARCTAN2</STRONG> (Thumb, 108 bytes, Stack size 8 bytes, fast_math.o(.text))
<BR><BR>[Stack]<UL><LI>Max Depth = 8<LI>Call Chain = ARCTAN2
</UL>
<BR>[Called By]<UL><LI><a href="#[9c]">&gt;&gt;</a>&nbsp;&nbsp;&nbsp;GetInverseKine
</UL>

<P><STRONG><a name="[3e]"></a>InitFileSystem</STRONG> (Thumb, 80 bytes, Stack size 8 bytes, flash_filesystem.o(.text))
<BR><BR>[Stack]<UL><LI>Max Depth = 8<LI>Call Chain = InitFileSystem
</UL>
<BR>[Calls]<UL><LI><a href="#[56]">&gt;&gt;</a>&nbsp;&nbsp;&nbsp;__aeabi_memclr
</UL>
<BR>[Called By]<UL><LI><a href="#[1c]">&gt;&gt;</a>&nbsp;&nbsp;&nbsp;main
</UL>

<P><STRONG><a name="[50]"></a>Open</STRONG> (Thumb, 100 bytes, Stack size 8 bytes, flash_filesystem.o(.text))
<BR><BR>[Stack]<UL><LI>Max Depth = 8<LI>Call Chain = Open
</UL>
<BR>[Called By]<UL><LI><a href="#[7d]">&gt;&gt;</a>&nbsp;&nbsp;&nbsp;LoadCalibrationFromFlash
<LI><a href="#[5c]">&gt;&gt;</a>&nbsp;&nbsp;&nbsp;StoreCalibrationToFlash
<LI><a href="#[35]">&gt;&gt;</a>&nbsp;&nbsp;&nbsp;HandleInstPacket
<LI><a href="#[2d]">&gt;&gt;</a>&nbsp;&nbsp;&nbsp;GenerateGaitStep
</UL>

<P><STRONG><a name="[7e]"></a>Read</STRONG> (Thumb, 764 bytes, Stack size 32 bytes, flash_filesystem.o(.text))
<BR><BR>[Stack]<UL><LI>Max Depth = 104<LI>Call Chain = Read &rArr; ReadFlashPage &rArr; OSSemPend &rArr; OS_Sched
</UL>
<BR>[Calls]<UL><LI><a href="#[78]">&gt;&gt;</a>&nbsp;&nbsp;&nbsp;ReadFlashPage
<LI><a href="#[7c]">&gt;&gt;</a>&nbsp;&nbsp;&nbsp;__aeabi_memcpy
</UL>
<BR>[Called By]<UL><LI><a href="#[7d]">&gt;&gt;</a>&nbsp;&nbsp;&nbsp;LoadCalibrationFromFlash
<LI><a href="#[2d]">&gt;&gt;</a>&nbsp;&nbsp;&nbsp;GenerateGaitStep
</UL>

<P><STRONG><a name="[51]"></a>Write</STRONG> (Thumb, 814 bytes, Stack size 32 bytes, flash_filesystem.o(.text))
<BR><BR>[Stack]<UL><LI>Max Depth = 104<LI>Call Chain = Write &rArr; WriteFlashPage &rArr; OSSemPend &rArr; OS_Sched
</UL>
<BR>[Calls]<UL><LI><a href="#[77]">&gt;&gt;</a>&nbsp;&nbsp;&nbsp;WriteFlashPage
<LI><a href="#[7c]">&gt;&gt;</a>&nbsp;&nbsp;&nbsp;__aeabi_memcpy
</UL>
<BR>[Called By]<UL><LI><a href="#[5c]">&gt;&gt;</a>&nbsp;&nbsp;&nbsp;StoreCalibrationToFlash
<LI><a href="#[35]">&gt;&gt;</a>&nbsp;&nbsp;&nbsp;HandleInstPacket
</UL>

<P><STRONG><a name="[52]"></a>Close</STRONG> (Thumb, 180 bytes, Stack size 16 bytes, flash_filesystem.o(.text))
<BR><BR>[Stack]<UL><LI>Max Depth = 88<LI>Call Chain = Close &rArr; WriteFlashPage &rArr; OSSemPend &rArr; OS_Sched
</UL>
<BR>[Calls]<UL><LI><a href="#[77]">&gt;&gt;</a>&nbsp;&nbsp;&nbsp;WriteFlashPage
</UL>
<BR>[Called By]<UL><LI><a href="#[4f]">&gt;&gt;</a>&nbsp;&nbsp;&nbsp;CloseAll
<LI><a href="#[35]">&gt;&gt;</a>&nbsp;&nbsp;&nbsp;HandleInstPacket
<LI><a href="#[2d]">&gt;&gt;</a>&nbsp;&nbsp;&nbsp;GenerateGaitStep
</UL>

<P><STRONG><a name="[4f]"></a>CloseAll</STRONG> (Thumb, 26 bytes, Stack size 8 bytes, flash_filesystem.o(.text))
<BR><BR>[Stack]<UL><LI>Max Depth = 96<LI>Call Chain = CloseAll &rArr; Close &rArr; WriteFlashPage &rArr; OSSemPend &rArr; OS_Sched
</UL>
<BR>[Calls]<UL><LI><a href="#[52]">&gt;&gt;</a>&nbsp;&nbsp;&nbsp;Close
</UL>
<BR>[Called By]<UL><LI><a href="#[7d]">&gt;&gt;</a>&nbsp;&nbsp;&nbsp;LoadCalibrationFromFlash
<LI><a href="#[5c]">&gt;&gt;</a>&nbsp;&nbsp;&nbsp;StoreCalibrationToFlash
<LI><a href="#[35]">&gt;&gt;</a>&nbsp;&nbsp;&nbsp;HandleInstPacket
<LI><a href="#[2d]">&gt;&gt;</a>&nbsp;&nbsp;&nbsp;GenerateGaitStep
</UL>

<P><STRONG><a name="[97]"></a>FillInHomoMatrixRPY</STRONG> (Thumb, 454 bytes, Stack size 32 bytes, fast_kinematics.o(.text))
<BR><BR>[Stack]<UL><LI>Max Depth = 32<LI>Call Chain = FillInHomoMatrixRPY
</UL>
<BR>[Calls]<UL><LI><a href="#[98]">&gt;&gt;</a>&nbsp;&nbsp;&nbsp;COS
<LI><a href="#[99]">&gt;&gt;</a>&nbsp;&nbsp;&nbsp;SIN
</UL>
<BR>[Called By]<UL><LI><a href="#[9c]">&gt;&gt;</a>&nbsp;&nbsp;&nbsp;GetInverseKine
</UL>

<P><STRONG><a name="[9a]"></a>FillInHomoMatrixRPYRev</STRONG> (Thumb, 454 bytes, Stack size 32 bytes, fast_kinematics.o(.text))
<BR><BR>[Stack]<UL><LI>Max Depth = 32<LI>Call Chain = FillInHomoMatrixRPYRev
</UL>
<BR>[Calls]<UL><LI><a href="#[98]">&gt;&gt;</a>&nbsp;&nbsp;&nbsp;COS
<LI><a href="#[99]">&gt;&gt;</a>&nbsp;&nbsp;&nbsp;SIN
</UL>
<BR>[Called By]<UL><LI><a href="#[9c]">&gt;&gt;</a>&nbsp;&nbsp;&nbsp;GetInverseKine
</UL>

<P><STRONG><a name="[9b]"></a>FillInBaseMatrixRev</STRONG> (Thumb, 144 bytes, Stack size 24 bytes, fast_kinematics.o(.text))
<BR><BR>[Stack]<UL><LI>Max Depth = 24<LI>Call Chain = FillInBaseMatrixRev
</UL>
<BR>[Calls]<UL><LI><a href="#[98]">&gt;&gt;</a>&nbsp;&nbsp;&nbsp;COS
<LI><a href="#[99]">&gt;&gt;</a>&nbsp;&nbsp;&nbsp;SIN
</UL>
<BR>[Called By]<UL><LI><a href="#[9c]">&gt;&gt;</a>&nbsp;&nbsp;&nbsp;GetInverseKine
</UL>

<P><STRONG><a name="[9d]"></a>MultiHomoMatrix</STRONG> (Thumb, 188 bytes, Stack size 20 bytes, fast_kinematics.o(.text))
<BR><BR>[Stack]<UL><LI>Max Depth = 20<LI>Call Chain = MultiHomoMatrix
</UL>
<BR>[Called By]<UL><LI><a href="#[9c]">&gt;&gt;</a>&nbsp;&nbsp;&nbsp;GetInverseKine
</UL>

<P><STRONG><a name="[9e]"></a>CalRelativeVector</STRONG> (Thumb, 106 bytes, Stack size 20 bytes, fast_kinematics.o(.text))
<BR><BR>[Stack]<UL><LI>Max Depth = 20<LI>Call Chain = CalRelativeVector
</UL>
<BR>[Called By]<UL><LI><a href="#[9c]">&gt;&gt;</a>&nbsp;&nbsp;&nbsp;GetInverseKine
</UL>

<P><STRONG><a name="[9c]"></a>GetInverseKine</STRONG> (Thumb, 1026 bytes, Stack size 112 bytes, fast_kinematics.o(.text))
<BR><BR>[Stack]<UL><LI>Max Depth = 144<LI>Call Chain = GetInverseKine &rArr; FillInHomoMatrixRPYRev
</UL>
<BR>[Calls]<UL><LI><a href="#[9e]">&gt;&gt;</a>&nbsp;&nbsp;&nbsp;CalRelativeVector
<LI><a href="#[9d]">&gt;&gt;</a>&nbsp;&nbsp;&nbsp;MultiHomoMatrix
<LI><a href="#[9b]">&gt;&gt;</a>&nbsp;&nbsp;&nbsp;FillInBaseMatrixRev
<LI><a href="#[9a]">&gt;&gt;</a>&nbsp;&nbsp;&nbsp;FillInHomoMatrixRPYRev
<LI><a href="#[97]">&gt;&gt;</a>&nbsp;&nbsp;&nbsp;FillInHomoMatrixRPY
<LI><a href="#[9f]">&gt;&gt;</a>&nbsp;&nbsp;&nbsp;ARCTAN2
<LI><a href="#[98]">&gt;&gt;</a>&nbsp;&nbsp;&nbsp;COS
<LI><a href="#[99]">&gt;&gt;</a>&nbsp;&nbsp;&nbsp;SIN
<LI><a href="#[47]">&gt;&gt;</a>&nbsp;&nbsp;&nbsp;OSTimeGet
</UL>
<BR>[Called By]<UL><LI><a href="#[2d]">&gt;&gt;</a>&nbsp;&nbsp;&nbsp;GenerateGaitStep
</UL>

<P><STRONG><a name="[2c]"></a>InitGaitGeneration</STRONG> (Thumb, 86 bytes, Stack size 8 bytes, gait_generate.o(.text))
<BR><BR>[Stack]<UL><LI>Max Depth = 12<LI>Call Chain = InitGaitGeneration &rArr; __aeabi_memclr4
</UL>
<BR>[Calls]<UL><LI><a href="#[33]">&gt;&gt;</a>&nbsp;&nbsp;&nbsp;__aeabi_memclr4
<LI><a href="#[56]">&gt;&gt;</a>&nbsp;&nbsp;&nbsp;__aeabi_memclr
</UL>
<BR>[Called By]<UL><LI><a href="#[2b]">&gt;&gt;</a>&nbsp;&nbsp;&nbsp;task_gaitgen
</UL>

<P><STRONG><a name="[a0]"></a>AddGaitData</STRONG> (Thumb, 218 bytes, Stack size 32 bytes, gait_generate.o(.text), UNUSED)
<BR><BR>[Calls]<UL><LI><a href="#[a1]">&gt;&gt;</a>&nbsp;&nbsp;&nbsp;OSSemAccept
<LI><a href="#[68]">&gt;&gt;</a>&nbsp;&nbsp;&nbsp;OSSemPend
<LI><a href="#[69]">&gt;&gt;</a>&nbsp;&nbsp;&nbsp;OSMutexPost
<LI><a href="#[67]">&gt;&gt;</a>&nbsp;&nbsp;&nbsp;OSMutexPend
</UL>

<P><STRONG><a name="[a2]"></a>AddGaitDataWithPose</STRONG> (Thumb, 394 bytes, Stack size 40 bytes, gait_generate.o(.text))
<BR><BR>[Stack]<UL><LI>Max Depth = 84<LI>Call Chain = AddGaitDataWithPose &rArr; OSMutexPost &rArr; OS_EventTaskRdy
</UL>
<BR>[Calls]<UL><LI><a href="#[a1]">&gt;&gt;</a>&nbsp;&nbsp;&nbsp;OSSemAccept
<LI><a href="#[68]">&gt;&gt;</a>&nbsp;&nbsp;&nbsp;OSSemPend
<LI><a href="#[69]">&gt;&gt;</a>&nbsp;&nbsp;&nbsp;OSMutexPost
<LI><a href="#[67]">&gt;&gt;</a>&nbsp;&nbsp;&nbsp;OSMutexPend
</UL>
<BR>[Called By]<UL><LI><a href="#[2d]">&gt;&gt;</a>&nbsp;&nbsp;&nbsp;GenerateGaitStep
</UL>

<P><STRONG><a name="[a3]"></a>WaitUntilQueueLen</STRONG> (Thumb, 110 bytes, Stack size 16 bytes, gait_generate.o(.text))
<BR><BR>[Stack]<UL><LI>Max Depth = 60<LI>Call Chain = WaitUntilQueueLen &rArr; OSMutexPost &rArr; OS_EventTaskRdy
</UL>
<BR>[Calls]<UL><LI><a href="#[a1]">&gt;&gt;</a>&nbsp;&nbsp;&nbsp;OSSemAccept
<LI><a href="#[68]">&gt;&gt;</a>&nbsp;&nbsp;&nbsp;OSSemPend
<LI><a href="#[69]">&gt;&gt;</a>&nbsp;&nbsp;&nbsp;OSMutexPost
<LI><a href="#[67]">&gt;&gt;</a>&nbsp;&nbsp;&nbsp;OSMutexPend
</UL>
<BR>[Called By]<UL><LI><a href="#[2d]">&gt;&gt;</a>&nbsp;&nbsp;&nbsp;GenerateGaitStep
</UL>

<P><STRONG><a name="[a4]"></a>AddNewGaitWithPose</STRONG> (Thumb, 558 bytes, Stack size 40 bytes, gait_generate.o(.text))
<BR><BR>[Stack]<UL><LI>Max Depth = 84<LI>Call Chain = AddNewGaitWithPose &rArr; OSMutexPost &rArr; OS_EventTaskRdy
</UL>
<BR>[Calls]<UL><LI><a href="#[a1]">&gt;&gt;</a>&nbsp;&nbsp;&nbsp;OSSemAccept
<LI><a href="#[68]">&gt;&gt;</a>&nbsp;&nbsp;&nbsp;OSSemPend
<LI><a href="#[69]">&gt;&gt;</a>&nbsp;&nbsp;&nbsp;OSMutexPost
<LI><a href="#[67]">&gt;&gt;</a>&nbsp;&nbsp;&nbsp;OSMutexPend
</UL>
<BR>[Called By]<UL><LI><a href="#[2d]">&gt;&gt;</a>&nbsp;&nbsp;&nbsp;GenerateGaitStep
</UL>

<P><STRONG><a name="[a5]"></a>AddNewGait</STRONG> (Thumb, 274 bytes, Stack size 32 bytes, gait_generate.o(.text), UNUSED)
<BR><BR>[Calls]<UL><LI><a href="#[a1]">&gt;&gt;</a>&nbsp;&nbsp;&nbsp;OSSemAccept
<LI><a href="#[68]">&gt;&gt;</a>&nbsp;&nbsp;&nbsp;OSSemPend
<LI><a href="#[69]">&gt;&gt;</a>&nbsp;&nbsp;&nbsp;OSMutexPost
<LI><a href="#[67]">&gt;&gt;</a>&nbsp;&nbsp;&nbsp;OSMutexPend
</UL>

<P><STRONG><a name="[b0]"></a>ModifyToTurnningAngle</STRONG> (Thumb, 102 bytes, Stack size 0 bytes, gait_generate.o(.text))
<BR><BR>[Called By]<UL><LI><a href="#[2d]">&gt;&gt;</a>&nbsp;&nbsp;&nbsp;GenerateGaitStep
</UL>

<P><STRONG><a name="[ad]"></a>ExecuteWalkKick</STRONG> (Thumb, 258 bytes, Stack size 0 bytes, gait_generate.o(.text))
<BR><BR>[Called By]<UL><LI><a href="#[2d]">&gt;&gt;</a>&nbsp;&nbsp;&nbsp;GenerateGaitStep
</UL>

<P><STRONG><a name="[ac]"></a>WalkKickControlStep</STRONG> (Thumb, 1388 bytes, Stack size 0 bytes, gait_generate.o(.text))
<BR><BR>[Called By]<UL><LI><a href="#[2d]">&gt;&gt;</a>&nbsp;&nbsp;&nbsp;GenerateGaitStep
</UL>

<P><STRONG><a name="[a6]"></a>WalkingSpeedControl</STRONG> (Thumb, 574 bytes, Stack size 24 bytes, gait_generate.o(.text))
<BR><BR>[Stack]<UL><LI>Max Depth = 36<LI>Call Chain = WalkingSpeedControl &rArr; SQRT16
</UL>
<BR>[Calls]<UL><LI><a href="#[a7]">&gt;&gt;</a>&nbsp;&nbsp;&nbsp;SQRT16
</UL>
<BR>[Called By]<UL><LI><a href="#[2d]">&gt;&gt;</a>&nbsp;&nbsp;&nbsp;GenerateGaitStep
</UL>

<P><STRONG><a name="[b1]"></a>SingleStepControl</STRONG> (Thumb, 372 bytes, Stack size 0 bytes, gait_generate.o(.text))
<BR><BR>[Called By]<UL><LI><a href="#[2d]">&gt;&gt;</a>&nbsp;&nbsp;&nbsp;GenerateGaitStep
</UL>

<P><STRONG><a name="[a8]"></a>FillInStepParameter</STRONG> (Thumb, 1310 bytes, Stack size 24 bytes, gait_generate.o(.text))
<BR><BR>[Stack]<UL><LI>Max Depth = 24<LI>Call Chain = FillInStepParameter
</UL>
<BR>[Calls]<UL><LI><a href="#[98]">&gt;&gt;</a>&nbsp;&nbsp;&nbsp;COS
<LI><a href="#[99]">&gt;&gt;</a>&nbsp;&nbsp;&nbsp;SIN
</UL>
<BR>[Called By]<UL><LI><a href="#[2d]">&gt;&gt;</a>&nbsp;&nbsp;&nbsp;GenerateGaitStep
</UL>

<P><STRONG><a name="[a9]"></a>FillInStepParameterWalkKick</STRONG> (Thumb, 1318 bytes, Stack size 24 bytes, gait_generate.o(.text))
<BR><BR>[Stack]<UL><LI>Max Depth = 24<LI>Call Chain = FillInStepParameterWalkKick
</UL>
<BR>[Calls]<UL><LI><a href="#[98]">&gt;&gt;</a>&nbsp;&nbsp;&nbsp;COS
<LI><a href="#[99]">&gt;&gt;</a>&nbsp;&nbsp;&nbsp;SIN
</UL>
<BR>[Called By]<UL><LI><a href="#[2d]">&gt;&gt;</a>&nbsp;&nbsp;&nbsp;GenerateGaitStep
</UL>

<P><STRONG><a name="[af]"></a>GetArmSwing</STRONG> (Thumb, 188 bytes, Stack size 12 bytes, gait_generate.o(.text))
<BR><BR>[Stack]<UL><LI>Max Depth = 12<LI>Call Chain = GetArmSwing
</UL>
<BR>[Called By]<UL><LI><a href="#[2d]">&gt;&gt;</a>&nbsp;&nbsp;&nbsp;GenerateGaitStep
</UL>

<P><STRONG><a name="[aa]"></a>ChangeFoot</STRONG> (Thumb, 298 bytes, Stack size 8 bytes, gait_generate.o(.text))
<BR><BR>[Stack]<UL><LI>Max Depth = 8<LI>Call Chain = ChangeFoot
</UL>
<BR>[Calls]<UL><LI><a href="#[98]">&gt;&gt;</a>&nbsp;&nbsp;&nbsp;COS
<LI><a href="#[99]">&gt;&gt;</a>&nbsp;&nbsp;&nbsp;SIN
</UL>
<BR>[Called By]<UL><LI><a href="#[2d]">&gt;&gt;</a>&nbsp;&nbsp;&nbsp;GenerateGaitStep
</UL>

<P><STRONG><a name="[ab]"></a>UpdateOdometer</STRONG> (Thumb, 382 bytes, Stack size 24 bytes, gait_generate.o(.text))
<BR><BR>[Stack]<UL><LI>Max Depth = 24<LI>Call Chain = UpdateOdometer
</UL>
<BR>[Calls]<UL><LI><a href="#[98]">&gt;&gt;</a>&nbsp;&nbsp;&nbsp;COS
<LI><a href="#[99]">&gt;&gt;</a>&nbsp;&nbsp;&nbsp;SIN
</UL>
<BR>[Called By]<UL><LI><a href="#[2d]">&gt;&gt;</a>&nbsp;&nbsp;&nbsp;GenerateGaitStep
</UL>

<P><STRONG><a name="[2d]"></a>GenerateGaitStep</STRONG> (Thumb, 4216 bytes, Stack size 64 bytes, gait_generate.o(.text))
<BR><BR>[Stack]<UL><LI>Max Depth = 208<LI>Call Chain = GenerateGaitStep &rArr; GetInverseKine &rArr; FillInHomoMatrixRPYRev
</UL>
<BR>[Calls]<UL><LI><a href="#[a1]">&gt;&gt;</a>&nbsp;&nbsp;&nbsp;OSSemAccept
<LI><a href="#[ab]">&gt;&gt;</a>&nbsp;&nbsp;&nbsp;UpdateOdometer
<LI><a href="#[aa]">&gt;&gt;</a>&nbsp;&nbsp;&nbsp;ChangeFoot
<LI><a href="#[af]">&gt;&gt;</a>&nbsp;&nbsp;&nbsp;GetArmSwing
<LI><a href="#[a9]">&gt;&gt;</a>&nbsp;&nbsp;&nbsp;FillInStepParameterWalkKick
<LI><a href="#[a8]">&gt;&gt;</a>&nbsp;&nbsp;&nbsp;FillInStepParameter
<LI><a href="#[b1]">&gt;&gt;</a>&nbsp;&nbsp;&nbsp;SingleStepControl
<LI><a href="#[a6]">&gt;&gt;</a>&nbsp;&nbsp;&nbsp;WalkingSpeedControl
<LI><a href="#[ac]">&gt;&gt;</a>&nbsp;&nbsp;&nbsp;WalkKickControlStep
<LI><a href="#[ad]">&gt;&gt;</a>&nbsp;&nbsp;&nbsp;ExecuteWalkKick
<LI><a href="#[b0]">&gt;&gt;</a>&nbsp;&nbsp;&nbsp;ModifyToTurnningAngle
<LI><a href="#[a4]">&gt;&gt;</a>&nbsp;&nbsp;&nbsp;AddNewGaitWithPose
<LI><a href="#[a3]">&gt;&gt;</a>&nbsp;&nbsp;&nbsp;WaitUntilQueueLen
<LI><a href="#[a2]">&gt;&gt;</a>&nbsp;&nbsp;&nbsp;AddGaitDataWithPose
<LI><a href="#[9c]">&gt;&gt;</a>&nbsp;&nbsp;&nbsp;GetInverseKine
<LI><a href="#[7e]">&gt;&gt;</a>&nbsp;&nbsp;&nbsp;Read
<LI><a href="#[68]">&gt;&gt;</a>&nbsp;&nbsp;&nbsp;OSSemPend
<LI><a href="#[69]">&gt;&gt;</a>&nbsp;&nbsp;&nbsp;OSMutexPost
<LI><a href="#[67]">&gt;&gt;</a>&nbsp;&nbsp;&nbsp;OSMutexPend
<LI><a href="#[4e]">&gt;&gt;</a>&nbsp;&nbsp;&nbsp;TakeSingleAction
<LI><a href="#[50]">&gt;&gt;</a>&nbsp;&nbsp;&nbsp;Open
<LI><a href="#[47]">&gt;&gt;</a>&nbsp;&nbsp;&nbsp;OSTimeGet
<LI><a href="#[4f]">&gt;&gt;</a>&nbsp;&nbsp;&nbsp;CloseAll
<LI><a href="#[52]">&gt;&gt;</a>&nbsp;&nbsp;&nbsp;Close
<LI><a href="#[4b]">&gt;&gt;</a>&nbsp;&nbsp;&nbsp;ConstructCOMPacket
<LI><a href="#[ae]">&gt;&gt;</a>&nbsp;&nbsp;&nbsp;GetCOMHead
<LI><a href="#[36]">&gt;&gt;</a>&nbsp;&nbsp;&nbsp;SendPacket
<LI><a href="#[56]">&gt;&gt;</a>&nbsp;&nbsp;&nbsp;__aeabi_memclr
<LI><a href="#[7c]">&gt;&gt;</a>&nbsp;&nbsp;&nbsp;__aeabi_memcpy
</UL>
<BR>[Called By]<UL><LI><a href="#[2b]">&gt;&gt;</a>&nbsp;&nbsp;&nbsp;task_gaitgen
</UL>

<P><STRONG><a name="[57]"></a>HandleGaitInst</STRONG> (Thumb, 496 bytes, Stack size 16 bytes, gait_generate.o(.text))
<BR><BR>[Stack]<UL><LI>Max Depth = 60<LI>Call Chain = HandleGaitInst &rArr; OSMutexPost &rArr; OS_EventTaskRdy
</UL>
<BR>[Calls]<UL><LI><a href="#[62]">&gt;&gt;</a>&nbsp;&nbsp;&nbsp;OSSemPost
<LI><a href="#[69]">&gt;&gt;</a>&nbsp;&nbsp;&nbsp;OSMutexPost
<LI><a href="#[67]">&gt;&gt;</a>&nbsp;&nbsp;&nbsp;OSMutexPend
</UL>
<BR>[Called By]<UL><LI><a href="#[35]">&gt;&gt;</a>&nbsp;&nbsp;&nbsp;HandleInstPacket
</UL>

<P><STRONG><a name="[5a]"></a>HandleHeadMoving</STRONG> (Thumb, 360 bytes, Stack size 24 bytes, gait_generate.o(.text))
<BR><BR>[Stack]<UL><LI>Max Depth = 104<LI>Call Chain = HandleHeadMoving &rArr; TakeSingleAction &rArr; SendDXLPacket &rArr; OSSemPend &rArr; OS_Sched
</UL>
<BR>[Calls]<UL><LI><a href="#[4e]">&gt;&gt;</a>&nbsp;&nbsp;&nbsp;TakeSingleAction
</UL>
<BR>[Called By]<UL><LI><a href="#[35]">&gt;&gt;</a>&nbsp;&nbsp;&nbsp;HandleInstPacket
</UL>

<P><STRONG><a name="[54]"></a>ExecuteGaitDirectionExt</STRONG> (Thumb, 62 bytes, Stack size 16 bytes, gait_generate.o(.text))
<BR><BR>[Stack]<UL><LI>Max Depth = 60<LI>Call Chain = ExecuteGaitDirectionExt &rArr; OSMutexPost &rArr; OS_EventTaskRdy
</UL>
<BR>[Calls]<UL><LI><a href="#[62]">&gt;&gt;</a>&nbsp;&nbsp;&nbsp;OSSemPost
<LI><a href="#[69]">&gt;&gt;</a>&nbsp;&nbsp;&nbsp;OSMutexPost
<LI><a href="#[67]">&gt;&gt;</a>&nbsp;&nbsp;&nbsp;OSMutexPend
</UL>
<BR>[Called By]<UL><LI><a href="#[35]">&gt;&gt;</a>&nbsp;&nbsp;&nbsp;HandleInstPacket
</UL>

<P><STRONG><a name="[53]"></a>ExecuteGait</STRONG> (Thumb, 60 bytes, Stack size 16 bytes, gait_generate.o(.text))
<BR><BR>[Stack]<UL><LI>Max Depth = 60<LI>Call Chain = ExecuteGait &rArr; OSMutexPost &rArr; OS_EventTaskRdy
</UL>
<BR>[Calls]<UL><LI><a href="#[62]">&gt;&gt;</a>&nbsp;&nbsp;&nbsp;OSSemPost
<LI><a href="#[69]">&gt;&gt;</a>&nbsp;&nbsp;&nbsp;OSMutexPost
<LI><a href="#[67]">&gt;&gt;</a>&nbsp;&nbsp;&nbsp;OSMutexPend
</UL>
<BR>[Called By]<UL><LI><a href="#[35]">&gt;&gt;</a>&nbsp;&nbsp;&nbsp;HandleInstPacket
</UL>

<P><STRONG><a name="[4d]"></a>SmoothConfiguration</STRONG> (Thumb, 178 bytes, Stack size 24 bytes, gait_generate.o(.text))
<BR><BR>[Stack]<UL><LI>Max Depth = 68<LI>Call Chain = SmoothConfiguration &rArr; OSMutexPost &rArr; OS_EventTaskRdy
</UL>
<BR>[Calls]<UL><LI><a href="#[62]">&gt;&gt;</a>&nbsp;&nbsp;&nbsp;OSSemPost
<LI><a href="#[69]">&gt;&gt;</a>&nbsp;&nbsp;&nbsp;OSMutexPost
<LI><a href="#[67]">&gt;&gt;</a>&nbsp;&nbsp;&nbsp;OSMutexPend
<LI><a href="#[7c]">&gt;&gt;</a>&nbsp;&nbsp;&nbsp;__aeabi_memcpy
</UL>
<BR>[Called By]<UL><LI><a href="#[35]">&gt;&gt;</a>&nbsp;&nbsp;&nbsp;HandleInstPacket
</UL>

<P><STRONG><a name="[4c]"></a>ExecuteConfiguration</STRONG> (Thumb, 112 bytes, Stack size 24 bytes, gait_generate.o(.text))
<BR><BR>[Stack]<UL><LI>Max Depth = 68<LI>Call Chain = ExecuteConfiguration &rArr; OSMutexPost &rArr; OS_EventTaskRdy
</UL>
<BR>[Calls]<UL><LI><a href="#[62]">&gt;&gt;</a>&nbsp;&nbsp;&nbsp;OSSemPost
<LI><a href="#[69]">&gt;&gt;</a>&nbsp;&nbsp;&nbsp;OSMutexPost
<LI><a href="#[67]">&gt;&gt;</a>&nbsp;&nbsp;&nbsp;OSMutexPend
<LI><a href="#[7c]">&gt;&gt;</a>&nbsp;&nbsp;&nbsp;__aeabi_memcpy
</UL>
<BR>[Called By]<UL><LI><a href="#[35]">&gt;&gt;</a>&nbsp;&nbsp;&nbsp;HandleInstPacket
</UL>

<P><STRONG><a name="[58]"></a>HandleOdometer</STRONG> (Thumb, 84 bytes, Stack size 16 bytes, gait_generate.o(.text))
<BR><BR>[Stack]<UL><LI>Max Depth = 60<LI>Call Chain = HandleOdometer &rArr; OSMutexPost &rArr; OS_EventTaskRdy
</UL>
<BR>[Calls]<UL><LI><a href="#[69]">&gt;&gt;</a>&nbsp;&nbsp;&nbsp;OSMutexPost
<LI><a href="#[67]">&gt;&gt;</a>&nbsp;&nbsp;&nbsp;OSMutexPend
</UL>
<BR>[Called By]<UL><LI><a href="#[35]">&gt;&gt;</a>&nbsp;&nbsp;&nbsp;HandleInstPacket
</UL>

<P><STRONG><a name="[b2]"></a>GetNextConfiguration</STRONG> (Thumb, 410 bytes, Stack size 32 bytes, gait_generate.o(.text), UNUSED)
<BR><BR>[Calls]<UL><LI><a href="#[62]">&gt;&gt;</a>&nbsp;&nbsp;&nbsp;OSSemPost
<LI><a href="#[69]">&gt;&gt;</a>&nbsp;&nbsp;&nbsp;OSMutexPost
<LI><a href="#[67]">&gt;&gt;</a>&nbsp;&nbsp;&nbsp;OSMutexPend
<LI><a href="#[56]">&gt;&gt;</a>&nbsp;&nbsp;&nbsp;__aeabi_memclr
</UL>

<P><STRONG><a name="[75]"></a>GetNextConfigurationWithPose</STRONG> (Thumb, 1012 bytes, Stack size 40 bytes, gait_generate.o(.text))
<BR><BR>[Stack]<UL><LI>Max Depth = 84<LI>Call Chain = GetNextConfigurationWithPose &rArr; OSMutexPost &rArr; OS_EventTaskRdy
</UL>
<BR>[Calls]<UL><LI><a href="#[62]">&gt;&gt;</a>&nbsp;&nbsp;&nbsp;OSSemPost
<LI><a href="#[69]">&gt;&gt;</a>&nbsp;&nbsp;&nbsp;OSMutexPost
<LI><a href="#[67]">&gt;&gt;</a>&nbsp;&nbsp;&nbsp;OSMutexPend
<LI><a href="#[56]">&gt;&gt;</a>&nbsp;&nbsp;&nbsp;__aeabi_memclr
</UL>
<BR>[Called By]<UL><LI><a href="#[31]">&gt;&gt;</a>&nbsp;&nbsp;&nbsp;HandleDXLControl
</UL>

<P><STRONG><a name="[b3]"></a>I2C0_IRQHandler</STRONG> (Thumb, 540 bytes, Stack size 8 bytes, i2c_driver.o(.text))
<BR><BR>[Stack]<UL><LI>Max Depth = 44<LI>Call Chain = I2C0_IRQHandler &rArr; OSSemPost &rArr; OS_EventTaskRdy
</UL>
<BR>[Calls]<UL><LI><a href="#[62]">&gt;&gt;</a>&nbsp;&nbsp;&nbsp;OSSemPost
<LI><a href="#[61]">&gt;&gt;</a>&nbsp;&nbsp;&nbsp;OSIntExit
<LI><a href="#[60]">&gt;&gt;</a>&nbsp;&nbsp;&nbsp;OSIntEnter
</UL>
<BR>[Address Reference Count : 1]<UL><LI> i2c_driver.o(.text)
</UL>
<P><STRONG><a name="[3d]"></a>I2CInit</STRONG> (Thumb, 48 bytes, Stack size 8 bytes, i2c_driver.o(.text))
<BR><BR>[Stack]<UL><LI>Max Depth = 40<LI>Call Chain = I2CInit &rArr; zyIsrSet
</UL>
<BR>[Calls]<UL><LI><a href="#[65]">&gt;&gt;</a>&nbsp;&nbsp;&nbsp;zyIsrSet
<LI><a href="#[66]">&gt;&gt;</a>&nbsp;&nbsp;&nbsp;zyIsrEnable
</UL>
<BR>[Called By]<UL><LI><a href="#[1c]">&gt;&gt;</a>&nbsp;&nbsp;&nbsp;main
</UL>

<P><STRONG><a name="[80]"></a>I2C_WriteNByte</STRONG> (Thumb, 138 bytes, Stack size 32 bytes, i2c_driver.o(.text))
<BR><BR>[Stack]<UL><LI>Max Depth = 56<LI>Call Chain = I2C_WriteNByte &rArr; OSSemPend &rArr; OS_Sched
</UL>
<BR>[Calls]<UL><LI><a href="#[68]">&gt;&gt;</a>&nbsp;&nbsp;&nbsp;OSSemPend
</UL>
<BR>[Called By]<UL><LI><a href="#[28]">&gt;&gt;</a>&nbsp;&nbsp;&nbsp;InitSensor
</UL>

<P><STRONG><a name="[8c]"></a>I2C_ReadNByte</STRONG> (Thumb, 146 bytes, Stack size 32 bytes, i2c_driver.o(.text))
<BR><BR>[Stack]<UL><LI>Max Depth = 56<LI>Call Chain = I2C_ReadNByte &rArr; OSSemPend &rArr; OS_Sched
</UL>
<BR>[Calls]<UL><LI><a href="#[68]">&gt;&gt;</a>&nbsp;&nbsp;&nbsp;OSSemPend
</UL>
<BR>[Called By]<UL><LI><a href="#[2a]">&gt;&gt;</a>&nbsp;&nbsp;&nbsp;HandleSensor
</UL>

<P><STRONG><a name="[b4]"></a>Matrix_Multiply</STRONG> (Thumb, 124 bytes, Stack size 48 bytes, matrix.o(.text))
<BR><BR>[Stack]<UL><LI>Max Depth = 64<LI>Call Chain = Matrix_Multiply &rArr; __aeabi_fmul
</UL>
<BR>[Calls]<UL><LI><a href="#[86]">&gt;&gt;</a>&nbsp;&nbsp;&nbsp;__aeabi_fmul
<LI><a href="#[87]">&gt;&gt;</a>&nbsp;&nbsp;&nbsp;__aeabi_fadd
</UL>
<BR>[Called By]<UL><LI><a href="#[92]">&gt;&gt;</a>&nbsp;&nbsp;&nbsp;Matrix_update
</UL>

<P><STRONG><a name="[b5]"></a>constrain</STRONG> (Thumb, 44 bytes, Stack size 24 bytes, realdcm.o(.text))
<BR><BR>[Stack]<UL><LI>Max Depth = 40<LI>Call Chain = constrain &rArr; __aeabi_cfcmple
</UL>
<BR>[Calls]<UL><LI><a href="#[b6]">&gt;&gt;</a>&nbsp;&nbsp;&nbsp;__aeabi_cfrcmple
<LI><a href="#[8a]">&gt;&gt;</a>&nbsp;&nbsp;&nbsp;__aeabi_cfcmple
</UL>
<BR>[Called By]<UL><LI><a href="#[94]">&gt;&gt;</a>&nbsp;&nbsp;&nbsp;Drift_correction
</UL>

<P><STRONG><a name="[93]"></a>Normalize</STRONG> (Thumb, 582 bytes, Stack size 80 bytes, realdcm.o(.text))
<BR><BR>[Stack]<UL><LI>Max Depth = 144<LI>Call Chain = Normalize &rArr; sqrt &rArr; _dsqrt &rArr; __fpl_dnaninf
</UL>
<BR>[Calls]<UL><LI><a href="#[b9]">&gt;&gt;</a>&nbsp;&nbsp;&nbsp;Vector_Scale
<LI><a href="#[b7]">&gt;&gt;</a>&nbsp;&nbsp;&nbsp;Vector_Dot_Product
<LI><a href="#[bb]">&gt;&gt;</a>&nbsp;&nbsp;&nbsp;Vector_Cross_Product
<LI><a href="#[ba]">&gt;&gt;</a>&nbsp;&nbsp;&nbsp;Vector_Add
<LI><a href="#[bc]">&gt;&gt;</a>&nbsp;&nbsp;&nbsp;sqrt
<LI><a href="#[b6]">&gt;&gt;</a>&nbsp;&nbsp;&nbsp;__aeabi_cfrcmple
<LI><a href="#[8a]">&gt;&gt;</a>&nbsp;&nbsp;&nbsp;__aeabi_cfcmple
<LI><a href="#[88]">&gt;&gt;</a>&nbsp;&nbsp;&nbsp;__aeabi_fsub
<LI><a href="#[82]">&gt;&gt;</a>&nbsp;&nbsp;&nbsp;__aeabi_f2d
<LI><a href="#[b8]">&gt;&gt;</a>&nbsp;&nbsp;&nbsp;__aeabi_dmul
<LI><a href="#[bd]">&gt;&gt;</a>&nbsp;&nbsp;&nbsp;__aeabi_ddiv
<LI><a href="#[84]">&gt;&gt;</a>&nbsp;&nbsp;&nbsp;__aeabi_d2f
</UL>
<BR>[Called By]<UL><LI><a href="#[2a]">&gt;&gt;</a>&nbsp;&nbsp;&nbsp;HandleSensor
</UL>

<P><STRONG><a name="[94]"></a>Drift_correction</STRONG> (Thumb, 568 bytes, Stack size 64 bytes, realdcm.o(.text))
<BR><BR>[Stack]<UL><LI>Max Depth = 612<LI>Call Chain = Drift_correction &rArr; sin &rArr; __ieee754_rem_pio2 &rArr; __aeabi_dmul
</UL>
<BR>[Calls]<UL><LI><a href="#[b9]">&gt;&gt;</a>&nbsp;&nbsp;&nbsp;Vector_Scale
<LI><a href="#[b7]">&gt;&gt;</a>&nbsp;&nbsp;&nbsp;Vector_Dot_Product
<LI><a href="#[bb]">&gt;&gt;</a>&nbsp;&nbsp;&nbsp;Vector_Cross_Product
<LI><a href="#[ba]">&gt;&gt;</a>&nbsp;&nbsp;&nbsp;Vector_Add
<LI><a href="#[b5]">&gt;&gt;</a>&nbsp;&nbsp;&nbsp;constrain
<LI><a href="#[bc]">&gt;&gt;</a>&nbsp;&nbsp;&nbsp;sqrt
<LI><a href="#[85]">&gt;&gt;</a>&nbsp;&nbsp;&nbsp;sin
<LI><a href="#[83]">&gt;&gt;</a>&nbsp;&nbsp;&nbsp;cos
<LI><a href="#[86]">&gt;&gt;</a>&nbsp;&nbsp;&nbsp;__aeabi_fmul
<LI><a href="#[90]">&gt;&gt;</a>&nbsp;&nbsp;&nbsp;__aeabi_i2f
<LI><a href="#[96]">&gt;&gt;</a>&nbsp;&nbsp;&nbsp;__aeabi_f2iz
<LI><a href="#[91]">&gt;&gt;</a>&nbsp;&nbsp;&nbsp;__aeabi_fdiv
<LI><a href="#[88]">&gt;&gt;</a>&nbsp;&nbsp;&nbsp;__aeabi_fsub
<LI><a href="#[87]">&gt;&gt;</a>&nbsp;&nbsp;&nbsp;__aeabi_fadd
<LI><a href="#[82]">&gt;&gt;</a>&nbsp;&nbsp;&nbsp;__aeabi_f2d
<LI><a href="#[be]">&gt;&gt;</a>&nbsp;&nbsp;&nbsp;__aeabi_cdrcmple
<LI><a href="#[b8]">&gt;&gt;</a>&nbsp;&nbsp;&nbsp;__aeabi_dmul
<LI><a href="#[bd]">&gt;&gt;</a>&nbsp;&nbsp;&nbsp;__aeabi_ddiv
<LI><a href="#[84]">&gt;&gt;</a>&nbsp;&nbsp;&nbsp;__aeabi_d2f
</UL>
<BR>[Called By]<UL><LI><a href="#[2a]">&gt;&gt;</a>&nbsp;&nbsp;&nbsp;HandleSensor
</UL>

<P><STRONG><a name="[92]"></a>Matrix_update</STRONG> (Thumb, 352 bytes, Stack size 32 bytes, realdcm.o(.text))
<BR><BR>[Stack]<UL><LI>Max Depth = 96<LI>Call Chain = Matrix_update &rArr; Matrix_Multiply &rArr; __aeabi_fmul
</UL>
<BR>[Calls]<UL><LI><a href="#[ba]">&gt;&gt;</a>&nbsp;&nbsp;&nbsp;Vector_Add
<LI><a href="#[b4]">&gt;&gt;</a>&nbsp;&nbsp;&nbsp;Matrix_Multiply
<LI><a href="#[86]">&gt;&gt;</a>&nbsp;&nbsp;&nbsp;__aeabi_fmul
<LI><a href="#[87]">&gt;&gt;</a>&nbsp;&nbsp;&nbsp;__aeabi_fadd
<LI><a href="#[82]">&gt;&gt;</a>&nbsp;&nbsp;&nbsp;__aeabi_f2d
<LI><a href="#[b8]">&gt;&gt;</a>&nbsp;&nbsp;&nbsp;__aeabi_dmul
<LI><a href="#[84]">&gt;&gt;</a>&nbsp;&nbsp;&nbsp;__aeabi_d2f
</UL>
<BR>[Called By]<UL><LI><a href="#[2a]">&gt;&gt;</a>&nbsp;&nbsp;&nbsp;HandleSensor
</UL>

<P><STRONG><a name="[95]"></a>Euler_angles</STRONG> (Thumb, 116 bytes, Stack size 32 bytes, realdcm.o(.text))
<BR><BR>[Stack]<UL><LI>Max Depth = 192<LI>Call Chain = Euler_angles &rArr; asin &rArr; sqrt &rArr; _dsqrt &rArr; __fpl_dnaninf
</UL>
<BR>[Calls]<UL><LI><a href="#[89]">&gt;&gt;</a>&nbsp;&nbsp;&nbsp;atan2
<LI><a href="#[bf]">&gt;&gt;</a>&nbsp;&nbsp;&nbsp;asin
<LI><a href="#[82]">&gt;&gt;</a>&nbsp;&nbsp;&nbsp;__aeabi_f2d
<LI><a href="#[84]">&gt;&gt;</a>&nbsp;&nbsp;&nbsp;__aeabi_d2f
</UL>
<BR>[Called By]<UL><LI><a href="#[2a]">&gt;&gt;</a>&nbsp;&nbsp;&nbsp;HandleSensor
</UL>

<P><STRONG><a name="[b7]"></a>Vector_Dot_Product</STRONG> (Thumb, 50 bytes, Stack size 24 bytes, vector.o(.text))
<BR><BR>[Stack]<UL><LI>Max Depth = 40<LI>Call Chain = Vector_Dot_Product &rArr; __aeabi_fmul
</UL>
<BR>[Calls]<UL><LI><a href="#[86]">&gt;&gt;</a>&nbsp;&nbsp;&nbsp;__aeabi_fmul
<LI><a href="#[87]">&gt;&gt;</a>&nbsp;&nbsp;&nbsp;__aeabi_fadd
</UL>
<BR>[Called By]<UL><LI><a href="#[93]">&gt;&gt;</a>&nbsp;&nbsp;&nbsp;Normalize
<LI><a href="#[94]">&gt;&gt;</a>&nbsp;&nbsp;&nbsp;Drift_correction
</UL>

<P><STRONG><a name="[bb]"></a>Vector_Cross_Product</STRONG> (Thumb, 98 bytes, Stack size 24 bytes, vector.o(.text))
<BR><BR>[Stack]<UL><LI>Max Depth = 40<LI>Call Chain = Vector_Cross_Product &rArr; __aeabi_fmul
</UL>
<BR>[Calls]<UL><LI><a href="#[86]">&gt;&gt;</a>&nbsp;&nbsp;&nbsp;__aeabi_fmul
<LI><a href="#[88]">&gt;&gt;</a>&nbsp;&nbsp;&nbsp;__aeabi_fsub
</UL>
<BR>[Called By]<UL><LI><a href="#[93]">&gt;&gt;</a>&nbsp;&nbsp;&nbsp;Normalize
<LI><a href="#[94]">&gt;&gt;</a>&nbsp;&nbsp;&nbsp;Drift_correction
</UL>

<P><STRONG><a name="[b9]"></a>Vector_Scale</STRONG> (Thumb, 40 bytes, Stack size 24 bytes, vector.o(.text))
<BR><BR>[Stack]<UL><LI>Max Depth = 40<LI>Call Chain = Vector_Scale &rArr; __aeabi_fmul
</UL>
<BR>[Calls]<UL><LI><a href="#[86]">&gt;&gt;</a>&nbsp;&nbsp;&nbsp;__aeabi_fmul
</UL>
<BR>[Called By]<UL><LI><a href="#[93]">&gt;&gt;</a>&nbsp;&nbsp;&nbsp;Normalize
<LI><a href="#[94]">&gt;&gt;</a>&nbsp;&nbsp;&nbsp;Drift_correction
</UL>

<P><STRONG><a name="[ba]"></a>Vector_Add</STRONG> (Thumb, 42 bytes, Stack size 24 bytes, vector.o(.text))
<BR><BR>[Stack]<UL><LI>Max Depth = 40<LI>Call Chain = Vector_Add &rArr; __aeabi_fadd
</UL>
<BR>[Calls]<UL><LI><a href="#[87]">&gt;&gt;</a>&nbsp;&nbsp;&nbsp;__aeabi_fadd
</UL>
<BR>[Called By]<UL><LI><a href="#[93]">&gt;&gt;</a>&nbsp;&nbsp;&nbsp;Normalize
<LI><a href="#[92]">&gt;&gt;</a>&nbsp;&nbsp;&nbsp;Matrix_update
<LI><a href="#[94]">&gt;&gt;</a>&nbsp;&nbsp;&nbsp;Drift_correction
</UL>

<P><STRONG><a name="[38]"></a>pinInit</STRONG> (Thumb, 64 bytes, Stack size 0 bytes, lpc1700pincfg.o(.text))
<BR><BR>[Called By]<UL><LI><a href="#[1c]">&gt;&gt;</a>&nbsp;&nbsp;&nbsp;main
</UL>

<P><STRONG><a name="[39]"></a>pconpInit</STRONG> (Thumb, 8 bytes, Stack size 0 bytes, lpc1700pincfg.o(.text))
<BR><BR>[Called By]<UL><LI><a href="#[1c]">&gt;&gt;</a>&nbsp;&nbsp;&nbsp;main
</UL>

<P><STRONG><a name="[7]"></a>defaultVectorHandle</STRONG> (Thumb, 4 bytes, Stack size 0 bytes, target.o(.text))
<BR>[Address Reference Count : 2]<UL><LI> vector_table.o(.constdata)
<LI> vector_table.o(.data)
</UL>
<P><STRONG><a name="[37]"></a>targetInit</STRONG> (Thumb, 326 bytes, Stack size 8 bytes, target.o(.text))
<BR><BR>[Stack]<UL><LI>Max Depth = 40<LI>Call Chain = targetInit &rArr; zyIsrSet
</UL>
<BR>[Calls]<UL><LI><a href="#[c1]">&gt;&gt;</a>&nbsp;&nbsp;&nbsp;zyIrqEnable
<LI><a href="#[c0]">&gt;&gt;</a>&nbsp;&nbsp;&nbsp;zyIrqDisable
<LI><a href="#[c2]">&gt;&gt;</a>&nbsp;&nbsp;&nbsp;zyIfInit
<LI><a href="#[65]">&gt;&gt;</a>&nbsp;&nbsp;&nbsp;zyIsrSet
</UL>
<BR>[Called By]<UL><LI><a href="#[1c]">&gt;&gt;</a>&nbsp;&nbsp;&nbsp;main
</UL>

<P><STRONG><a name="[c2]"></a>zyIfInit</STRONG> (Thumb, 4 bytes, Stack size 0 bytes, zy_if.o(.text))
<BR><BR>[Called By]<UL><LI><a href="#[37]">&gt;&gt;</a>&nbsp;&nbsp;&nbsp;targetInit
</UL>

<P><STRONG><a name="[17d]"></a>zyReset</STRONG> (Thumb, 50 bytes, Stack size 8 bytes, zy_if.o(.text), UNUSED)

<P><STRONG><a name="[c0]"></a>zyIrqDisable</STRONG> (Thumb, 8 bytes, Stack size 0 bytes, zy_if.o(.text))
<BR><BR>[Called By]<UL><LI><a href="#[cd]">&gt;&gt;</a>&nbsp;&nbsp;&nbsp;zyThreadDel
<LI><a href="#[c8]">&gt;&gt;</a>&nbsp;&nbsp;&nbsp;zyHeapFree
<LI><a href="#[c6]">&gt;&gt;</a>&nbsp;&nbsp;&nbsp;zyHeapMalloc
<LI><a href="#[c5]">&gt;&gt;</a>&nbsp;&nbsp;&nbsp;__s_zyIsrDisable
<LI><a href="#[c4]">&gt;&gt;</a>&nbsp;&nbsp;&nbsp;__s_zyIsrClr
<LI><a href="#[65]">&gt;&gt;</a>&nbsp;&nbsp;&nbsp;zyIsrSet
<LI><a href="#[66]">&gt;&gt;</a>&nbsp;&nbsp;&nbsp;zyIsrEnable
<LI><a href="#[37]">&gt;&gt;</a>&nbsp;&nbsp;&nbsp;targetInit
</UL>

<P><STRONG><a name="[c1]"></a>zyIrqEnable</STRONG> (Thumb, 8 bytes, Stack size 0 bytes, zy_if.o(.text))
<BR><BR>[Called By]<UL><LI><a href="#[cd]">&gt;&gt;</a>&nbsp;&nbsp;&nbsp;zyThreadDel
<LI><a href="#[c8]">&gt;&gt;</a>&nbsp;&nbsp;&nbsp;zyHeapFree
<LI><a href="#[c6]">&gt;&gt;</a>&nbsp;&nbsp;&nbsp;zyHeapMalloc
<LI><a href="#[c5]">&gt;&gt;</a>&nbsp;&nbsp;&nbsp;__s_zyIsrDisable
<LI><a href="#[c4]">&gt;&gt;</a>&nbsp;&nbsp;&nbsp;__s_zyIsrClr
<LI><a href="#[65]">&gt;&gt;</a>&nbsp;&nbsp;&nbsp;zyIsrSet
<LI><a href="#[66]">&gt;&gt;</a>&nbsp;&nbsp;&nbsp;zyIsrEnable
<LI><a href="#[37]">&gt;&gt;</a>&nbsp;&nbsp;&nbsp;targetInit
</UL>

<P><STRONG><a name="[65]"></a>zyIsrSet</STRONG> (Thumb, 176 bytes, Stack size 32 bytes, zy_if.o(.text))
<BR><BR>[Stack]<UL><LI>Max Depth = 32<LI>Call Chain = zyIsrSet
</UL>
<BR>[Calls]<UL><LI><a href="#[c3]">&gt;&gt;</a>&nbsp;&nbsp;&nbsp;changeToUSRMode
<LI><a href="#[c1]">&gt;&gt;</a>&nbsp;&nbsp;&nbsp;zyIrqEnable
<LI><a href="#[c0]">&gt;&gt;</a>&nbsp;&nbsp;&nbsp;zyIrqDisable
</UL>
<BR>[Called By]<UL><LI><a href="#[6f]">&gt;&gt;</a>&nbsp;&nbsp;&nbsp;UART3_Init
<LI><a href="#[64]">&gt;&gt;</a>&nbsp;&nbsp;&nbsp;UART0_Init
<LI><a href="#[37]">&gt;&gt;</a>&nbsp;&nbsp;&nbsp;targetInit
<LI><a href="#[3b]">&gt;&gt;</a>&nbsp;&nbsp;&nbsp;SSP0_init
<LI><a href="#[3d]">&gt;&gt;</a>&nbsp;&nbsp;&nbsp;I2CInit
<LI><a href="#[109]">&gt;&gt;</a>&nbsp;&nbsp;&nbsp;OSStartHighRdy
</UL>

<P><STRONG><a name="[c4]"></a>__s_zyIsrClr</STRONG> (Thumb, 174 bytes, Stack size 24 bytes, zy_if.o(.text), UNUSED)
<BR><BR>[Calls]<UL><LI><a href="#[c3]">&gt;&gt;</a>&nbsp;&nbsp;&nbsp;changeToUSRMode
<LI><a href="#[c1]">&gt;&gt;</a>&nbsp;&nbsp;&nbsp;zyIrqEnable
<LI><a href="#[c0]">&gt;&gt;</a>&nbsp;&nbsp;&nbsp;zyIrqDisable
</UL>

<P><STRONG><a name="[c5]"></a>__s_zyIsrDisable</STRONG> (Thumb, 152 bytes, Stack size 24 bytes, zy_if.o(.text), UNUSED)
<BR><BR>[Calls]<UL><LI><a href="#[c3]">&gt;&gt;</a>&nbsp;&nbsp;&nbsp;changeToUSRMode
<LI><a href="#[c1]">&gt;&gt;</a>&nbsp;&nbsp;&nbsp;zyIrqEnable
<LI><a href="#[c0]">&gt;&gt;</a>&nbsp;&nbsp;&nbsp;zyIrqDisable
</UL>

<P><STRONG><a name="[66]"></a>zyIsrEnable</STRONG> (Thumb, 142 bytes, Stack size 24 bytes, zy_if.o(.text))
<BR><BR>[Stack]<UL><LI>Max Depth = 24<LI>Call Chain = zyIsrEnable
</UL>
<BR>[Calls]<UL><LI><a href="#[c3]">&gt;&gt;</a>&nbsp;&nbsp;&nbsp;changeToUSRMode
<LI><a href="#[c1]">&gt;&gt;</a>&nbsp;&nbsp;&nbsp;zyIrqEnable
<LI><a href="#[c0]">&gt;&gt;</a>&nbsp;&nbsp;&nbsp;zyIrqDisable
</UL>
<BR>[Called By]<UL><LI><a href="#[6f]">&gt;&gt;</a>&nbsp;&nbsp;&nbsp;UART3_Init
<LI><a href="#[64]">&gt;&gt;</a>&nbsp;&nbsp;&nbsp;UART0_Init
<LI><a href="#[3b]">&gt;&gt;</a>&nbsp;&nbsp;&nbsp;SSP0_init
<LI><a href="#[3d]">&gt;&gt;</a>&nbsp;&nbsp;&nbsp;I2CInit
</UL>

<P><STRONG><a name="[c6]"></a>zyHeapMalloc</STRONG> (Thumb, 26 bytes, Stack size 16 bytes, zy_if.o(.text), UNUSED)
<BR><BR>[Calls]<UL><LI><a href="#[c1]">&gt;&gt;</a>&nbsp;&nbsp;&nbsp;zyIrqEnable
<LI><a href="#[c0]">&gt;&gt;</a>&nbsp;&nbsp;&nbsp;zyIrqDisable
<LI><a href="#[c7]">&gt;&gt;</a>&nbsp;&nbsp;&nbsp;malloc
</UL>
<BR>[Called By]<UL><LI><a href="#[da]">&gt;&gt;</a>&nbsp;&nbsp;&nbsp;zyMsgCreate
<LI><a href="#[ca]">&gt;&gt;</a>&nbsp;&nbsp;&nbsp;zyThreadCreate
</UL>

<P><STRONG><a name="[c8]"></a>zyHeapFree</STRONG> (Thumb, 22 bytes, Stack size 8 bytes, zy_if.o(.text), UNUSED)
<BR><BR>[Calls]<UL><LI><a href="#[c1]">&gt;&gt;</a>&nbsp;&nbsp;&nbsp;zyIrqEnable
<LI><a href="#[c0]">&gt;&gt;</a>&nbsp;&nbsp;&nbsp;zyIrqDisable
<LI><a href="#[c9]">&gt;&gt;</a>&nbsp;&nbsp;&nbsp;free
</UL>
<BR>[Called By]<UL><LI><a href="#[dd]">&gt;&gt;</a>&nbsp;&nbsp;&nbsp;zyMsgDel
<LI><a href="#[da]">&gt;&gt;</a>&nbsp;&nbsp;&nbsp;zyMsgCreate
<LI><a href="#[cd]">&gt;&gt;</a>&nbsp;&nbsp;&nbsp;zyThreadDel
</UL>

<P><STRONG><a name="[ca]"></a>zyThreadCreate</STRONG> (Thumb, 72 bytes, Stack size 32 bytes, zy_if.o(.text), UNUSED)
<BR><BR>[Calls]<UL><LI><a href="#[cc]">&gt;&gt;</a>&nbsp;&nbsp;&nbsp;OSSchedUnlock
<LI><a href="#[cb]">&gt;&gt;</a>&nbsp;&nbsp;&nbsp;OSSchedLock
<LI><a href="#[c6]">&gt;&gt;</a>&nbsp;&nbsp;&nbsp;zyHeapMalloc
<LI><a href="#[43]">&gt;&gt;</a>&nbsp;&nbsp;&nbsp;OSTaskCreate
</UL>

<P><STRONG><a name="[ce]"></a>zyThreadGetCurId</STRONG> (Thumb, 6 bytes, Stack size 0 bytes, zy_if.o(.text), UNUSED)
<BR><BR>[Called By]<UL><LI><a href="#[cd]">&gt;&gt;</a>&nbsp;&nbsp;&nbsp;zyThreadDel
</UL>

<P><STRONG><a name="[cd]"></a>zyThreadDel</STRONG> (Thumb, 70 bytes, Stack size 16 bytes, zy_if.o(.text), UNUSED)
<BR><BR>[Calls]<UL><LI><a href="#[23]">&gt;&gt;</a>&nbsp;&nbsp;&nbsp;OSTaskDel
[...]
</UL>

<P><STRONG><a name="[144]"></a>__fpl_dcmp_Inf</STRONG> (Thumb, 24 bytes, Stack size 0 bytes, dcmpi.o(x$fpl$dcmpinf), UNUSED)
<BR><BR>[Called By]<UL><LI><a href="#[143]">&gt;&gt;</a>&nbsp;&nbsp;&nbsp;_dcmple
</UL>

<P><STRONG><a name="[bd]"></a>__aeabi_ddiv</STRONG> (Thumb, 0 bytes, Stack size 32 bytes, ddiv.o(x$fpl$ddiv))
<BR><BR>[Stack]<UL><LI>Max Depth = 32<LI>Call Chain = __aeabi_ddiv
</UL>
<BR>[Called By]<UL><LI><a href="#[93]">&gt;&gt;</a>&nbsp;&nbsp;&nbsp;Normalize
<LI><a href="#[94]">&gt;&gt;</a>&nbsp;&nbsp;&nbsp;Drift_correction
<LI><a href="#[85]">&gt;&gt;</a>&nbsp;&nbsp;&nbsp;sin
<LI><a href="#[83]">&gt;&gt;</a>&nbsp;&nbsp;&nbsp;cos
<LI><a href="#[89]">&gt;&gt;</a>&nbsp;&nbsp;&nbsp;atan2
<LI><a href="#[bf]">&gt;&gt;</a>&nbsp;&nbsp;&nbsp;asin
<LI><a href="#[137]">&gt;&gt;</a>&nbsp;&nbsp;&nbsp;atan
</UL>

<P><STRONG><a name="[141]"></a>_ddiv</STRONG> (Thumb, 552 bytes, Stack size 32 bytes, ddiv.o(x$fpl$ddiv), UNUSED)
<BR><BR>[Calls]<UL><LI><a href="#[13e]">&gt;&gt;</a>&nbsp;&nbsp;&nbsp;__fpl_dretinf
<LI><a href="#[13b]">&gt;&gt;</a>&nbsp;&nbsp;&nbsp;__fpl_dnaninf
</UL>

<P><STRONG><a name="[12d]"></a>__aeabi_d2iz</STRONG> (Thumb, 0 bytes, Stack size 32 bytes, dfix.o(x$fpl$dfix))
<BR><BR>[Stack]<UL><LI>Max Depth = 32<LI>Call Chain = __aeabi_d2iz
</UL>
<BR>[Called By]<UL><LI><a href="#[12b]">&gt;&gt;</a>&nbsp;&nbsp;&nbsp;__ieee754_rem_pio2
<LI><a href="#[132]">&gt;&gt;</a>&nbsp;&nbsp;&nbsp;__kernel_cos
</UL>

<P><STRONG><a name="[142]"></a>_dfix</STRONG> (Thumb, 94 bytes, Stack size 32 bytes, dfix.o(x$fpl$dfix), UNUSED)
<BR><BR>[Calls]<UL><LI><a href="#[13b]">&gt;&gt;</a>&nbsp;&nbsp;&nbsp;__fpl_dnaninf
</UL>

<P><STRONG><a name="[12e]"></a>__aeabi_i2d</STRONG> (Thumb, 0 bytes, Stack size 0 bytes, dflt_clz.o(x$fpl$dflt))
<BR><BR>[Called By]<UL><LI><a href="#[12b]">&gt;&gt;</a>&nbsp;&nbsp;&nbsp;__ieee754_rem_pio2
</UL>

<P><STRONG><a name="[1a9]"></a>_dflt</STRONG> (Thumb, 46 bytes, Stack size 0 bytes, dflt_clz.o(x$fpl$dflt), UNUSED)

<P><STRONG><a name="[130]"></a>__aeabi_ui2d</STRONG> (Thumb, 0 bytes, Stack size 0 bytes, dflt_clz.o(x$fpl$dfltu))
<BR><BR>[Called By]<UL><LI><a href="#[12b]">&gt;&gt;</a>&nbsp;&nbsp;&nbsp;__ieee754_rem_pio2
</UL>

<P><STRONG><a name="[1aa]"></a>_dfltu</STRONG> (Thumb, 38 bytes, Stack size 0 bytes, dflt_clz.o(x$fpl$dfltu), UNUSED)

<P><STRONG><a name="[1ab]"></a>__aeabi_cdcmple</STRONG> (Thumb, 0 bytes, Stack size 32 bytes, dleqf.o(x$fpl$dleqf), UNUSED)

<P><STRONG><a name="[143]"></a>_dcmple</STRONG> (Thumb, 120 bytes, Stack size 32 bytes, dleqf.o(x$fpl$dleqf), UNUSED)
<BR><BR>[Calls]<UL><LI><a href="#[144]">&gt;&gt;</a>&nbsp;&nbsp;&nbsp;__fpl_dcmp_Inf
<LI><a href="#[13b]">&gt;&gt;</a>&nbsp;&nbsp;&nbsp;__fpl_dnaninf
</UL>

<P><STRONG><a name="[147]"></a>__fpl_dcmple_InfNaN</STRONG> (Thumb, 0 bytes, Stack size unknown bytes, dleqf.o(x$fpl$dleqf), UNUSED)
<BR><BR>[Called By]<UL><LI><a href="#[146]">&gt;&gt;</a>&nbsp;&nbsp;&nbsp;_drcmple
</UL>

<P><STRONG><a name="[b8]"></a>__aeabi_dmul</STRONG> (Thumb, 0 bytes, Stack size 32 bytes, dmul.o(x$fpl$dmul))
<BR><BR>[Stack]<UL><LI>Max Depth = 32<LI>Call Chain = __aeabi_dmul
</UL>
<BR>[Called By]<UL><LI><a href="#[93]">&gt;&gt;</a>&nbsp;&nbsp;&nbsp;Normalize
<LI><a href="#[92]">&gt;&gt;</a>&nbsp;&nbsp;&nbsp;Matrix_update
<LI><a href="#[94]">&gt;&gt;</a>&nbsp;&nbsp;&nbsp;Drift_correction
<LI><a href="#[bf]">&gt;&gt;</a>&nbsp;&nbsp;&nbsp;asin
<LI><a href="#[134]">&gt;&gt;</a>&nbsp;&nbsp;&nbsp;__kernel_sin
<LI><a href="#[12b]">&gt;&gt;</a>&nbsp;&nbsp;&nbsp;__ieee754_rem_pio2
<LI><a href="#[133]">&gt;&gt;</a>&nbsp;&nbsp;&nbsp;__kernel_poly
<LI><a href="#[132]">&gt;&gt;</a>&nbsp;&nbsp;&nbsp;__kernel_cos
<LI><a href="#[137]">&gt;&gt;</a>&nbsp;&nbsp;&nbsp;atan
</UL>

<P><STRONG><a name="[145]"></a>_dmul</STRONG> (Thumb, 332 bytes, Stack size 32 bytes, dmul.o(x$fpl$dmul), UNUSED)
<BR><BR>[Calls]<UL><LI><a href="#[13e]">&gt;&gt;</a>&nbsp;&nbsp;&nbsp;__fpl_dretinf
<LI><a href="#[13b]">&gt;&gt;</a>&nbsp;&nbsp;&nbsp;__fpl_dnaninf
</UL>

<P><STRONG><a name="[13b]"></a>__fpl_dnaninf</STRONG> (Thumb, 156 bytes, Stack size 16 bytes, dnaninf.o(x$fpl$dnaninf))
<BR><BR>[Stack]<UL><LI>Max Depth = 16<LI>Call Chain = __fpl_dnaninf
</UL>
<BR>[Called By]<UL><LI><a href="#[145]">&gt;&gt;</a>&nbsp;&nbsp;&nbsp;_dmul
<LI><a href="#[141]">&gt;&gt;</a>&nbsp;&nbsp;&nbsp;_ddiv
<LI><a href="#[14a]">&gt;&gt;</a>&nbsp;&nbsp;&nbsp;_dsub
<LI><a href="#[13c]">&gt;&gt;</a>&nbsp;&nbsp;&nbsp;_dadd
<LI><a href="#[139]">&gt;&gt;</a>&nbsp;&nbsp;&nbsp;_d2f
<LI><a href="#[142]">&gt;&gt;</a>&nbsp;&nbsp;&nbsp;_dfix
<LI><a href="#[138]">&gt;&gt;</a>&nbsp;&nbsp;&nbsp;_dsqrt
<LI><a href="#[143]">&gt;&gt;</a>&nbsp;&nbsp;&nbsp;_dcmple
</UL>

<P><STRONG><a name="[13e]"></a>__fpl_dretinf</STRONG> (Thumb, 12 bytes, Stack size 0 bytes, dretinf.o(x$fpl$dretinf), UNUSED)
<BR><BR>[Called By]<UL><LI><a href="#[14b]">&gt;&gt;</a>&nbsp;&nbsp;&nbsp;_f2d
<LI><a href="#[145]">&gt;&gt;</a>&nbsp;&nbsp;&nbsp;_dmul
<LI><a href="#[141]">&gt;&gt;</a>&nbsp;&nbsp;&nbsp;_ddiv
<LI><a href="#[13c]">&gt;&gt;</a>&nbsp;&nbsp;&nbsp;_dadd
</UL>

<P><STRONG><a name="[be]"></a>__aeabi_cdrcmple</STRONG> (Thumb, 0 bytes, Stack size 16 bytes, drleqf.o(x$fpl$drleqf))
<BR><BR>[Stack]<UL><LI>Max Depth = 16<LI>Call Chain = __aeabi_cdrcmple
</UL>
<BR>[Called By]<UL><LI><a href="#[94]">&gt;&gt;</a>&nbsp;&nbsp;&nbsp;Drift_correction
</UL>

<P><STRONG><a name="[146]"></a>_drcmple</STRONG> (Thumb, 108 bytes, Stack size 16 bytes, drleqf.o(x$fpl$drleqf), UNUSED)
<BR><BR>[Calls]<UL><LI><a href="#[147]">&gt;&gt;</a>&nbsp;&nbsp;&nbsp;__fpl_dcmple_InfNaN
</UL>

<P><STRONG><a name="[12f]"></a>__aeabi_drsub</STRONG> (Thumb, 0 bytes, Stack size 8 bytes, daddsub_clz.o(x$fpl$drsb))
<BR><BR>[Stack]<UL><LI>Max Depth = 8<LI>Call Chain = __aeabi_drsub
</UL>
<BR>[Called By]<UL><LI><a href="#[89]">&gt;&gt;</a>&nbsp;&nbsp;&nbsp;atan2
<LI><a href="#[bf]">&gt;&gt;</a>&nbsp;&nbsp;&nbsp;asin
<LI><a href="#[134]">&gt;&gt;</a>&nbsp;&nbsp;&nbsp;__kernel_sin
<LI><a href="#[12b]">&gt;&gt;</a>&nbsp;&nbsp;&nbsp;__ieee754_rem_pio2
<LI><a href="#[132]">&gt;&gt;</a>&nbsp;&nbsp;&nbsp;__kernel_cos
<LI><a href="#[137]">&gt;&gt;</a>&nbsp;&nbsp;&nbsp;atan
</UL>

<P><STRONG><a name="[148]"></a>_drsb</STRONG> (Thumb, 22 bytes, Stack size 8 bytes, daddsub_clz.o(x$fpl$drsb), UNUSED)
<BR><BR>[Calls]<UL><LI><a href="#[13d]">&gt;&gt;</a>&nbsp;&nbsp;&nbsp;_dsub1
<LI><a href="#[149]">&gt;&gt;</a>&nbsp;&nbsp;&nbsp;_dadd1
</UL>

<P><STRONG><a name="[138]"></a>_dsqrt</STRONG> (Thumb, 456 bytes, Stack size 24 bytes, dsqrt_noumaal.o(x$fpl$dsqrt))
<BR><BR>[Stack]<UL><LI>Max Depth = 40<LI>Call Chain = _dsqrt &rArr; __fpl_dnaninf
</UL>
<BR>[Calls]<UL><LI><a href="#[13b]">&gt;&gt;</a>&nbsp;&nbsp;&nbsp;__fpl_dnaninf
</UL>
<BR>[Called By]<UL><LI><a href="#[bc]">&gt;&gt;</a>&nbsp;&nbsp;&nbsp;sqrt
</UL>

<P><STRONG><a name="[12c]"></a>__aeabi_dsub</STRONG> (Thumb, 0 bytes, Stack size 32 bytes, daddsub_clz.o(x$fpl$dsub))
<BR><BR>[Stack]<UL><LI>Max Depth = 32<LI>Call Chain = __aeabi_dsub
</UL>
<BR>[Called By]<UL><LI><a href="#[89]">&gt;&gt;</a>&nbsp;&nbsp;&nbsp;atan2
<LI><a href="#[bf]">&gt;&gt;</a>&nbsp;&nbsp;&nbsp;asin
<LI><a href="#[134]">&gt;&gt;</a>&nbsp;&nbsp;&nbsp;__kernel_sin
<LI><a href="#[12b]">&gt;&gt;</a>&nbsp;&nbsp;&nbsp;__ieee754_rem_pio2
<LI><a href="#[132]">&gt;&gt;</a>&nbsp;&nbsp;&nbsp;__kernel_cos
<LI><a href="#[137]">&gt;&gt;</a>&nbsp;&nbsp;&nbsp;atan
</UL>

<P><STRONG><a name="[14a]"></a>_dsub</STRONG> (Thumb, 464 bytes, Stack size 32 bytes, daddsub_clz.o(x$fpl$dsub), UNUSED)
<BR><BR>[Calls]<UL><LI><a href="#[149]">&gt;&gt;</a>&nbsp;&nbsp;&nbsp;_dadd1
<LI><a href="#[13b]">&gt;&gt;</a>&nbsp;&nbsp;&nbsp;__fpl_dnaninf
</UL>

<P><STRONG><a name="[82]"></a>__aeabi_f2d</STRONG> (Thumb, 0 bytes, Stack size 16 bytes, f2d.o(x$fpl$f2d))
<BR><BR>[Stack]<UL><LI>Max Depth = 16<LI>Call Chain = __aeabi_f2d
</UL>
<BR>[Called By]<UL><LI><a href="#[93]">&gt;&gt;</a>&nbsp;&nbsp;&nbsp;Normalize
<LI><a href="#[92]">&gt;&gt;</a>&nbsp;&nbsp;&nbsp;Matrix_update
<LI><a href="#[95]">&gt;&gt;</a>&nbsp;&nbsp;&nbsp;Euler_angles
<LI><a href="#[94]">&gt;&gt;</a>&nbsp;&nbsp;&nbsp;Drift_correction
<LI><a href="#[81]">&gt;&gt;</a>&nbsp;&nbsp;&nbsp;Compass_Heading
</UL>

<P><STRONG><a name="[14b]"></a>_f2d</STRONG> (Thumb, 86 bytes, Stack size 16 bytes, f2d.o(x$fpl$f2d), UNUSED)
<BR><BR>[Calls]<UL><LI><a href="#[14c]">&gt;&gt;</a>&nbsp;&nbsp;&nbsp;__fpl_fnaninf
<LI><a href="#[13e]">&gt;&gt;</a>&nbsp;&nbsp;&nbsp;__fpl_dretinf
</UL>

<P><STRONG><a name="[87]"></a>__aeabi_fadd</STRONG> (Thumb, 0 bytes, Stack size 16 bytes, faddsub_clz.o(x$fpl$fadd))
<BR><BR>[Stack]<UL><LI>Max Depth = 16<LI>Call Chain = __aeabi_fadd
</UL>
<BR>[Called By]<UL><LI><a href="#[b7]">&gt;&gt;</a>&nbsp;&nbsp;&nbsp;Vector_Dot_Product
<LI><a href="#[ba]">&gt;&gt;</a>&nbsp;&nbsp;&nbsp;Vector_Add
<LI><a href="#[b4]">&gt;&gt;</a>&nbsp;&nbsp;&nbsp;Matrix_Multiply
<LI><a href="#[92]">&gt;&gt;</a>&nbsp;&nbsp;&nbsp;Matrix_update
<LI><a href="#[94]">&gt;&gt;</a>&nbsp;&nbsp;&nbsp;Drift_correction
<LI><a href="#[81]">&gt;&gt;</a>&nbsp;&nbsp;&nbsp;Compass_Heading
</UL>

<P><STRONG><a name="[14d]"></a>_fadd</STRONG> (Thumb, 196 bytes, Stack size 16 bytes, faddsub_clz.o(x$fpl$fadd), UNUSED)
<BR><BR>[Calls]<UL><LI><a href="#[14e]">&gt;&gt;</a>&nbsp;&nbsp;&nbsp;_fsub1
<LI><a href="#[13a]">&gt;&gt;</a>&nbsp;&nbsp;&nbsp;__fpl_fretinf
<LI><a href="#[14c]">&gt;&gt;</a>&nbsp;&nbsp;&nbsp;__fpl_fnaninf
</UL>

<P><STRONG><a name="[152]"></a>__fpl_fcmp_Inf</STRONG> (Thumb, 24 bytes, Stack size 0 bytes, fcmpi.o(x$fpl$fcmpinf), UNUSED)
<BR><BR>[Called By]<UL><LI><a href="#[151]">&gt;&gt;</a>&nbsp;&nbsp;&nbsp;_fcmple
</UL>

<P><STRONG><a name="[91]"></a>__aeabi_fdiv</STRONG> (Thumb, 0 bytes, Stack size 16 bytes, fdiv.o(x$fpl$fdiv))
<BR><BR>[Stack]<UL><LI>Max Depth = 16<LI>Call Chain = __aeabi_fdiv
</UL>
<BR>[Called By]<UL><LI><a href="#[94]">&gt;&gt;</a>&nbsp;&nbsp;&nbsp;Drift_correction
<LI><a href="#[2a]">&gt;&gt;</a>&nbsp;&nbsp;&nbsp;HandleSensor
</UL>

<P><STRONG><a name="[14f]"></a>_fdiv</STRONG> (Thumb, 384 bytes, Stack size 16 bytes, fdiv.o(x$fpl$fdiv), UNUSED)
<BR><BR>[Calls]<UL><LI><a href="#[13a]">&gt;&gt;</a>&nbsp;&nbsp;&nbsp;__fpl_fretinf
<LI><a href="#[14c]">&gt;&gt;</a>&nbsp;&nbsp;&nbsp;__fpl_fnaninf
</UL>

<P><STRONG><a name="[96]"></a>__aeabi_f2iz</STRONG> (Thumb, 0 bytes, Stack size 16 bytes, ffix.o(x$fpl$ffix))
<BR><BR>[Stack]<UL><LI>Max Depth = 16<LI>Call Chain = __aeabi_f2iz
</UL>
<BR>[Called By]<UL><LI><a href="#[94]">&gt;&gt;</a>&nbsp;&nbsp;&nbsp;Drift_correction
<LI><a href="#[2a]">&gt;&gt;</a>&nbsp;&nbsp;&nbsp;HandleSensor
</UL>

<P><STRONG><a name="[150]"></a>_ffix</STRONG> (Thumb, 54 bytes, Stack size 16 bytes, ffix.o(x$fpl$ffix), UNUSED)
<BR><BR>[Calls]<UL><LI><a href="#[14c]">&gt;&gt;</a>&nbsp;&nbsp;&nbsp;__fpl_fnaninf
</UL>

<P><STRONG><a name="[90]"></a>__aeabi_i2f</STRONG> (Thumb, 0 bytes, Stack size 0 bytes, fflt_clz.o(x$fpl$fflt))
<BR><BR>[Called By]<UL><LI><a href="#[94]">&gt;&gt;</a>&nbsp;&nbsp;&nbsp;Drift_correction
<LI><a href="#[2a]">&gt;&gt;</a>&nbsp;&nbsp;&nbsp;HandleSensor
</UL>

<P><STRONG><a name="[1ac]"></a>_fflt</STRONG> (Thumb, 48 bytes, Stack size 0 bytes, fflt_clz.o(x$fpl$fflt), UNUSED)

<P><STRONG><a name="[8a]"></a>__aeabi_cfcmple</STRONG> (Thumb, 0 bytes, Stack size 16 bytes, fleqf.o(x$fpl$fleqf))
<BR><BR>[Stack]<UL><LI>Max Depth = 16<LI>Call Chain = __aeabi_cfcmple
</UL>
<BR>[Called By]<UL><LI><a href="#[b5]">&gt;&gt;</a>&nbsp;&nbsp;&nbsp;constrain
<LI><a href="#[93]">&gt;&gt;</a>&nbsp;&nbsp;&nbsp;Normalize
<LI><a href="#[81]">&gt;&gt;</a>&nbsp;&nbsp;&nbsp;Compass_Heading
</UL>

<P><STRONG><a name="[151]"></a>_fcmple</STRONG> (Thumb, 104 bytes, Stack size 16 bytes, fleqf.o(x$fpl$fleqf), UNUSED)
<BR><BR>[Calls]<UL><LI><a href="#[14c]">&gt;&gt;</a>&nbsp;&nbsp;&nbsp;__fpl_fnaninf
<LI><a href="#[152]">&gt;&gt;</a>&nbsp;&nbsp;&nbsp;__fpl_fcmp_Inf
</UL>

<P><STRONG><a name="[155]"></a>__fpl_fcmple_InfNaN</STRONG> (Thumb, 0 bytes, Stack size unknown bytes, fleqf.o(x$fpl$fleqf), UNUSED)
<BR><BR>[Called By]<UL><LI><a href="#[154]">&gt;&gt;</a>&nbsp;&nbsp;&nbsp;_frcmple
</UL>

<P><STRONG><a name="[86]"></a>__aeabi_fmul</STRONG> (Thumb, 0 bytes, Stack size 16 bytes, fmul.o(x$fpl$fmul))
<BR><BR>[Stack]<UL><LI>Max Depth = 16<LI>Call Chain = __aeabi_fmul
</UL>
<BR>[Called By]<UL><LI><a href="#[b9]">&gt;&gt;</a>&nbsp;&nbsp;&nbsp;Vector_Scale
<LI><a href="#[b7]">&gt;&gt;</a>&nbsp;&nbsp;&nbsp;Vector_Dot_Product
<LI><a href="#[bb]">&gt;&gt;</a>&nbsp;&nbsp;&nbsp;Vector_Cross_Product
<LI><a href="#[b4]">&gt;&gt;</a>&nbsp;&nbsp;&nbsp;Matrix_Multiply
<LI><a href="#[92]">&gt;&gt;</a>&nbsp;&nbsp;&nbsp;Matrix_update
<LI><a href="#[94]">&gt;&gt;</a>&nbsp;&nbsp;&nbsp;Drift_correction
<LI><a href="#[81]">&gt;&gt;</a>&nbsp;&nbsp;&nbsp;Compass_Heading
<LI><a href="#[2a]">&gt;&gt;</a>&nbsp;&nbsp;&nbsp;HandleSensor
</UL>

<P><STRONG><a name="[153]"></a>_fmul</STRONG> (Thumb, 258 bytes, Stack size 16 bytes, fmul.o(x$fpl$fmul), UNUSED)
<BR><BR>[Calls]<UL><LI><a href="#[13a]">&gt;&gt;</a>&nbsp;&nbsp;&nbsp;__fpl_fretinf
<LI><a href="#[14c]">&gt;&gt;</a>&nbsp;&nbsp;&nbsp;__fpl_fnaninf
</UL>

<P><STRONG><a name="[14c]"></a>__fpl_fnaninf</STRONG> (Thumb, 140 bytes, Stack size 8 bytes, fnaninf.o(x$fpl$fnaninf), UNUSED)
<BR><BR>[Called By]<UL><LI><a href="#[153]">&gt;&gt;</a>&nbsp;&nbsp;&nbsp;_fmul
<LI><a href="#[151]">&gt;&gt;</a>&nbsp;&nbsp;&nbsp;_fcmple
<LI><a href="#[150]">&gt;&gt;</a>&nbsp;&nbsp;&nbsp;_ffix
<LI><a href="#[14f]">&gt;&gt;</a>&nbsp;&nbsp;&nbsp;_fdiv
<LI><a href="#[156]">&gt;&gt;</a>&nbsp;&nbsp;&nbsp;_fsub
<LI><a href="#[14d]">&gt;&gt;</a>&nbsp;&nbsp;&nbsp;_fadd
<LI><a href="#[14b]">&gt;&gt;</a>&nbsp;&nbsp;&nbsp;_f2d
</UL>

<P><STRONG><a name="[13a]"></a>__fpl_fretinf</STRONG> (Thumb, 10 bytes, Stack size 0 bytes, fretinf.o(x$fpl$fretinf), UNUSED)
<BR><BR>[Called By]<UL><LI><a href="#[153]">&gt;&gt;</a>&nbsp;&nbsp;&nbsp;_fmul
<LI><a href="#[14f]">&gt;&gt;</a>&nbsp;&nbsp;&nbsp;_fdiv
<LI><a href="#[14d]">&gt;&gt;</a>&nbsp;&nbsp;&nbsp;_fadd
<LI><a href="#[139]">&gt;&gt;</a>&nbsp;&nbsp;&nbsp;_d2f
</UL>

<P><STRONG><a name="[b6]"></a>__aeabi_cfrcmple</STRONG> (Thumb, 0 bytes, Stack size 0 bytes, frleqf.o(x$fpl$frleqf))
<BR><BR>[Called By]<UL><LI><a href="#[b5]">&gt;&gt;</a>&nbsp;&nbsp;&nbsp;constrain
<LI><a href="#[93]">&gt;&gt;</a>&nbsp;&nbsp;&nbsp;Normalize
</UL>

<P><STRONG><a name="[154]"></a>_frcmple</STRONG> (Thumb, 98 bytes, Stack size 0 bytes, frleqf.o(x$fpl$frleqf), UNUSED)
<BR><BR>[Calls]<UL><LI><a href="#[155]">&gt;&gt;</a>&nbsp;&nbsp;&nbsp;__fpl_fcmple_InfNaN
</UL>

<P><STRONG><a name="[88]"></a>__aeabi_fsub</STRONG> (Thumb, 0 bytes, Stack size 16 bytes, faddsub_clz.o(x$fpl$fsub))
<BR><BR>[Stack]<UL><LI>Max Depth = 16<LI>Call Chain = __aeabi_fsub
</UL>
<BR>[Called By]<UL><LI><a href="#[bb]">&gt;&gt;</a>&nbsp;&nbsp;&nbsp;Vector_Cross_Product
<LI><a href="#[93]">&gt;&gt;</a>&nbsp;&nbsp;&nbsp;Normalize
<LI><a href="#[94]">&gt;&gt;</a>&nbsp;&nbsp;&nbsp;Drift_correction
<LI><a href="#[81]">&gt;&gt;</a>&nbsp;&nbsp;&nbsp;Compass_Heading
</UL>

<P><STRONG><a name="[156]"></a>_fsub</STRONG> (Thumb, 234 bytes, Stack size 16 bytes, faddsub_clz.o(x$fpl$fsub), UNUSED)
<BR><BR>[Calls]<UL><LI><a href="#[157]">&gt;&gt;</a>&nbsp;&nbsp;&nbsp;_fadd1
<LI><a href="#[14c]">&gt;&gt;</a>&nbsp;&nbsp;&nbsp;__fpl_fnaninf
</UL>

<P><STRONG><a name="[140]"></a>__fpl_return_NaN</STRONG> (Thumb, 100 bytes, Stack size 0 bytes, retnan.o(x$fpl$retnan))
<BR><BR>[Calls]<UL><LI><a href="#[158]">&gt;&gt;</a>&nbsp;&nbsp;&nbsp;__fpl_cmpreturn
</UL>
<BR>[Called By]<UL><LI><a href="#[13f]">&gt;&gt;</a>&nbsp;&nbsp;&nbsp;__fpl_dcheck_NaN1
</UL>

<P><STRONG><a name="[131]"></a>__ARM_scalbn</STRONG> (Thumb, 92 bytes, Stack size 0 bytes, scalbn.o(x$fpl$scalbn))
<BR><BR>[Calls]<UL><LI><a href="#[13f]">&gt;&gt;</a>&nbsp;&nbsp;&nbsp;__fpl_dcheck_NaN1
</UL>
<BR>[Called By]<UL><LI><a href="#[85]">&gt;&gt;</a>&nbsp;&nbsp;&nbsp;sin
<LI><a href="#[83]">&gt;&gt;</a>&nbsp;&nbsp;&nbsp;cos
<LI><a href="#[bf]">&gt;&gt;</a>&nbsp;&nbsp;&nbsp;asin
<LI><a href="#[134]">&gt;&gt;</a>&nbsp;&nbsp;&nbsp;__kernel_sin
<LI><a href="#[12b]">&gt;&gt;</a>&nbsp;&nbsp;&nbsp;__ieee754_rem_pio2
<LI><a href="#[136]">&gt;&gt;</a>&nbsp;&nbsp;&nbsp;__mathlib_dbl_underflow
<LI><a href="#[132]">&gt;&gt;</a>&nbsp;&nbsp;&nbsp;__kernel_cos
<LI><a href="#[137]">&gt;&gt;</a>&nbsp;&nbsp;&nbsp;atan
</UL>

<P><STRONG><a name="[158]"></a>__fpl_cmpreturn</STRONG> (Thumb, 48 bytes, Stack size 0 bytes, trapv.o(x$fpl$trapveneer))
<BR><BR>[Called By]<UL><LI><a href="#[140]">&gt;&gt;</a>&nbsp;&nbsp;&nbsp;__fpl_return_NaN
</UL>
<P>
<H3>
Local Symbols
</H3>
<P><STRONG><a name="[fb]"></a>OS_InitTaskStat</STRONG> (Thumb, 44 bytes, Stack size 24 bytes, os_core.o(.text))
<BR><BR>[Stack]<UL><LI>Max Depth = 120<LI>Call Chain = OS_InitTaskStat &rArr; OSTaskCreateExt &rArr; OS_TCBInit
</UL>
<BR>[Calls]<UL><LI><a href="#[f1]">&gt;&gt;</a>&nbsp;&nbsp;&nbsp;OSTaskCreateExt
</UL>
<BR>[Called By]<UL><LI><a href="#[3f]">&gt;&gt;</a>&nbsp;&nbsp;&nbsp;OSInit
</UL>

<P><STRONG><a name="[fe]"></a>OS_InitTaskIdle</STRONG> (Thumb, 44 bytes, Stack size 24 bytes, os_core.o(.text))
<BR><BR>[Stack]<UL><LI>Max Depth = 120<LI>Call Chain = OS_InitTaskIdle &rArr; OSTaskCreateExt &rArr; OS_TCBInit
</UL>
<BR>[Calls]<UL><LI><a href="#[f1]">&gt;&gt;</a>&nbsp;&nbsp;&nbsp;OSTaskCreateExt
</UL>
<BR>[Called By]<UL><LI><a href="#[3f]">&gt;&gt;</a>&nbsp;&nbsp;&nbsp;OSInit
</UL>

<P><STRONG><a name="[103]"></a>OS_InitEventList</STRONG> (Thumb, 44 bytes, Stack size 8 bytes, os_core.o(.text))
<BR><BR>[Stack]<UL><LI>Max Depth = 8<LI>Call Chain = OS_InitEventList
</UL>
<BR>[Called By]<UL><LI><a href="#[3f]">&gt;&gt;</a>&nbsp;&nbsp;&nbsp;OSInit
</UL>

<P><STRONG><a name="[102]"></a>OS_InitTCBList</STRONG> (Thumb, 64 bytes, Stack size 8 bytes, os_core.o(.text))
<BR><BR>[Stack]<UL><LI>Max Depth = 8<LI>Call Chain = OS_InitTCBList
</UL>
<BR>[Called By]<UL><LI><a href="#[3f]">&gt;&gt;</a>&nbsp;&nbsp;&nbsp;OSInit
</UL>

<P><STRONG><a name="[101]"></a>OS_InitRdyList</STRONG> (Thumb, 46 bytes, Stack size 0 bytes, os_core.o(.text))
<BR><BR>[Called By]<UL><LI><a href="#[3f]">&gt;&gt;</a>&nbsp;&nbsp;&nbsp;OSInit
</UL>

<P><STRONG><a name="[100]"></a>OS_InitMisc</STRONG> (Thumb, 44 bytes, Stack size 0 bytes, os_core.o(.text))
<BR><BR>[Called By]<UL><LI><a href="#[3f]">&gt;&gt;</a>&nbsp;&nbsp;&nbsp;OSInit
</UL>

<P><STRONG><a name="[10f]"></a>OS_FlagTaskRdy</STRONG> (Thumb, 90 bytes, Stack size 20 bytes, os_flag.o(.text), UNUSED)
<BR><BR>[Calls]<UL><LI><a href="#[f2]">&gt;&gt;</a>&nbsp;&nbsp;&nbsp;OS_FlagUnlink
</UL>
<BR>[Called By]<UL><LI><a href="#[113]">&gt;&gt;</a>&nbsp;&nbsp;&nbsp;OSFlagPost
<LI><a href="#[110]">&gt;&gt;</a>&nbsp;&nbsp;&nbsp;OSFlagDel
</UL>

<P><STRONG><a name="[112]"></a>OS_FlagBlock</STRONG> (Thumb, 124 bytes, Stack size 20 bytes, os_flag.o(.text), UNUSED)
<BR><BR>[Called By]<UL><LI><a href="#[111]">&gt;&gt;</a>&nbsp;&nbsp;&nbsp;OSFlagPend
</UL>

<P><STRONG><a name="[11b]"></a>_tm_carry</STRONG> (Thumb, 54 bytes, Stack size 12 bytes, mktime.o(.text), UNUSED)
<BR><BR>[Called By]<UL><LI><a href="#[e6]">&gt;&gt;</a>&nbsp;&nbsp;&nbsp;mktime
</UL>

<P><STRONG><a name="[149]"></a>_dadd1</STRONG> (Thumb, 0 bytes, Stack size unknown bytes, daddsub_clz.o(x$fpl$dadd), UNUSED)
<BR><BR>[Called By]<UL><LI><a href="#[14a]">&gt;&gt;</a>&nbsp;&nbsp;&nbsp;_dsub
<LI><a href="#[148]">&gt;&gt;</a>&nbsp;&nbsp;&nbsp;_drsb
</UL>

<P><STRONG><a name="[13d]"></a>_dsub1</STRONG> (Thumb, 0 bytes, Stack size unknown bytes, daddsub_clz.o(x$fpl$dsub), UNUSED)
<BR><BR>[Called By]<UL><LI><a href="#[148]">&gt;&gt;</a>&nbsp;&nbsp;&nbsp;_drsb
<LI><a href="#[13c]">&gt;&gt;</a>&nbsp;&nbsp;&nbsp;_dadd
</UL>

<P><STRONG><a name="[157]"></a>_fadd1</STRONG> (Thumb, 0 bytes, Stack size unknown bytes, faddsub_clz.o(x$fpl$fadd), UNUSED)
<BR><BR>[Called By]<UL><LI><a href="#[156]">&gt;&gt;</a>&nbsp;&nbsp;&nbsp;_fsub
</UL>

<P><STRONG><a name="[14e]"></a>_fsub1</STRONG> (Thumb, 0 bytes, Stack size unknown bytes, faddsub_clz.o(x$fpl$fsub), UNUSED)
<BR><BR>[Called By]<UL><LI><a href="#[14d]">&gt;&gt;</a>&nbsp;&nbsp;&nbsp;_fadd
</UL>
<P>
<H3>
Undefined Global Symbols
</H3><HR></body></html>
